-- The C compiler identification is GNU 11.4.0
-- The CXX compiler identification is GNU 11.4.0
-- Detecting C compiler ABI info
-- Detecting C compiler ABI info - done
-- Check for working C compiler: /usr/bin/cc - skipped
-- Detecting C compile features
-- Detecting C compile features - done
-- Detecting CXX compiler ABI info
-- Detecting CXX compiler ABI info - done
-- Check for working CXX compiler: /usr/bin/c++ - skipped
-- Detecting CXX compile features
-- Detecting CXX compile features - done
-- Found ament_cmake: 1.3.11 (/opt/ros/humble/share/ament_cmake/cmake)
-- Found Python3: /usr/bin/python3 (found version "3.10.12") found components: Interpreter 
-- Override CMake install command with custom implementation using symlinks instead of copying resources
-- Configuring done
-- Generating done
-- Build files have been written to: /home/winicon/redEye/build/robot_launch
-- Install configuration: ""
-- Execute custom install script
-- Symlinking: /home/winicon/redEye/install/robot_launch/share/robot_launch/launch/robot.launch.py
-- Symlinking: /home/winicon/redEye/install/robot_launch/share/ament_index/resource_index/package_run_dependencies/robot_launch
-- Symlinking: /home/winicon/redEye/install/robot_launch/share/ament_index/resource_index/parent_prefix_path/robot_launch
-- Symlinking: /home/winicon/redEye/install/robot_launch/share/robot_launch/environment/ament_prefix_path.sh
-- Symlinking: /home/winicon/redEye/install/robot_launch/share/robot_launch/environment/ament_prefix_path.dsv
-- Symlinking: /home/winicon/redEye/install/robot_launch/share/robot_launch/environment/path.sh
-- Symlinking: /home/winicon/redEye/install/robot_launch/share/robot_launch/environment/path.dsv
-- Symlinking: /home/winicon/redEye/install/robot_launch/share/robot_launch/local_setup.bash
-- Symlinking: /home/winicon/redEye/install/robot_launch/share/robot_launch/local_setup.sh
-- Symlinking: /home/winicon/redEye/install/robot_launch/share/robot_launch/local_setup.zsh
-- Symlinking: /home/winicon/redEye/install/robot_launch/share/robot_launch/local_setup.dsv
-- Symlinking: /home/winicon/redEye/install/robot_launch/share/robot_launch/package.dsv
-- Symlinking: /home/winicon/redEye/install/robot_launch/share/ament_index/resource_index/packages/robot_launch
-- Symlinking: /home/winicon/redEye/install/robot_launch/share/robot_launch/cmake/robot_launchConfig.cmake
-- Symlinking: /home/winicon/redEye/install/robot_launch/share/robot_launch/cmake/robot_launchConfig-version.cmake
-- Symlinking: /home/winicon/redEye/install/robot_launch/share/robot_launch/package.xml
