[0.050s] Invoking command in '/home/winicon/redEye/build/robot_launch': CMAKE_PREFIX_PATH=${CMAKE_PREFIX_PATH}:/home/winicon/redEye/install/robots_nav_contr:/home/winicon/redEye/src/RobotControl_ws/install/robots_navigationController:/home/winicon/redEye/src/RobotControl_ws/install/robots_nav_contr:/opt/ros/humble /usr/bin/cmake /home/winicon/redEye/src/robot_launch -DAMENT_CMAKE_SYMLINK_INSTALL=1 -DCMAKE_INSTALL_PREFIX=/home/winicon/redEye/install/robot_launch
[3.074s] -- The C compiler identification is GNU 11.4.0
[6.143s] -- The CXX compiler identification is GNU 11.4.0
[6.195s] -- Detecting C compiler ABI info
[6.646s] -- Detecting C compiler ABI info - done
[6.675s] -- Check for working C compiler: /usr/bin/cc - skipped
[6.680s] -- Detecting C compile features
[6.683s] -- Detecting C compile features - done
[6.698s] -- Detecting CXX compiler ABI info
[7.137s] -- Detecting CXX compiler ABI info - done
[7.163s] -- Check for working CXX compiler: /usr/bin/c++ - skipped
[7.164s] -- Detecting CXX compile features
[7.166s] -- Detecting CXX compile features - done
[7.201s] -- Found ament_cmake: 1.3.11 (/opt/ros/humble/share/ament_cmake/cmake)
[8.045s] -- Found Python3: /usr/bin/python3 (found version "3.10.12") found components: Interpreter 
[8.401s] -- Override CMake install command with custom implementation using symlinks instead of copying resources
[9.092s] -- Configuring done
[9.110s] -- Generating done
[9.117s] -- Build files have been written to: /home/winicon/redEye/build/robot_launch
[9.131s] Invoked command in '/home/winicon/redEye/build/robot_launch' returned '0': CMAKE_PREFIX_PATH=${CMAKE_PREFIX_PATH}:/home/winicon/redEye/install/robots_nav_contr:/home/winicon/redEye/src/RobotControl_ws/install/robots_navigationController:/home/winicon/redEye/src/RobotControl_ws/install/robots_nav_contr:/opt/ros/humble /usr/bin/cmake /home/winicon/redEye/src/robot_launch -DAMENT_CMAKE_SYMLINK_INSTALL=1 -DCMAKE_INSTALL_PREFIX=/home/winicon/redEye/install/robot_launch
[9.144s] Invoking command in '/home/winicon/redEye/build/robot_launch': CMAKE_PREFIX_PATH=${CMAKE_PREFIX_PATH}:/home/winicon/redEye/install/robots_nav_contr:/home/winicon/redEye/src/RobotControl_ws/install/robots_navigationController:/home/winicon/redEye/src/RobotControl_ws/install/robots_nav_contr:/opt/ros/humble /usr/bin/cmake --build /home/winicon/redEye/build/robot_launch -- -j4 -l4
[9.288s] Invoked command in '/home/winicon/redEye/build/robot_launch' returned '0': CMAKE_PREFIX_PATH=${CMAKE_PREFIX_PATH}:/home/winicon/redEye/install/robots_nav_contr:/home/winicon/redEye/src/RobotControl_ws/install/robots_navigationController:/home/winicon/redEye/src/RobotControl_ws/install/robots_nav_contr:/opt/ros/humble /usr/bin/cmake --build /home/winicon/redEye/build/robot_launch -- -j4 -l4
[9.298s] Invoking command in '/home/winicon/redEye/build/robot_launch': CMAKE_PREFIX_PATH=${CMAKE_PREFIX_PATH}:/home/winicon/redEye/install/robots_nav_contr:/home/winicon/redEye/src/RobotControl_ws/install/robots_navigationController:/home/winicon/redEye/src/RobotControl_ws/install/robots_nav_contr:/opt/ros/humble /usr/bin/cmake --install /home/winicon/redEye/build/robot_launch
[9.326s] -- Install configuration: ""
[9.330s] -- Execute custom install script
[9.334s] -- Symlinking: /home/winicon/redEye/install/robot_launch/share/robot_launch/launch/robot.launch.py
[9.374s] -- Symlinking: /home/winicon/redEye/install/robot_launch/share/ament_index/resource_index/package_run_dependencies/robot_launch
[9.411s] -- Symlinking: /home/winicon/redEye/install/robot_launch/share/ament_index/resource_index/parent_prefix_path/robot_launch
[9.443s] -- Symlinking: /home/winicon/redEye/install/robot_launch/share/robot_launch/environment/ament_prefix_path.sh
[9.474s] -- Symlinking: /home/winicon/redEye/install/robot_launch/share/robot_launch/environment/ament_prefix_path.dsv
[9.507s] -- Symlinking: /home/winicon/redEye/install/robot_launch/share/robot_launch/environment/path.sh
[9.538s] -- Symlinking: /home/winicon/redEye/install/robot_launch/share/robot_launch/environment/path.dsv
[9.570s] -- Symlinking: /home/winicon/redEye/install/robot_launch/share/robot_launch/local_setup.bash
[9.602s] -- Symlinking: /home/winicon/redEye/install/robot_launch/share/robot_launch/local_setup.sh
[9.634s] -- Symlinking: /home/winicon/redEye/install/robot_launch/share/robot_launch/local_setup.zsh
[9.675s] -- Symlinking: /home/winicon/redEye/install/robot_launch/share/robot_launch/local_setup.dsv
[9.711s] -- Symlinking: /home/winicon/redEye/install/robot_launch/share/robot_launch/package.dsv
[9.744s] -- Symlinking: /home/winicon/redEye/install/robot_launch/share/ament_index/resource_index/packages/robot_launch
[9.779s] -- Symlinking: /home/winicon/redEye/install/robot_launch/share/robot_launch/cmake/robot_launchConfig.cmake
[9.810s] -- Symlinking: /home/winicon/redEye/install/robot_launch/share/robot_launch/cmake/robot_launchConfig-version.cmake
[9.843s] -- Symlinking: /home/winicon/redEye/install/robot_launch/share/robot_launch/package.xml
[9.887s] Invoked command in '/home/winicon/redEye/build/robot_launch' returned '0': CMAKE_PREFIX_PATH=${CMAKE_PREFIX_PATH}:/home/winicon/redEye/install/robots_nav_contr:/home/winicon/redEye/src/RobotControl_ws/install/robots_navigationController:/home/winicon/redEye/src/RobotControl_ws/install/robots_nav_contr:/opt/ros/humble /usr/bin/cmake --install /home/winicon/redEye/build/robot_launch
