[0.096s] Invoking command in '/home/winicon/redEye/build/my_bot': CMAKE_PREFIX_PATH=${CMAKE_PREFIX_PATH}:/home/winicon/redEye/src/RobotControl_ws/install/robots_navigationController:/home/winicon/redEye/src/RobotControl_ws/install/robots_nav_contr:/home/winicon/redEye/install/robots_nav_contr:/opt/ros/humble /usr/bin/cmake /home/winicon/redEye/src/my_bot -DCMAKE_INSTALL_PREFIX=/home/winicon/redEye/install/my_bot
[1.107s] -- Found ament_cmake: 1.3.11 (/opt/ros/humble/share/ament_cmake/cmake)
[1.867s] -- Override CMake install command with custom implementation using symlinks instead of copying resources
[1.961s] -- Found ament_lint_auto: 0.12.11 (/opt/ros/humble/share/ament_lint_auto/cmake)
[2.370s] -- Added test 'copyright' to check source files copyright and LICENSE
[2.439s] -- Added test 'flake8' to check Python code syntax and style conventions
[2.448s] -- Added test 'lint_cmake' to check CMake code style
[2.454s] -- Added test 'pep257' to check Python code against some of the docstring style conventions in PEP 257
[2.490s] -- Added test 'xmllint' to check XML markup files
[2.501s] -- Configuring done
[2.555s] -- Generating done
[2.565s] -- Build files have been written to: /home/winicon/redEye/build/my_bot
[2.579s] Invoked command in '/home/winicon/redEye/build/my_bot' returned '0': CMAKE_PREFIX_PATH=${CMAKE_PREFIX_PATH}:/home/winicon/redEye/src/RobotControl_ws/install/robots_navigationController:/home/winicon/redEye/src/RobotControl_ws/install/robots_nav_contr:/home/winicon/redEye/install/robots_nav_contr:/opt/ros/humble /usr/bin/cmake /home/winicon/redEye/src/my_bot -DCMAKE_INSTALL_PREFIX=/home/winicon/redEye/install/my_bot
[2.592s] Invoking command in '/home/winicon/redEye/build/my_bot': CMAKE_PREFIX_PATH=${CMAKE_PREFIX_PATH}:/home/winicon/redEye/src/RobotControl_ws/install/robots_navigationController:/home/winicon/redEye/src/RobotControl_ws/install/robots_nav_contr:/home/winicon/redEye/install/robots_nav_contr:/opt/ros/humble /usr/bin/cmake --build /home/winicon/redEye/build/my_bot -- -j4 -l4
[2.787s] Invoked command in '/home/winicon/redEye/build/my_bot' returned '0': CMAKE_PREFIX_PATH=${CMAKE_PREFIX_PATH}:/home/winicon/redEye/src/RobotControl_ws/install/robots_navigationController:/home/winicon/redEye/src/RobotControl_ws/install/robots_nav_contr:/home/winicon/redEye/install/robots_nav_contr:/opt/ros/humble /usr/bin/cmake --build /home/winicon/redEye/build/my_bot -- -j4 -l4
[2.828s] Invoking command in '/home/winicon/redEye/build/my_bot': CMAKE_PREFIX_PATH=${CMAKE_PREFIX_PATH}:/home/winicon/redEye/src/RobotControl_ws/install/robots_navigationController:/home/winicon/redEye/src/RobotControl_ws/install/robots_nav_contr:/home/winicon/redEye/install/robots_nav_contr:/opt/ros/humble /usr/bin/cmake --install /home/winicon/redEye/build/my_bot
[2.857s] -- Install configuration: ""
[2.859s] -- Execute custom install script
[2.860s] -- Up-to-date symlink: /home/winicon/redEye/install/my_bot/share/my_bot/config/empty.yaml
[2.862s] -- Up-to-date symlink: /home/winicon/redEye/install/my_bot/share/my_bot/config/my_controllers.yaml
[2.864s] -- Up-to-date symlink: /home/winicon/redEye/install/my_bot/share/my_bot/config/rvis_config01.rviz
[2.865s] -- Up-to-date symlink: /home/winicon/redEye/install/my_bot/share/my_bot/config/rviz_config02.rviz
[2.867s] -- Up-to-date symlink: /home/winicon/redEye/install/my_bot/share/my_bot/description/camera.xacro
[2.868s] -- Up-to-date symlink: /home/winicon/redEye/install/my_bot/share/my_bot/description/gazebo_control.xacro
[2.869s] -- Up-to-date symlink: /home/winicon/redEye/install/my_bot/share/my_bot/description/inertial_macros.xacro
[2.870s] -- Up-to-date symlink: /home/winicon/redEye/install/my_bot/share/my_bot/description/lidar.xacro
[2.870s] -- Up-to-date symlink: /home/winicon/redEye/install/my_bot/share/my_bot/description/robot.urdf.xacro
[2.871s] -- Up-to-date symlink: /home/winicon/redEye/install/my_bot/share/my_bot/description/robot_core.xacro
[2.872s] -- Up-to-date symlink: /home/winicon/redEye/install/my_bot/share/my_bot/description/ros2_control.xacro
[2.873s] -- Up-to-date symlink: /home/winicon/redEye/install/my_bot/share/my_bot/launch/launch_sim.launch.py
[2.875s] -- Up-to-date symlink: /home/winicon/redEye/install/my_bot/share/my_bot/launch/rsp.launch.py
[2.876s] -- Up-to-date symlink: /home/winicon/redEye/install/my_bot/share/my_bot/worlds/cafe.world
[2.877s] -- Up-to-date symlink: /home/winicon/redEye/install/my_bot/share/my_bot/worlds/construction.world
[2.878s] -- Up-to-date symlink: /home/winicon/redEye/install/my_bot/share/my_bot/worlds/empty.world
[2.878s] -- Up-to-date symlink: /home/winicon/redEye/install/my_bot/share/my_bot/worlds/robotSpace.world
[2.880s] -- Up-to-date symlink: /home/winicon/redEye/install/my_bot/share/ament_index/resource_index/package_run_dependencies/my_bot
[2.881s] -- Up-to-date symlink: /home/winicon/redEye/install/my_bot/share/ament_index/resource_index/parent_prefix_path/my_bot
[2.882s] -- Up-to-date symlink: /home/winicon/redEye/install/my_bot/share/my_bot/environment/ament_prefix_path.sh
[2.884s] -- Up-to-date symlink: /home/winicon/redEye/install/my_bot/share/my_bot/environment/ament_prefix_path.dsv
[2.884s] -- Up-to-date symlink: /home/winicon/redEye/install/my_bot/share/my_bot/environment/path.sh
[2.886s] -- Up-to-date symlink: /home/winicon/redEye/install/my_bot/share/my_bot/environment/path.dsv
[2.887s] -- Up-to-date symlink: /home/winicon/redEye/install/my_bot/share/my_bot/local_setup.bash
[2.888s] -- Up-to-date symlink: /home/winicon/redEye/install/my_bot/share/my_bot/local_setup.sh
[2.889s] -- Up-to-date symlink: /home/winicon/redEye/install/my_bot/share/my_bot/local_setup.zsh
[2.889s] -- Up-to-date symlink: /home/winicon/redEye/install/my_bot/share/my_bot/local_setup.dsv
[2.894s] -- Symlinking: /home/winicon/redEye/install/my_bot/share/my_bot/package.dsv
[2.924s] -- Up-to-date symlink: /home/winicon/redEye/install/my_bot/share/ament_index/resource_index/packages/my_bot
[2.925s] -- Up-to-date symlink: /home/winicon/redEye/install/my_bot/share/my_bot/cmake/my_botConfig.cmake
[2.926s] -- Up-to-date symlink: /home/winicon/redEye/install/my_bot/share/my_bot/cmake/my_botConfig-version.cmake
[2.927s] -- Up-to-date symlink: /home/winicon/redEye/install/my_bot/share/my_bot/package.xml
[2.934s] Invoked command in '/home/winicon/redEye/build/my_bot' returned '0': CMAKE_PREFIX_PATH=${CMAKE_PREFIX_PATH}:/home/winicon/redEye/src/RobotControl_ws/install/robots_navigationController:/home/winicon/redEye/src/RobotControl_ws/install/robots_nav_contr:/home/winicon/redEye/install/robots_nav_contr:/opt/ros/humble /usr/bin/cmake --install /home/winicon/redEye/build/my_bot
