/home/winicon/redEye/install/robots_nav_contr/lib/python3.10/site-packages/robots_nav_contr/arduinosensorsdata.py
/home/winicon/redEye/install/robots_nav_contr/lib/python3.10/site-packages/robots_nav_contr/redeye_nav_commands_receiver.py
/home/winicon/redEye/install/robots_nav_contr/lib/python3.10/site-packages/robots_nav_contr/nav_commands_receiver.py
/home/winicon/redEye/install/robots_nav_contr/lib/python3.10/site-packages/robots_nav_contr/move.py
/home/winicon/redEye/install/robots_nav_contr/lib/python3.10/site-packages/robots_nav_contr/raspberry_arduinoSerial.py
/home/winicon/redEye/install/robots_nav_contr/lib/python3.10/site-packages/robots_nav_contr/MainRoutine.py
/home/winicon/redEye/install/robots_nav_contr/lib/python3.10/site-packages/robots_nav_contr/keyPressModule.py
/home/winicon/redEye/install/robots_nav_contr/lib/python3.10/site-packages/robots_nav_contr/MainRoutine_bak.py
/home/winicon/redEye/install/robots_nav_contr/lib/python3.10/site-packages/robots_nav_contr/ultra_2.py
/home/winicon/redEye/install/robots_nav_contr/lib/python3.10/site-packages/robots_nav_contr/encoders.py
/home/winicon/redEye/install/robots_nav_contr/lib/python3.10/site-packages/robots_nav_contr/ObjectDetection.py
/home/winicon/redEye/install/robots_nav_contr/lib/python3.10/site-packages/robots_nav_contr/take_picture.py
/home/winicon/redEye/install/robots_nav_contr/lib/python3.10/site-packages/robots_nav_contr/blink.py
/home/winicon/redEye/install/robots_nav_contr/lib/python3.10/site-packages/robots_nav_contr/encoders copy.py
/home/winicon/redEye/install/robots_nav_contr/lib/python3.10/site-packages/robots_nav_contr/RobotMain.py
/home/winicon/redEye/install/robots_nav_contr/lib/python3.10/site-packages/robots_nav_contr/pinsValidation.py
/home/winicon/redEye/install/robots_nav_contr/lib/python3.10/site-packages/robots_nav_contr/gpiochecks.py
/home/winicon/redEye/install/robots_nav_contr/lib/python3.10/site-packages/robots_nav_contr/__init__.py
/home/winicon/redEye/install/robots_nav_contr/lib/python3.10/site-packages/robots_nav_contr/ultra.py
/home/winicon/redEye/install/robots_nav_contr/lib/python3.10/site-packages/robots_nav_contr/findline.py
/home/winicon/redEye/install/robots_nav_contr/lib/python3.10/site-packages/robots_nav_contr/robotsnavcontroller.py
/home/winicon/redEye/install/robots_nav_contr/lib/python3.10/site-packages/robots_nav_contr/__pycache__/arduinosensorsdata.cpython-310.pyc
/home/winicon/redEye/install/robots_nav_contr/lib/python3.10/site-packages/robots_nav_contr/__pycache__/redeye_nav_commands_receiver.cpython-310.pyc
/home/winicon/redEye/install/robots_nav_contr/lib/python3.10/site-packages/robots_nav_contr/__pycache__/nav_commands_receiver.cpython-310.pyc
/home/winicon/redEye/install/robots_nav_contr/lib/python3.10/site-packages/robots_nav_contr/__pycache__/move.cpython-310.pyc
/home/winicon/redEye/install/robots_nav_contr/lib/python3.10/site-packages/robots_nav_contr/__pycache__/raspberry_arduinoSerial.cpython-310.pyc
/home/winicon/redEye/install/robots_nav_contr/lib/python3.10/site-packages/robots_nav_contr/__pycache__/MainRoutine.cpython-310.pyc
/home/winicon/redEye/install/robots_nav_contr/lib/python3.10/site-packages/robots_nav_contr/__pycache__/keyPressModule.cpython-310.pyc
/home/winicon/redEye/install/robots_nav_contr/lib/python3.10/site-packages/robots_nav_contr/__pycache__/MainRoutine_bak.cpython-310.pyc
/home/winicon/redEye/install/robots_nav_contr/lib/python3.10/site-packages/robots_nav_contr/__pycache__/ultra_2.cpython-310.pyc
/home/winicon/redEye/install/robots_nav_contr/lib/python3.10/site-packages/robots_nav_contr/__pycache__/encoders.cpython-310.pyc
/home/winicon/redEye/install/robots_nav_contr/lib/python3.10/site-packages/robots_nav_contr/__pycache__/ObjectDetection.cpython-310.pyc
/home/winicon/redEye/install/robots_nav_contr/lib/python3.10/site-packages/robots_nav_contr/__pycache__/take_picture.cpython-310.pyc
/home/winicon/redEye/install/robots_nav_contr/lib/python3.10/site-packages/robots_nav_contr/__pycache__/blink.cpython-310.pyc
/home/winicon/redEye/install/robots_nav_contr/lib/python3.10/site-packages/robots_nav_contr/__pycache__/encoders copy.cpython-310.pyc
/home/winicon/redEye/install/robots_nav_contr/lib/python3.10/site-packages/robots_nav_contr/__pycache__/RobotMain.cpython-310.pyc
/home/winicon/redEye/install/robots_nav_contr/lib/python3.10/site-packages/robots_nav_contr/__pycache__/pinsValidation.cpython-310.pyc
/home/winicon/redEye/install/robots_nav_contr/lib/python3.10/site-packages/robots_nav_contr/__pycache__/gpiochecks.cpython-310.pyc
/home/winicon/redEye/install/robots_nav_contr/lib/python3.10/site-packages/robots_nav_contr/__pycache__/__init__.cpython-310.pyc
/home/winicon/redEye/install/robots_nav_contr/lib/python3.10/site-packages/robots_nav_contr/__pycache__/ultra.cpython-310.pyc
/home/winicon/redEye/install/robots_nav_contr/lib/python3.10/site-packages/robots_nav_contr/__pycache__/findline.cpython-310.pyc
/home/winicon/redEye/install/robots_nav_contr/lib/python3.10/site-packages/robots_nav_contr/__pycache__/robotsnavcontroller.cpython-310.pyc
/home/winicon/redEye/install/robots_nav_contr/share/ament_index/resource_index/packages/robots_nav_contr
/home/winicon/redEye/install/robots_nav_contr/share/robots_nav_contr/package.xml
/home/winicon/redEye/install/robots_nav_contr/lib/python3.10/site-packages/robots_nav_contr-0.0.0-py3.10.egg-info/SOURCES.txt
/home/winicon/redEye/install/robots_nav_contr/lib/python3.10/site-packages/robots_nav_contr-0.0.0-py3.10.egg-info/top_level.txt
/home/winicon/redEye/install/robots_nav_contr/lib/python3.10/site-packages/robots_nav_contr-0.0.0-py3.10.egg-info/PKG-INFO
/home/winicon/redEye/install/robots_nav_contr/lib/python3.10/site-packages/robots_nav_contr-0.0.0-py3.10.egg-info/zip-safe
/home/winicon/redEye/install/robots_nav_contr/lib/python3.10/site-packages/robots_nav_contr-0.0.0-py3.10.egg-info/requires.txt
/home/winicon/redEye/install/robots_nav_contr/lib/python3.10/site-packages/robots_nav_contr-0.0.0-py3.10.egg-info/entry_points.txt
/home/winicon/redEye/install/robots_nav_contr/lib/python3.10/site-packages/robots_nav_contr-0.0.0-py3.10.egg-info/dependency_links.txt
/home/winicon/redEye/install/robots_nav_contr/lib/robots_nav_contr/redeye_commands
/home/winicon/redEye/install/robots_nav_contr/lib/robots_nav_contr/robot_command_receiver
/home/winicon/redEye/install/robots_nav_contr/lib/robots_nav_contr/robots_nav_controller
/home/winicon/redEye/install/robots_nav_contr/lib/robots_nav_contr/robots_serial_commands
