[3.506s] Invoking command in '/home/winicon/redEye/build/robots_nav_contr': PYTHONPATH=/home/winicon/redEye/build/robots_nav_contr/prefix_override:/usr/lib/python3/dist-packages/colcon_core/task/python/colcon_distutils_commands:/home/winicon/redEye/install/robots_nav_contr/lib/python3.10/site-packages:${PYTHONPATH} /usr/bin/python3 -W ignore:setup.py install is deprecated -W ignore:easy_install command is deprecated setup.py develop --editable --build-directory /home/winicon/redEye/build/robots_nav_contr/build --no-deps symlink_data
[4.829s] running develop
[5.665s] running egg_info
[5.677s] writing robots_nav_contr.egg-info/PKG-INFO
[5.678s] writing dependency_links to robots_nav_contr.egg-info/dependency_links.txt
[5.680s] writing entry points to robots_nav_contr.egg-info/entry_points.txt
[5.682s] writing requirements to robots_nav_contr.egg-info/requires.txt
[5.683s] writing top-level names to robots_nav_contr.egg-info/top_level.txt
[5.695s] reading manifest file 'robots_nav_contr.egg-info/SOURCES.txt'
[5.700s] writing manifest file 'robots_nav_contr.egg-info/SOURCES.txt'
[5.707s] running build_ext
[5.707s] Creating /home/winicon/redEye/install/robots_nav_contr/lib/python3.10/site-packages/robots-nav-contr.egg-link (link to .)
[5.711s] Installing redeye_commands script to /home/winicon/redEye/install/robots_nav_contr/lib/robots_nav_contr
[5.712s] Installing redeye_main script to /home/winicon/redEye/install/robots_nav_contr/lib/robots_nav_contr
[5.713s] Installing robot_command_receiver script to /home/winicon/redEye/install/robots_nav_contr/lib/robots_nav_contr
[5.713s] Installing robots_nav_controller script to /home/winicon/redEye/install/robots_nav_contr/lib/robots_nav_contr
[5.714s] Installing robots_serial_commands script to /home/winicon/redEye/install/robots_nav_contr/lib/robots_nav_contr
[5.716s] 
[5.716s] Installed /home/winicon/redEye/build/robots_nav_contr
[5.716s] running symlink_data
[5.851s] Invoked command in '/home/winicon/redEye/build/robots_nav_contr' returned '0': PYTHONPATH=/home/winicon/redEye/build/robots_nav_contr/prefix_override:/usr/lib/python3/dist-packages/colcon_core/task/python/colcon_distutils_commands:/home/winicon/redEye/install/robots_nav_contr/lib/python3.10/site-packages:${PYTHONPATH} /usr/bin/python3 -W ignore:setup.py install is deprecated -W ignore:easy_install command is deprecated setup.py develop --editable --build-directory /home/winicon/redEye/build/robots_nav_contr/build --no-deps symlink_data
