[0.834s] DEBUG:colcon:Command line arguments: ['/usr/bin/colcon', 'build', '--symlink-install']
[0.834s] DEBUG:colcon:Parsed command line arguments: Namespace(log_base=None, log_level=None, verb_name='build', build_base='build', install_base='install', merge_install=False, symlink_install=True, test_result_base=None, continue_on_error=False, executor='parallel', parallel_workers=4, event_handlers=None, ignore_user_meta=False, metas=['./colcon.meta'], base_paths=['.'], packages_ignore=None, packages_ignore_regex=None, paths=None, packages_up_to=None, packages_up_to_regex=None, packages_above=None, packages_above_and_dependencies=None, packages_above_depth=None, packages_select_by_dep=None, packages_skip_by_dep=None, packages_skip_up_to=None, packages_select_build_failed=False, packages_skip_build_finished=False, packages_select_test_failures=False, packages_skip_test_passed=False, packages_select=None, packages_skip=None, packages_select_regex=None, packages_skip_regex=None, packages_start=None, packages_end=None, allow_overriding=[], cmake_args=None, cmake_target=None, cmake_target_skip_unavailable=False, cmake_clean_cache=False, cmake_clean_first=False, cmake_force_configure=False, ament_cmake_args=None, catkin_cmake_args=None, catkin_skip_building_tests=False, verb_parser=<colcon_defaults.argument_parser.defaults.DefaultArgumentsDecorator object at 0xffff99d9bd60>, verb_extension=<colcon_core.verb.build.BuildVerb object at 0xffff99f7d1b0>, main=<bound method BuildVerb.main of <colcon_core.verb.build.BuildVerb object at 0xffff99f7d1b0>>)
[2.538s] Level 1:colcon.colcon_core.package_discovery:discover_packages(colcon_meta) check parameters
[2.538s] Level 1:colcon.colcon_core.package_discovery:discover_packages(recursive) check parameters
[2.539s] Level 1:colcon.colcon_core.package_discovery:discover_packages(ignore) check parameters
[2.539s] Level 1:colcon.colcon_core.package_discovery:discover_packages(path) check parameters
[2.539s] Level 1:colcon.colcon_core.package_discovery:discover_packages(colcon_meta) discover
[2.540s] Level 1:colcon.colcon_core.package_discovery:discover_packages(recursive) discover
[2.540s] INFO:colcon.colcon_core.package_discovery:Crawling recursively for packages in '/home/winicon/redEye'
[2.541s] Level 1:colcon.colcon_core.package_identification:_identify(.) by extensions ['ignore', 'ignore_ament_install']
[2.541s] Level 1:colcon.colcon_core.package_identification:_identify(.) by extension 'ignore'
[2.541s] Level 1:colcon.colcon_core.package_identification:_identify(.) by extension 'ignore_ament_install'
[2.541s] Level 1:colcon.colcon_core.package_identification:_identify(.) by extensions ['colcon_pkg']
[2.542s] Level 1:colcon.colcon_core.package_identification:_identify(.) by extension 'colcon_pkg'
[2.542s] Level 1:colcon.colcon_core.package_identification:_identify(.) by extensions ['colcon_meta']
[2.542s] Level 1:colcon.colcon_core.package_identification:_identify(.) by extension 'colcon_meta'
[2.542s] Level 1:colcon.colcon_core.package_identification:_identify(.) by extensions ['ros']
[2.542s] Level 1:colcon.colcon_core.package_identification:_identify(.) by extension 'ros'
[2.699s] Level 1:colcon.colcon_core.package_identification:_identify(.) by extensions ['cmake', 'python']
[2.699s] Level 1:colcon.colcon_core.package_identification:_identify(.) by extension 'cmake'
[2.699s] Level 1:colcon.colcon_core.package_identification:_identify(.) by extension 'python'
[2.700s] Level 1:colcon.colcon_core.package_identification:_identify(.) by extensions ['python_setup_py']
[2.700s] Level 1:colcon.colcon_core.package_identification:_identify(.) by extension 'python_setup_py'
[2.700s] Level 1:colcon.colcon_core.package_identification:_identify(build) by extensions ['ignore', 'ignore_ament_install']
[2.701s] Level 1:colcon.colcon_core.package_identification:_identify(build) by extension 'ignore'
[2.701s] Level 1:colcon.colcon_core.package_identification:_identify(build) ignored
[2.702s] Level 1:colcon.colcon_core.package_identification:_identify(install) by extensions ['ignore', 'ignore_ament_install']
[2.702s] Level 1:colcon.colcon_core.package_identification:_identify(install) by extension 'ignore'
[2.702s] Level 1:colcon.colcon_core.package_identification:_identify(install) ignored
[2.703s] Level 1:colcon.colcon_core.package_identification:_identify(log) by extensions ['ignore', 'ignore_ament_install']
[2.703s] Level 1:colcon.colcon_core.package_identification:_identify(log) by extension 'ignore'
[2.703s] Level 1:colcon.colcon_core.package_identification:_identify(log) ignored
[2.704s] Level 1:colcon.colcon_core.package_identification:_identify(sketch_sep01a) by extensions ['ignore', 'ignore_ament_install']
[2.704s] Level 1:colcon.colcon_core.package_identification:_identify(sketch_sep01a) by extension 'ignore'
[2.704s] Level 1:colcon.colcon_core.package_identification:_identify(sketch_sep01a) by extension 'ignore_ament_install'
[2.704s] Level 1:colcon.colcon_core.package_identification:_identify(sketch_sep01a) by extensions ['colcon_pkg']
[2.705s] Level 1:colcon.colcon_core.package_identification:_identify(sketch_sep01a) by extension 'colcon_pkg'
[2.705s] Level 1:colcon.colcon_core.package_identification:_identify(sketch_sep01a) by extensions ['colcon_meta']
[2.705s] Level 1:colcon.colcon_core.package_identification:_identify(sketch_sep01a) by extension 'colcon_meta'
[2.705s] Level 1:colcon.colcon_core.package_identification:_identify(sketch_sep01a) by extensions ['ros']
[2.705s] Level 1:colcon.colcon_core.package_identification:_identify(sketch_sep01a) by extension 'ros'
[2.706s] Level 1:colcon.colcon_core.package_identification:_identify(sketch_sep01a) by extensions ['cmake', 'python']
[2.706s] Level 1:colcon.colcon_core.package_identification:_identify(sketch_sep01a) by extension 'cmake'
[2.706s] Level 1:colcon.colcon_core.package_identification:_identify(sketch_sep01a) by extension 'python'
[2.706s] Level 1:colcon.colcon_core.package_identification:_identify(sketch_sep01a) by extensions ['python_setup_py']
[2.706s] Level 1:colcon.colcon_core.package_identification:_identify(sketch_sep01a) by extension 'python_setup_py'
[2.707s] Level 1:colcon.colcon_core.package_identification:_identify(src) by extensions ['ignore', 'ignore_ament_install']
[2.707s] Level 1:colcon.colcon_core.package_identification:_identify(src) by extension 'ignore'
[2.707s] Level 1:colcon.colcon_core.package_identification:_identify(src) by extension 'ignore_ament_install'
[2.707s] Level 1:colcon.colcon_core.package_identification:_identify(src) by extensions ['colcon_pkg']
[2.708s] Level 1:colcon.colcon_core.package_identification:_identify(src) by extension 'colcon_pkg'
[2.708s] Level 1:colcon.colcon_core.package_identification:_identify(src) by extensions ['colcon_meta']
[2.708s] Level 1:colcon.colcon_core.package_identification:_identify(src) by extension 'colcon_meta'
[2.708s] Level 1:colcon.colcon_core.package_identification:_identify(src) by extensions ['ros']
[2.708s] Level 1:colcon.colcon_core.package_identification:_identify(src) by extension 'ros'
[2.709s] Level 1:colcon.colcon_core.package_identification:_identify(src) by extensions ['cmake', 'python']
[2.709s] Level 1:colcon.colcon_core.package_identification:_identify(src) by extension 'cmake'
[2.709s] Level 1:colcon.colcon_core.package_identification:_identify(src) by extension 'python'
[2.709s] Level 1:colcon.colcon_core.package_identification:_identify(src) by extensions ['python_setup_py']
[2.709s] Level 1:colcon.colcon_core.package_identification:_identify(src) by extension 'python_setup_py'
[2.710s] Level 1:colcon.colcon_core.package_identification:_identify(src/RobotControl_ws) by extensions ['ignore', 'ignore_ament_install']
[2.710s] Level 1:colcon.colcon_core.package_identification:_identify(src/RobotControl_ws) by extension 'ignore'
[2.710s] Level 1:colcon.colcon_core.package_identification:_identify(src/RobotControl_ws) by extension 'ignore_ament_install'
[2.711s] Level 1:colcon.colcon_core.package_identification:_identify(src/RobotControl_ws) by extensions ['colcon_pkg']
[2.711s] Level 1:colcon.colcon_core.package_identification:_identify(src/RobotControl_ws) by extension 'colcon_pkg'
[2.711s] Level 1:colcon.colcon_core.package_identification:_identify(src/RobotControl_ws) by extensions ['colcon_meta']
[2.711s] Level 1:colcon.colcon_core.package_identification:_identify(src/RobotControl_ws) by extension 'colcon_meta'
[2.711s] Level 1:colcon.colcon_core.package_identification:_identify(src/RobotControl_ws) by extensions ['ros']
[2.712s] Level 1:colcon.colcon_core.package_identification:_identify(src/RobotControl_ws) by extension 'ros'
[2.712s] Level 1:colcon.colcon_core.package_identification:_identify(src/RobotControl_ws) by extensions ['cmake', 'python']
[2.712s] Level 1:colcon.colcon_core.package_identification:_identify(src/RobotControl_ws) by extension 'cmake'
[2.712s] Level 1:colcon.colcon_core.package_identification:_identify(src/RobotControl_ws) by extension 'python'
[2.713s] Level 1:colcon.colcon_core.package_identification:_identify(src/RobotControl_ws) by extensions ['python_setup_py']
[2.713s] Level 1:colcon.colcon_core.package_identification:_identify(src/RobotControl_ws) by extension 'python_setup_py'
[2.713s] Level 1:colcon.colcon_core.package_identification:_identify(src/RobotControl_ws/build) by extensions ['ignore', 'ignore_ament_install']
[2.714s] Level 1:colcon.colcon_core.package_identification:_identify(src/RobotControl_ws/build) by extension 'ignore'
[2.714s] Level 1:colcon.colcon_core.package_identification:_identify(src/RobotControl_ws/build) ignored
[2.714s] Level 1:colcon.colcon_core.package_identification:_identify(src/RobotControl_ws/install) by extensions ['ignore', 'ignore_ament_install']
[2.715s] Level 1:colcon.colcon_core.package_identification:_identify(src/RobotControl_ws/install) by extension 'ignore'
[2.715s] Level 1:colcon.colcon_core.package_identification:_identify(src/RobotControl_ws/install) ignored
[2.715s] Level 1:colcon.colcon_core.package_identification:_identify(src/RobotControl_ws/log) by extensions ['ignore', 'ignore_ament_install']
[2.716s] Level 1:colcon.colcon_core.package_identification:_identify(src/RobotControl_ws/log) by extension 'ignore'
[2.716s] Level 1:colcon.colcon_core.package_identification:_identify(src/RobotControl_ws/log) ignored
[2.716s] Level 1:colcon.colcon_core.package_identification:_identify(src/RobotControl_ws/src) by extensions ['ignore', 'ignore_ament_install']
[2.717s] Level 1:colcon.colcon_core.package_identification:_identify(src/RobotControl_ws/src) by extension 'ignore'
[2.717s] Level 1:colcon.colcon_core.package_identification:_identify(src/RobotControl_ws/src) by extension 'ignore_ament_install'
[2.717s] Level 1:colcon.colcon_core.package_identification:_identify(src/RobotControl_ws/src) by extensions ['colcon_pkg']
[2.717s] Level 1:colcon.colcon_core.package_identification:_identify(src/RobotControl_ws/src) by extension 'colcon_pkg'
[2.718s] Level 1:colcon.colcon_core.package_identification:_identify(src/RobotControl_ws/src) by extensions ['colcon_meta']
[2.718s] Level 1:colcon.colcon_core.package_identification:_identify(src/RobotControl_ws/src) by extension 'colcon_meta'
[2.718s] Level 1:colcon.colcon_core.package_identification:_identify(src/RobotControl_ws/src) by extensions ['ros']
[2.718s] Level 1:colcon.colcon_core.package_identification:_identify(src/RobotControl_ws/src) by extension 'ros'
[2.718s] Level 1:colcon.colcon_core.package_identification:_identify(src/RobotControl_ws/src) by extensions ['cmake', 'python']
[2.719s] Level 1:colcon.colcon_core.package_identification:_identify(src/RobotControl_ws/src) by extension 'cmake'
[2.719s] Level 1:colcon.colcon_core.package_identification:_identify(src/RobotControl_ws/src) by extension 'python'
[2.719s] Level 1:colcon.colcon_core.package_identification:_identify(src/RobotControl_ws/src) by extensions ['python_setup_py']
[2.719s] Level 1:colcon.colcon_core.package_identification:_identify(src/RobotControl_ws/src) by extension 'python_setup_py'
[2.720s] Level 1:colcon.colcon_core.package_identification:_identify(src/RobotControl_ws/src/build) by extensions ['ignore', 'ignore_ament_install']
[2.720s] Level 1:colcon.colcon_core.package_identification:_identify(src/RobotControl_ws/src/build) by extension 'ignore'
[2.720s] Level 1:colcon.colcon_core.package_identification:_identify(src/RobotControl_ws/src/build) ignored
[2.721s] Level 1:colcon.colcon_core.package_identification:_identify(src/RobotControl_ws/src/install) by extensions ['ignore', 'ignore_ament_install']
[2.721s] Level 1:colcon.colcon_core.package_identification:_identify(src/RobotControl_ws/src/install) by extension 'ignore'
[2.721s] Level 1:colcon.colcon_core.package_identification:_identify(src/RobotControl_ws/src/install) ignored
[2.722s] Level 1:colcon.colcon_core.package_identification:_identify(src/RobotControl_ws/src/log) by extensions ['ignore', 'ignore_ament_install']
[2.722s] Level 1:colcon.colcon_core.package_identification:_identify(src/RobotControl_ws/src/log) by extension 'ignore'
[2.722s] Level 1:colcon.colcon_core.package_identification:_identify(src/RobotControl_ws/src/log) ignored
[2.723s] Level 1:colcon.colcon_core.package_identification:_identify(src/RobotControl_ws/src/robots_nav_contr) by extensions ['ignore', 'ignore_ament_install']
[2.723s] Level 1:colcon.colcon_core.package_identification:_identify(src/RobotControl_ws/src/robots_nav_contr) by extension 'ignore'
[2.724s] Level 1:colcon.colcon_core.package_identification:_identify(src/RobotControl_ws/src/robots_nav_contr) by extension 'ignore_ament_install'
[2.724s] Level 1:colcon.colcon_core.package_identification:_identify(src/RobotControl_ws/src/robots_nav_contr) by extensions ['colcon_pkg']
[2.724s] Level 1:colcon.colcon_core.package_identification:_identify(src/RobotControl_ws/src/robots_nav_contr) by extension 'colcon_pkg'
[2.724s] Level 1:colcon.colcon_core.package_identification:_identify(src/RobotControl_ws/src/robots_nav_contr) by extensions ['colcon_meta']
[2.724s] Level 1:colcon.colcon_core.package_identification:_identify(src/RobotControl_ws/src/robots_nav_contr) by extension 'colcon_meta'
[2.725s] Level 1:colcon.colcon_core.package_identification:_identify(src/RobotControl_ws/src/robots_nav_contr) by extensions ['ros']
[2.725s] Level 1:colcon.colcon_core.package_identification:_identify(src/RobotControl_ws/src/robots_nav_contr) by extension 'ros'
[2.738s] DEBUG:colcon.colcon_core.package_identification:Package 'src/RobotControl_ws/src/robots_nav_contr' with type 'ros.ament_python' and name 'robots_nav_contr'
[2.739s] Level 1:colcon.colcon_core.package_identification:_identify(src/__pycache__) by extensions ['ignore', 'ignore_ament_install']
[2.740s] Level 1:colcon.colcon_core.package_identification:_identify(src/__pycache__) by extension 'ignore'
[2.740s] Level 1:colcon.colcon_core.package_identification:_identify(src/__pycache__) by extension 'ignore_ament_install'
[2.740s] Level 1:colcon.colcon_core.package_identification:_identify(src/__pycache__) by extensions ['colcon_pkg']
[2.740s] Level 1:colcon.colcon_core.package_identification:_identify(src/__pycache__) by extension 'colcon_pkg'
[2.741s] Level 1:colcon.colcon_core.package_identification:_identify(src/__pycache__) by extensions ['colcon_meta']
[2.741s] Level 1:colcon.colcon_core.package_identification:_identify(src/__pycache__) by extension 'colcon_meta'
[2.741s] Level 1:colcon.colcon_core.package_identification:_identify(src/__pycache__) by extensions ['ros']
[2.741s] Level 1:colcon.colcon_core.package_identification:_identify(src/__pycache__) by extension 'ros'
[2.742s] Level 1:colcon.colcon_core.package_identification:_identify(src/__pycache__) by extensions ['cmake', 'python']
[2.742s] Level 1:colcon.colcon_core.package_identification:_identify(src/__pycache__) by extension 'cmake'
[2.742s] Level 1:colcon.colcon_core.package_identification:_identify(src/__pycache__) by extension 'python'
[2.742s] Level 1:colcon.colcon_core.package_identification:_identify(src/__pycache__) by extensions ['python_setup_py']
[2.743s] Level 1:colcon.colcon_core.package_identification:_identify(src/__pycache__) by extension 'python_setup_py'
[2.743s] Level 1:colcon.colcon_core.package_identification:_identify(src/archive) by extensions ['ignore', 'ignore_ament_install']
[2.744s] Level 1:colcon.colcon_core.package_identification:_identify(src/archive) by extension 'ignore'
[2.744s] Level 1:colcon.colcon_core.package_identification:_identify(src/archive) by extension 'ignore_ament_install'
[2.744s] Level 1:colcon.colcon_core.package_identification:_identify(src/archive) by extensions ['colcon_pkg']
[2.744s] Level 1:colcon.colcon_core.package_identification:_identify(src/archive) by extension 'colcon_pkg'
[2.745s] Level 1:colcon.colcon_core.package_identification:_identify(src/archive) by extensions ['colcon_meta']
[2.745s] Level 1:colcon.colcon_core.package_identification:_identify(src/archive) by extension 'colcon_meta'
[2.745s] Level 1:colcon.colcon_core.package_identification:_identify(src/archive) by extensions ['ros']
[2.745s] Level 1:colcon.colcon_core.package_identification:_identify(src/archive) by extension 'ros'
[2.746s] Level 1:colcon.colcon_core.package_identification:_identify(src/archive) by extensions ['cmake', 'python']
[2.746s] Level 1:colcon.colcon_core.package_identification:_identify(src/archive) by extension 'cmake'
[2.746s] Level 1:colcon.colcon_core.package_identification:_identify(src/archive) by extension 'python'
[2.746s] Level 1:colcon.colcon_core.package_identification:_identify(src/archive) by extensions ['python_setup_py']
[2.746s] Level 1:colcon.colcon_core.package_identification:_identify(src/archive) by extension 'python_setup_py'
[2.747s] Level 1:colcon.colcon_core.package_identification:_identify(src/archive/__pycache__) by extensions ['ignore', 'ignore_ament_install']
[2.747s] Level 1:colcon.colcon_core.package_identification:_identify(src/archive/__pycache__) by extension 'ignore'
[2.747s] Level 1:colcon.colcon_core.package_identification:_identify(src/archive/__pycache__) by extension 'ignore_ament_install'
[2.748s] Level 1:colcon.colcon_core.package_identification:_identify(src/archive/__pycache__) by extensions ['colcon_pkg']
[2.748s] Level 1:colcon.colcon_core.package_identification:_identify(src/archive/__pycache__) by extension 'colcon_pkg'
[2.748s] Level 1:colcon.colcon_core.package_identification:_identify(src/archive/__pycache__) by extensions ['colcon_meta']
[2.748s] Level 1:colcon.colcon_core.package_identification:_identify(src/archive/__pycache__) by extension 'colcon_meta'
[2.748s] Level 1:colcon.colcon_core.package_identification:_identify(src/archive/__pycache__) by extensions ['ros']
[2.748s] Level 1:colcon.colcon_core.package_identification:_identify(src/archive/__pycache__) by extension 'ros'
[2.749s] Level 1:colcon.colcon_core.package_identification:_identify(src/archive/__pycache__) by extensions ['cmake', 'python']
[2.749s] Level 1:colcon.colcon_core.package_identification:_identify(src/archive/__pycache__) by extension 'cmake'
[2.749s] Level 1:colcon.colcon_core.package_identification:_identify(src/archive/__pycache__) by extension 'python'
[2.749s] Level 1:colcon.colcon_core.package_identification:_identify(src/archive/__pycache__) by extensions ['python_setup_py']
[2.750s] Level 1:colcon.colcon_core.package_identification:_identify(src/archive/__pycache__) by extension 'python_setup_py'
[2.750s] Level 1:colcon.colcon_core.package_identification:_identify(src/build) by extensions ['ignore', 'ignore_ament_install']
[2.750s] Level 1:colcon.colcon_core.package_identification:_identify(src/build) by extension 'ignore'
[2.751s] Level 1:colcon.colcon_core.package_identification:_identify(src/build) ignored
[2.751s] Level 1:colcon.colcon_core.package_identification:_identify(src/install) by extensions ['ignore', 'ignore_ament_install']
[2.751s] Level 1:colcon.colcon_core.package_identification:_identify(src/install) by extension 'ignore'
[2.752s] Level 1:colcon.colcon_core.package_identification:_identify(src/install) ignored
[2.752s] Level 1:colcon.colcon_core.package_identification:_identify(src/log) by extensions ['ignore', 'ignore_ament_install']
[2.752s] Level 1:colcon.colcon_core.package_identification:_identify(src/log) by extension 'ignore'
[2.753s] Level 1:colcon.colcon_core.package_identification:_identify(src/log) ignored
[2.753s] Level 1:colcon.colcon_core.package_identification:_identify(src/my_bot) by extensions ['ignore', 'ignore_ament_install']
[2.754s] Level 1:colcon.colcon_core.package_identification:_identify(src/my_bot) by extension 'ignore'
[2.754s] Level 1:colcon.colcon_core.package_identification:_identify(src/my_bot) by extension 'ignore_ament_install'
[2.754s] Level 1:colcon.colcon_core.package_identification:_identify(src/my_bot) by extensions ['colcon_pkg']
[2.754s] Level 1:colcon.colcon_core.package_identification:_identify(src/my_bot) by extension 'colcon_pkg'
[2.754s] Level 1:colcon.colcon_core.package_identification:_identify(src/my_bot) by extensions ['colcon_meta']
[2.755s] Level 1:colcon.colcon_core.package_identification:_identify(src/my_bot) by extension 'colcon_meta'
[2.755s] Level 1:colcon.colcon_core.package_identification:_identify(src/my_bot) by extensions ['ros']
[2.755s] Level 1:colcon.colcon_core.package_identification:_identify(src/my_bot) by extension 'ros'
[2.758s] DEBUG:colcon.colcon_core.package_identification:Package 'src/my_bot' with type 'ros.ament_cmake' and name 'my_bot'
[2.758s] Level 1:colcon.colcon_core.package_discovery:discover_packages(recursive) using defaults
[2.759s] Level 1:colcon.colcon_core.package_discovery:discover_packages(ignore) discover
[2.759s] Level 1:colcon.colcon_core.package_discovery:discover_packages(ignore) using defaults
[2.759s] Level 1:colcon.colcon_core.package_discovery:discover_packages(path) discover
[2.759s] Level 1:colcon.colcon_core.package_discovery:discover_packages(path) using defaults
[2.890s] Level 1:colcon.colcon_core.package_discovery:discover_packages(prefix_path) check parameters
[2.890s] Level 1:colcon.colcon_core.package_discovery:discover_packages(prefix_path) discover
[2.908s] DEBUG:colcon.colcon_installed_package_information.package_discovery:Found 2 installed packages in /home/winicon/redEye/src/RobotControl_ws/install
[2.911s] DEBUG:colcon.colcon_installed_package_information.package_discovery:Found 2 installed packages in /home/winicon/redEye/install
[2.921s] DEBUG:colcon.colcon_installed_package_information.package_discovery:Found 270 installed packages in /opt/ros/humble
[2.961s] Level 1:colcon.colcon_core.package_discovery:discover_packages(prefix_path) using defaults
[3.133s] Level 5:colcon.colcon_core.verb:set package 'my_bot' build argument 'cmake_args' from command line to 'None'
[3.133s] Level 5:colcon.colcon_core.verb:set package 'my_bot' build argument 'cmake_target' from command line to 'None'
[3.133s] Level 5:colcon.colcon_core.verb:set package 'my_bot' build argument 'cmake_target_skip_unavailable' from command line to 'False'
[3.133s] Level 5:colcon.colcon_core.verb:set package 'my_bot' build argument 'cmake_clean_cache' from command line to 'False'
[3.133s] Level 5:colcon.colcon_core.verb:set package 'my_bot' build argument 'cmake_clean_first' from command line to 'False'
[3.134s] Level 5:colcon.colcon_core.verb:set package 'my_bot' build argument 'cmake_force_configure' from command line to 'False'
[3.134s] Level 5:colcon.colcon_core.verb:set package 'my_bot' build argument 'ament_cmake_args' from command line to 'None'
[3.134s] Level 5:colcon.colcon_core.verb:set package 'my_bot' build argument 'catkin_cmake_args' from command line to 'None'
[3.134s] Level 5:colcon.colcon_core.verb:set package 'my_bot' build argument 'catkin_skip_building_tests' from command line to 'False'
[3.134s] DEBUG:colcon.colcon_core.verb:Building package 'my_bot' with the following arguments: {'ament_cmake_args': None, 'build_base': '/home/winicon/redEye/build/my_bot', 'catkin_cmake_args': None, 'catkin_skip_building_tests': False, 'cmake_args': None, 'cmake_clean_cache': False, 'cmake_clean_first': False, 'cmake_force_configure': False, 'cmake_target': None, 'cmake_target_skip_unavailable': False, 'install_base': '/home/winicon/redEye/install/my_bot', 'merge_install': False, 'path': '/home/winicon/redEye/src/my_bot', 'symlink_install': True, 'test_result_base': None}
[3.135s] Level 5:colcon.colcon_core.verb:set package 'robots_nav_contr' build argument 'cmake_args' from command line to 'None'
[3.136s] Level 5:colcon.colcon_core.verb:set package 'robots_nav_contr' build argument 'cmake_target' from command line to 'None'
[3.136s] Level 5:colcon.colcon_core.verb:set package 'robots_nav_contr' build argument 'cmake_target_skip_unavailable' from command line to 'False'
[3.136s] Level 5:colcon.colcon_core.verb:set package 'robots_nav_contr' build argument 'cmake_clean_cache' from command line to 'False'
[3.136s] Level 5:colcon.colcon_core.verb:set package 'robots_nav_contr' build argument 'cmake_clean_first' from command line to 'False'
[3.136s] Level 5:colcon.colcon_core.verb:set package 'robots_nav_contr' build argument 'cmake_force_configure' from command line to 'False'
[3.136s] Level 5:colcon.colcon_core.verb:set package 'robots_nav_contr' build argument 'ament_cmake_args' from command line to 'None'
[3.136s] Level 5:colcon.colcon_core.verb:set package 'robots_nav_contr' build argument 'catkin_cmake_args' from command line to 'None'
[3.136s] Level 5:colcon.colcon_core.verb:set package 'robots_nav_contr' build argument 'catkin_skip_building_tests' from command line to 'False'
[3.137s] DEBUG:colcon.colcon_core.verb:Building package 'robots_nav_contr' with the following arguments: {'ament_cmake_args': None, 'build_base': '/home/winicon/redEye/build/robots_nav_contr', 'catkin_cmake_args': None, 'catkin_skip_building_tests': False, 'cmake_args': None, 'cmake_clean_cache': False, 'cmake_clean_first': False, 'cmake_force_configure': False, 'cmake_target': None, 'cmake_target_skip_unavailable': False, 'install_base': '/home/winicon/redEye/install/robots_nav_contr', 'merge_install': False, 'path': '/home/winicon/redEye/src/RobotControl_ws/src/robots_nav_contr', 'symlink_install': True, 'test_result_base': None}
[3.137s] INFO:colcon.colcon_core.executor:Executing jobs using 'parallel' executor
[3.141s] DEBUG:colcon.colcon_parallel_executor.executor.parallel:run_until_complete
[3.142s] INFO:colcon.colcon_ros.task.ament_cmake.build:Building ROS package in '/home/winicon/redEye/src/my_bot' with build type 'ament_cmake'
[3.142s] INFO:colcon.colcon_cmake.task.cmake.build:Building CMake package in '/home/winicon/redEye/src/my_bot'
[3.162s] INFO:colcon.colcon_core.plugin_system:Skipping extension 'colcon_core.shell.bat': Not used on non-Windows systems
[3.164s] INFO:colcon.colcon_core.shell:Skip shell extension 'powershell' for command environment: Not usable outside of PowerShell
[3.164s] DEBUG:colcon.colcon_core.shell:Skip shell extension 'dsv' for command environment
[3.187s] INFO:colcon.colcon_ros.task.ament_python.build:Building ROS package in '/home/winicon/redEye/src/RobotControl_ws/src/robots_nav_contr' with build type 'ament_python'
[3.188s] Level 1:colcon.colcon_core.shell:create_environment_hook('robots_nav_contr', 'ament_prefix_path')
[3.189s] INFO:colcon.colcon_core.shell:Creating environment hook '/home/winicon/redEye/install/robots_nav_contr/share/robots_nav_contr/hook/ament_prefix_path.ps1'
[3.194s] INFO:colcon.colcon_core.shell:Creating environment descriptor '/home/winicon/redEye/install/robots_nav_contr/share/robots_nav_contr/hook/ament_prefix_path.dsv'
[3.198s] INFO:colcon.colcon_core.shell:Creating environment hook '/home/winicon/redEye/install/robots_nav_contr/share/robots_nav_contr/hook/ament_prefix_path.sh'
[3.203s] INFO:colcon.colcon_core.shell:Skip shell extension 'powershell' for command environment: Not usable outside of PowerShell
[3.203s] DEBUG:colcon.colcon_core.shell:Skip shell extension 'dsv' for command environment
[3.240s] DEBUG:colcon.colcon_core.event_handler.log_command:Invoking command in '/home/winicon/redEye/build/my_bot': CMAKE_PREFIX_PATH=${CMAKE_PREFIX_PATH}:/home/winicon/redEye/src/RobotControl_ws/install/robots_navigationController:/home/winicon/redEye/src/RobotControl_ws/install/robots_nav_contr:/home/winicon/redEye/install/robots_nav_contr:/opt/ros/humble /usr/bin/cmake /home/winicon/redEye/src/my_bot -DAMENT_CMAKE_SYMLINK_INSTALL=1 -DCMAKE_INSTALL_PREFIX=/home/winicon/redEye/install/my_bot
[4.609s] INFO:colcon.colcon_core.task.python.build:Building Python package in '/home/winicon/redEye/src/RobotControl_ws/src/robots_nav_contr'
[4.610s] INFO:colcon.colcon_core.shell:Skip shell extension 'powershell' for command environment: Not usable outside of PowerShell
[4.611s] DEBUG:colcon.colcon_core.shell:Skip shell extension 'dsv' for command environment
[5.819s] DEBUG:colcon.colcon_core.event_handler.log_command:Invoked command in '/home/winicon/redEye/build/my_bot' returned '0': CMAKE_PREFIX_PATH=${CMAKE_PREFIX_PATH}:/home/winicon/redEye/src/RobotControl_ws/install/robots_navigationController:/home/winicon/redEye/src/RobotControl_ws/install/robots_nav_contr:/home/winicon/redEye/install/robots_nav_contr:/opt/ros/humble /usr/bin/cmake /home/winicon/redEye/src/my_bot -DAMENT_CMAKE_SYMLINK_INSTALL=1 -DCMAKE_INSTALL_PREFIX=/home/winicon/redEye/install/my_bot
[5.832s] DEBUG:colcon.colcon_core.event_handler.log_command:Invoking command in '/home/winicon/redEye/build/my_bot': CMAKE_PREFIX_PATH=${CMAKE_PREFIX_PATH}:/home/winicon/redEye/src/RobotControl_ws/install/robots_navigationController:/home/winicon/redEye/src/RobotControl_ws/install/robots_nav_contr:/home/winicon/redEye/install/robots_nav_contr:/opt/ros/humble /usr/bin/cmake --build /home/winicon/redEye/build/my_bot -- -j4 -l4
[6.042s] DEBUG:colcon.colcon_core.event_handler.log_command:Invoked command in '/home/winicon/redEye/build/my_bot' returned '0': CMAKE_PREFIX_PATH=${CMAKE_PREFIX_PATH}:/home/winicon/redEye/src/RobotControl_ws/install/robots_navigationController:/home/winicon/redEye/src/RobotControl_ws/install/robots_nav_contr:/home/winicon/redEye/install/robots_nav_contr:/opt/ros/humble /usr/bin/cmake --build /home/winicon/redEye/build/my_bot -- -j4 -l4
[6.088s] DEBUG:colcon.colcon_core.event_handler.log_command:Invoking command in '/home/winicon/redEye/build/my_bot': CMAKE_PREFIX_PATH=${CMAKE_PREFIX_PATH}:/home/winicon/redEye/src/RobotControl_ws/install/robots_navigationController:/home/winicon/redEye/src/RobotControl_ws/install/robots_nav_contr:/home/winicon/redEye/install/robots_nav_contr:/opt/ros/humble /usr/bin/cmake --install /home/winicon/redEye/build/my_bot
[6.195s] Level 1:colcon.colcon_core.environment:create_environment_scripts_only(my_bot)
[6.197s] DEBUG:colcon.colcon_core.event_handler.log_command:Invoked command in '/home/winicon/redEye/build/my_bot' returned '0': CMAKE_PREFIX_PATH=${CMAKE_PREFIX_PATH}:/home/winicon/redEye/src/RobotControl_ws/install/robots_navigationController:/home/winicon/redEye/src/RobotControl_ws/install/robots_nav_contr:/home/winicon/redEye/install/robots_nav_contr:/opt/ros/humble /usr/bin/cmake --install /home/winicon/redEye/build/my_bot
[6.230s] Level 1:colcon.colcon_core.environment:checking '/home/winicon/redEye/install/my_bot' for CMake module files
[6.235s] Level 1:colcon.colcon_core.environment:checking '/home/winicon/redEye/install/my_bot' for CMake config files
[6.239s] Level 1:colcon.colcon_core.shell:create_environment_hook('my_bot', 'cmake_prefix_path')
[6.241s] INFO:colcon.colcon_core.shell:Creating environment hook '/home/winicon/redEye/install/my_bot/share/my_bot/hook/cmake_prefix_path.ps1'
[6.243s] INFO:colcon.colcon_core.shell:Creating environment descriptor '/home/winicon/redEye/install/my_bot/share/my_bot/hook/cmake_prefix_path.dsv'
[6.245s] INFO:colcon.colcon_core.shell:Creating environment hook '/home/winicon/redEye/install/my_bot/share/my_bot/hook/cmake_prefix_path.sh'
[6.249s] Level 1:colcon.colcon_core.environment:checking '/home/winicon/redEye/install/my_bot/bin'
[6.249s] Level 1:colcon.colcon_core.environment:checking '/home/winicon/redEye/install/my_bot/lib/pkgconfig/my_bot.pc'
[6.250s] Level 1:colcon.colcon_core.environment:checking '/home/winicon/redEye/install/my_bot/lib/python3.10/site-packages'
[6.251s] Level 1:colcon.colcon_core.environment:checking '/home/winicon/redEye/install/my_bot/bin'
[6.252s] INFO:colcon.colcon_core.shell:Creating package script '/home/winicon/redEye/install/my_bot/share/my_bot/package.ps1'
[6.258s] INFO:colcon.colcon_core.shell:Creating package descriptor '/home/winicon/redEye/install/my_bot/share/my_bot/package.dsv'
[6.265s] INFO:colcon.colcon_core.shell:Creating package script '/home/winicon/redEye/install/my_bot/share/my_bot/package.sh'
[6.269s] INFO:colcon.colcon_core.shell:Creating package script '/home/winicon/redEye/install/my_bot/share/my_bot/package.bash'
[6.276s] INFO:colcon.colcon_core.shell:Creating package script '/home/winicon/redEye/install/my_bot/share/my_bot/package.zsh'
[6.283s] Level 1:colcon.colcon_core.environment:create_file_with_runtime_dependencies(/home/winicon/redEye/install/my_bot/share/colcon-core/packages/my_bot)
[6.286s] Level 1:colcon.colcon_core.environment:create_environment_scripts_only(my_bot)
[6.287s] Level 1:colcon.colcon_core.environment:checking '/home/winicon/redEye/install/my_bot' for CMake module files
[6.291s] Level 1:colcon.colcon_core.environment:checking '/home/winicon/redEye/install/my_bot' for CMake config files
[6.294s] Level 1:colcon.colcon_core.shell:create_environment_hook('my_bot', 'cmake_prefix_path')
[6.295s] INFO:colcon.colcon_core.shell:Creating environment hook '/home/winicon/redEye/install/my_bot/share/my_bot/hook/cmake_prefix_path.ps1'
[6.298s] INFO:colcon.colcon_core.shell:Creating environment descriptor '/home/winicon/redEye/install/my_bot/share/my_bot/hook/cmake_prefix_path.dsv'
[6.300s] INFO:colcon.colcon_core.shell:Creating environment hook '/home/winicon/redEye/install/my_bot/share/my_bot/hook/cmake_prefix_path.sh'
[6.303s] Level 1:colcon.colcon_core.environment:checking '/home/winicon/redEye/install/my_bot/bin'
[6.303s] Level 1:colcon.colcon_core.environment:checking '/home/winicon/redEye/install/my_bot/lib/pkgconfig/my_bot.pc'
[6.304s] Level 1:colcon.colcon_core.environment:checking '/home/winicon/redEye/install/my_bot/lib/python3.10/site-packages'
[6.305s] Level 1:colcon.colcon_core.environment:checking '/home/winicon/redEye/install/my_bot/bin'
[6.307s] INFO:colcon.colcon_core.shell:Creating package script '/home/winicon/redEye/install/my_bot/share/my_bot/package.ps1'
[6.309s] INFO:colcon.colcon_core.shell:Creating package descriptor '/home/winicon/redEye/install/my_bot/share/my_bot/package.dsv'
[6.312s] INFO:colcon.colcon_core.shell:Creating package script '/home/winicon/redEye/install/my_bot/share/my_bot/package.sh'
[6.314s] INFO:colcon.colcon_core.shell:Creating package script '/home/winicon/redEye/install/my_bot/share/my_bot/package.bash'
[6.316s] INFO:colcon.colcon_core.shell:Creating package script '/home/winicon/redEye/install/my_bot/share/my_bot/package.zsh'
[6.318s] Level 1:colcon.colcon_core.environment:create_file_with_runtime_dependencies(/home/winicon/redEye/install/my_bot/share/colcon-core/packages/my_bot)
[6.784s] DEBUG:colcon.colcon_core.task.python.build:While undoing a previous installation files outside the Python library path are being ignored: /home/winicon/redEye/install/robots_nav_contr/share/ament_index/resource_index/packages/robots_nav_contr
[6.785s] DEBUG:colcon.colcon_core.task.python.build:While undoing a previous installation files outside the Python library path are being ignored: /home/winicon/redEye/install/robots_nav_contr/share/robots_nav_contr/package.xml
[6.786s] DEBUG:colcon.colcon_core.task.python.build:While undoing a previous installation files outside the Python library path are being ignored: /home/winicon/redEye/install/robots_nav_contr/lib/robots_nav_contr/redeye_commands
[6.786s] DEBUG:colcon.colcon_core.task.python.build:While undoing a previous installation files outside the Python library path are being ignored: /home/winicon/redEye/install/robots_nav_contr/lib/robots_nav_contr/robot_command_receiver
[6.787s] DEBUG:colcon.colcon_core.task.python.build:While undoing a previous installation files outside the Python library path are being ignored: /home/winicon/redEye/install/robots_nav_contr/lib/robots_nav_contr/robots_nav_controller
[6.787s] DEBUG:colcon.colcon_core.task.python.build:While undoing a previous installation files outside the Python library path are being ignored: /home/winicon/redEye/install/robots_nav_contr/lib/robots_nav_contr/robots_serial_commands
[6.799s] DEBUG:colcon.colcon_core.event_handler.log_command:Invoking command in '/home/winicon/redEye/build/robots_nav_contr': PYTHONPATH=/home/winicon/redEye/build/robots_nav_contr/prefix_override:/usr/lib/python3/dist-packages/colcon_core/task/python/colcon_distutils_commands:/home/winicon/redEye/install/robots_nav_contr/lib/python3.10/site-packages:${PYTHONPATH} /usr/bin/python3 -W ignore:setup.py install is deprecated -W ignore:easy_install command is deprecated setup.py develop --editable --build-directory /home/winicon/redEye/build/robots_nav_contr/build --no-deps symlink_data --force
[9.019s] Level 1:colcon.colcon_core.shell:create_environment_hook('robots_nav_contr', 'pythonpath_develop')
[9.020s] INFO:colcon.colcon_core.shell:Creating environment hook '/home/winicon/redEye/build/robots_nav_contr/share/robots_nav_contr/hook/pythonpath_develop.ps1'
[9.022s] DEBUG:colcon.colcon_core.event_handler.log_command:Invoked command in '/home/winicon/redEye/build/robots_nav_contr' returned '0': PYTHONPATH=/home/winicon/redEye/build/robots_nav_contr/prefix_override:/usr/lib/python3/dist-packages/colcon_core/task/python/colcon_distutils_commands:/home/winicon/redEye/install/robots_nav_contr/lib/python3.10/site-packages:${PYTHONPATH} /usr/bin/python3 -W ignore:setup.py install is deprecated -W ignore:easy_install command is deprecated setup.py develop --editable --build-directory /home/winicon/redEye/build/robots_nav_contr/build --no-deps symlink_data --force
[9.024s] INFO:colcon.colcon_core.shell:Creating environment descriptor '/home/winicon/redEye/build/robots_nav_contr/share/robots_nav_contr/hook/pythonpath_develop.dsv'
[9.026s] INFO:colcon.colcon_core.shell:Creating environment hook '/home/winicon/redEye/build/robots_nav_contr/share/robots_nav_contr/hook/pythonpath_develop.sh'
[9.029s] Level 1:colcon.colcon_core.environment:checking '/home/winicon/redEye/install/robots_nav_contr' for CMake module files
[9.032s] Level 1:colcon.colcon_core.environment:checking '/home/winicon/redEye/install/robots_nav_contr' for CMake config files
[9.035s] Level 1:colcon.colcon_core.environment:checking '/home/winicon/redEye/install/robots_nav_contr/lib'
[9.036s] Level 1:colcon.colcon_core.environment:checking '/home/winicon/redEye/install/robots_nav_contr/bin'
[9.036s] Level 1:colcon.colcon_core.environment:checking '/home/winicon/redEye/install/robots_nav_contr/lib/pkgconfig/robots_nav_contr.pc'
[9.037s] Level 1:colcon.colcon_core.environment:checking '/home/winicon/redEye/install/robots_nav_contr/lib/python3.10/site-packages'
[9.037s] Level 1:colcon.colcon_core.shell:create_environment_hook('robots_nav_contr', 'pythonpath')
[9.038s] INFO:colcon.colcon_core.shell:Creating environment hook '/home/winicon/redEye/install/robots_nav_contr/share/robots_nav_contr/hook/pythonpath.ps1'
[9.041s] INFO:colcon.colcon_core.shell:Creating environment descriptor '/home/winicon/redEye/install/robots_nav_contr/share/robots_nav_contr/hook/pythonpath.dsv'
[9.043s] INFO:colcon.colcon_core.shell:Creating environment hook '/home/winicon/redEye/install/robots_nav_contr/share/robots_nav_contr/hook/pythonpath.sh'
[9.047s] Level 1:colcon.colcon_core.environment:checking '/home/winicon/redEye/install/robots_nav_contr/bin'
[9.047s] Level 1:colcon.colcon_core.environment:create_environment_scripts_only(robots_nav_contr)
[9.049s] INFO:colcon.colcon_core.shell:Creating package script '/home/winicon/redEye/install/robots_nav_contr/share/robots_nav_contr/package.ps1'
[9.053s] INFO:colcon.colcon_core.shell:Creating package descriptor '/home/winicon/redEye/install/robots_nav_contr/share/robots_nav_contr/package.dsv'
[9.057s] INFO:colcon.colcon_core.shell:Creating package script '/home/winicon/redEye/install/robots_nav_contr/share/robots_nav_contr/package.sh'
[9.060s] INFO:colcon.colcon_core.shell:Creating package script '/home/winicon/redEye/install/robots_nav_contr/share/robots_nav_contr/package.bash'
[9.063s] INFO:colcon.colcon_core.shell:Creating package script '/home/winicon/redEye/install/robots_nav_contr/share/robots_nav_contr/package.zsh'
[9.066s] Level 1:colcon.colcon_core.environment:create_file_with_runtime_dependencies(/home/winicon/redEye/install/robots_nav_contr/share/colcon-core/packages/robots_nav_contr)
[9.067s] DEBUG:colcon.colcon_parallel_executor.executor.parallel:closing loop
[9.069s] DEBUG:colcon.colcon_parallel_executor.executor.parallel:loop closed
[9.070s] DEBUG:colcon.colcon_parallel_executor.executor.parallel:run_until_complete finished with '0'
[9.070s] DEBUG:colcon.colcon_core.event_reactor:joining thread
[9.120s] INFO:colcon.colcon_core.plugin_system:Skipping extension 'colcon_notification.desktop_notification.terminal_notifier': Not used on non-Darwin systems
[9.121s] INFO:colcon.colcon_core.plugin_system:Skipping extension 'colcon_notification.desktop_notification.win32': Not used on non-Windows systems
[9.121s] INFO:colcon.colcon_notification.desktop_notification:Sending desktop notification using 'notify2'
[10.177s] DEBUG:colcon.colcon_notification.desktop_notification.notify2:Failed to initialize notify2: org.freedesktop.DBus.Error.Spawn.ChildExited: Process org.freedesktop.Notifications exited with status 1
[10.178s] DEBUG:colcon.colcon_core.event_reactor:joined thread
[10.181s] INFO:colcon.colcon_core.shell:Creating prefix script '/home/winicon/redEye/install/local_setup.ps1'
[10.187s] INFO:colcon.colcon_core.shell:Creating prefix util module '/home/winicon/redEye/install/_local_setup_util_ps1.py'
[10.195s] INFO:colcon.colcon_core.shell:Creating prefix chain script '/home/winicon/redEye/install/setup.ps1'
[10.202s] INFO:colcon.colcon_core.shell:Creating prefix script '/home/winicon/redEye/install/local_setup.sh'
[10.207s] INFO:colcon.colcon_core.shell:Creating prefix util module '/home/winicon/redEye/install/_local_setup_util_sh.py'
[10.210s] INFO:colcon.colcon_core.shell:Creating prefix chain script '/home/winicon/redEye/install/setup.sh'
[10.216s] INFO:colcon.colcon_core.shell:Creating prefix script '/home/winicon/redEye/install/local_setup.bash'
[10.220s] INFO:colcon.colcon_core.shell:Creating prefix chain script '/home/winicon/redEye/install/setup.bash'
[10.226s] INFO:colcon.colcon_core.shell:Creating prefix script '/home/winicon/redEye/install/local_setup.zsh'
[10.230s] INFO:colcon.colcon_core.shell:Creating prefix chain script '/home/winicon/redEye/install/setup.zsh'
