[0.829s] DEBUG:colcon:Command line arguments: ['/usr/bin/colcon', 'build', '--symlink-install']
[0.829s] DEBUG:colcon:Parsed command line arguments: Namespace(log_base=None, log_level=None, verb_name='build', build_base='build', install_base='install', merge_install=False, symlink_install=True, test_result_base=None, continue_on_error=False, executor='parallel', parallel_workers=4, event_handlers=None, ignore_user_meta=False, metas=['./colcon.meta'], base_paths=['.'], packages_ignore=None, packages_ignore_regex=None, paths=None, packages_up_to=None, packages_up_to_regex=None, packages_above=None, packages_above_and_dependencies=None, packages_above_depth=None, packages_select_by_dep=None, packages_skip_by_dep=None, packages_skip_up_to=None, packages_select_build_failed=False, packages_skip_build_finished=False, packages_select_test_failures=False, packages_skip_test_passed=False, packages_select=None, packages_skip=None, packages_select_regex=None, packages_skip_regex=None, packages_start=None, packages_end=None, allow_overriding=[], cmake_args=None, cmake_target=None, cmake_target_skip_unavailable=False, cmake_clean_cache=False, cmake_clean_first=False, cmake_force_configure=False, ament_cmake_args=None, catkin_cmake_args=None, catkin_skip_building_tests=False, verb_parser=<colcon_defaults.argument_parser.defaults.DefaultArgumentsDecorator object at 0xffffb12a41c0>, verb_extension=<colcon_core.verb.build.BuildVerb object at 0xffffb1475540>, main=<bound method BuildVerb.main of <colcon_core.verb.build.BuildVerb object at 0xffffb1475540>>)
[2.485s] Level 1:colcon.colcon_core.package_discovery:discover_packages(colcon_meta) check parameters
[2.486s] Level 1:colcon.colcon_core.package_discovery:discover_packages(recursive) check parameters
[2.486s] Level 1:colcon.colcon_core.package_discovery:discover_packages(ignore) check parameters
[2.486s] Level 1:colcon.colcon_core.package_discovery:discover_packages(path) check parameters
[2.486s] Level 1:colcon.colcon_core.package_discovery:discover_packages(colcon_meta) discover
[2.487s] Level 1:colcon.colcon_core.package_discovery:discover_packages(recursive) discover
[2.487s] INFO:colcon.colcon_core.package_discovery:Crawling recursively for packages in '/home/winicon/redEye'
[2.488s] Level 1:colcon.colcon_core.package_identification:_identify(.) by extensions ['ignore', 'ignore_ament_install']
[2.488s] Level 1:colcon.colcon_core.package_identification:_identify(.) by extension 'ignore'
[2.489s] Level 1:colcon.colcon_core.package_identification:_identify(.) by extension 'ignore_ament_install'
[2.489s] Level 1:colcon.colcon_core.package_identification:_identify(.) by extensions ['colcon_pkg']
[2.489s] Level 1:colcon.colcon_core.package_identification:_identify(.) by extension 'colcon_pkg'
[2.489s] Level 1:colcon.colcon_core.package_identification:_identify(.) by extensions ['colcon_meta']
[2.489s] Level 1:colcon.colcon_core.package_identification:_identify(.) by extension 'colcon_meta'
[2.490s] Level 1:colcon.colcon_core.package_identification:_identify(.) by extensions ['ros']
[2.490s] Level 1:colcon.colcon_core.package_identification:_identify(.) by extension 'ros'
[2.642s] Level 1:colcon.colcon_core.package_identification:_identify(.) by extensions ['cmake', 'python']
[2.642s] Level 1:colcon.colcon_core.package_identification:_identify(.) by extension 'cmake'
[2.643s] Level 1:colcon.colcon_core.package_identification:_identify(.) by extension 'python'
[2.643s] Level 1:colcon.colcon_core.package_identification:_identify(.) by extensions ['python_setup_py']
[2.643s] Level 1:colcon.colcon_core.package_identification:_identify(.) by extension 'python_setup_py'
[2.644s] Level 1:colcon.colcon_core.package_identification:_identify(build) by extensions ['ignore', 'ignore_ament_install']
[2.644s] Level 1:colcon.colcon_core.package_identification:_identify(build) by extension 'ignore'
[2.644s] Level 1:colcon.colcon_core.package_identification:_identify(build) ignored
[2.645s] Level 1:colcon.colcon_core.package_identification:_identify(install) by extensions ['ignore', 'ignore_ament_install']
[2.645s] Level 1:colcon.colcon_core.package_identification:_identify(install) by extension 'ignore'
[2.645s] Level 1:colcon.colcon_core.package_identification:_identify(install) ignored
[2.646s] Level 1:colcon.colcon_core.package_identification:_identify(log) by extensions ['ignore', 'ignore_ament_install']
[2.646s] Level 1:colcon.colcon_core.package_identification:_identify(log) by extension 'ignore'
[2.646s] Level 1:colcon.colcon_core.package_identification:_identify(log) ignored
[2.647s] Level 1:colcon.colcon_core.package_identification:_identify(sketch_sep01a) by extensions ['ignore', 'ignore_ament_install']
[2.647s] Level 1:colcon.colcon_core.package_identification:_identify(sketch_sep01a) by extension 'ignore'
[2.647s] Level 1:colcon.colcon_core.package_identification:_identify(sketch_sep01a) by extension 'ignore_ament_install'
[2.648s] Level 1:colcon.colcon_core.package_identification:_identify(sketch_sep01a) by extensions ['colcon_pkg']
[2.648s] Level 1:colcon.colcon_core.package_identification:_identify(sketch_sep01a) by extension 'colcon_pkg'
[2.648s] Level 1:colcon.colcon_core.package_identification:_identify(sketch_sep01a) by extensions ['colcon_meta']
[2.648s] Level 1:colcon.colcon_core.package_identification:_identify(sketch_sep01a) by extension 'colcon_meta'
[2.648s] Level 1:colcon.colcon_core.package_identification:_identify(sketch_sep01a) by extensions ['ros']
[2.648s] Level 1:colcon.colcon_core.package_identification:_identify(sketch_sep01a) by extension 'ros'
[2.649s] Level 1:colcon.colcon_core.package_identification:_identify(sketch_sep01a) by extensions ['cmake', 'python']
[2.649s] Level 1:colcon.colcon_core.package_identification:_identify(sketch_sep01a) by extension 'cmake'
[2.649s] Level 1:colcon.colcon_core.package_identification:_identify(sketch_sep01a) by extension 'python'
[2.649s] Level 1:colcon.colcon_core.package_identification:_identify(sketch_sep01a) by extensions ['python_setup_py']
[2.650s] Level 1:colcon.colcon_core.package_identification:_identify(sketch_sep01a) by extension 'python_setup_py'
[2.650s] Level 1:colcon.colcon_core.package_identification:_identify(src) by extensions ['ignore', 'ignore_ament_install']
[2.650s] Level 1:colcon.colcon_core.package_identification:_identify(src) by extension 'ignore'
[2.651s] Level 1:colcon.colcon_core.package_identification:_identify(src) by extension 'ignore_ament_install'
[2.651s] Level 1:colcon.colcon_core.package_identification:_identify(src) by extensions ['colcon_pkg']
[2.651s] Level 1:colcon.colcon_core.package_identification:_identify(src) by extension 'colcon_pkg'
[2.651s] Level 1:colcon.colcon_core.package_identification:_identify(src) by extensions ['colcon_meta']
[2.651s] Level 1:colcon.colcon_core.package_identification:_identify(src) by extension 'colcon_meta'
[2.651s] Level 1:colcon.colcon_core.package_identification:_identify(src) by extensions ['ros']
[2.652s] Level 1:colcon.colcon_core.package_identification:_identify(src) by extension 'ros'
[2.652s] Level 1:colcon.colcon_core.package_identification:_identify(src) by extensions ['cmake', 'python']
[2.652s] Level 1:colcon.colcon_core.package_identification:_identify(src) by extension 'cmake'
[2.652s] Level 1:colcon.colcon_core.package_identification:_identify(src) by extension 'python'
[2.652s] Level 1:colcon.colcon_core.package_identification:_identify(src) by extensions ['python_setup_py']
[2.653s] Level 1:colcon.colcon_core.package_identification:_identify(src) by extension 'python_setup_py'
[2.653s] Level 1:colcon.colcon_core.package_identification:_identify(src/RobotControl_ws) by extensions ['ignore', 'ignore_ament_install']
[2.654s] Level 1:colcon.colcon_core.package_identification:_identify(src/RobotControl_ws) by extension 'ignore'
[2.654s] Level 1:colcon.colcon_core.package_identification:_identify(src/RobotControl_ws) by extension 'ignore_ament_install'
[2.654s] Level 1:colcon.colcon_core.package_identification:_identify(src/RobotControl_ws) by extensions ['colcon_pkg']
[2.654s] Level 1:colcon.colcon_core.package_identification:_identify(src/RobotControl_ws) by extension 'colcon_pkg'
[2.654s] Level 1:colcon.colcon_core.package_identification:_identify(src/RobotControl_ws) by extensions ['colcon_meta']
[2.655s] Level 1:colcon.colcon_core.package_identification:_identify(src/RobotControl_ws) by extension 'colcon_meta'
[2.655s] Level 1:colcon.colcon_core.package_identification:_identify(src/RobotControl_ws) by extensions ['ros']
[2.655s] Level 1:colcon.colcon_core.package_identification:_identify(src/RobotControl_ws) by extension 'ros'
[2.655s] Level 1:colcon.colcon_core.package_identification:_identify(src/RobotControl_ws) by extensions ['cmake', 'python']
[2.656s] Level 1:colcon.colcon_core.package_identification:_identify(src/RobotControl_ws) by extension 'cmake'
[2.656s] Level 1:colcon.colcon_core.package_identification:_identify(src/RobotControl_ws) by extension 'python'
[2.656s] Level 1:colcon.colcon_core.package_identification:_identify(src/RobotControl_ws) by extensions ['python_setup_py']
[2.656s] Level 1:colcon.colcon_core.package_identification:_identify(src/RobotControl_ws) by extension 'python_setup_py'
[2.657s] Level 1:colcon.colcon_core.package_identification:_identify(src/RobotControl_ws/build) by extensions ['ignore', 'ignore_ament_install']
[2.657s] Level 1:colcon.colcon_core.package_identification:_identify(src/RobotControl_ws/build) by extension 'ignore'
[2.657s] Level 1:colcon.colcon_core.package_identification:_identify(src/RobotControl_ws/build) ignored
[2.658s] Level 1:colcon.colcon_core.package_identification:_identify(src/RobotControl_ws/install) by extensions ['ignore', 'ignore_ament_install']
[2.658s] Level 1:colcon.colcon_core.package_identification:_identify(src/RobotControl_ws/install) by extension 'ignore'
[2.658s] Level 1:colcon.colcon_core.package_identification:_identify(src/RobotControl_ws/install) ignored
[2.659s] Level 1:colcon.colcon_core.package_identification:_identify(src/RobotControl_ws/log) by extensions ['ignore', 'ignore_ament_install']
[2.659s] Level 1:colcon.colcon_core.package_identification:_identify(src/RobotControl_ws/log) by extension 'ignore'
[2.659s] Level 1:colcon.colcon_core.package_identification:_identify(src/RobotControl_ws/log) ignored
[2.660s] Level 1:colcon.colcon_core.package_identification:_identify(src/RobotControl_ws/src) by extensions ['ignore', 'ignore_ament_install']
[2.660s] Level 1:colcon.colcon_core.package_identification:_identify(src/RobotControl_ws/src) by extension 'ignore'
[2.660s] Level 1:colcon.colcon_core.package_identification:_identify(src/RobotControl_ws/src) by extension 'ignore_ament_install'
[2.661s] Level 1:colcon.colcon_core.package_identification:_identify(src/RobotControl_ws/src) by extensions ['colcon_pkg']
[2.661s] Level 1:colcon.colcon_core.package_identification:_identify(src/RobotControl_ws/src) by extension 'colcon_pkg'
[2.661s] Level 1:colcon.colcon_core.package_identification:_identify(src/RobotControl_ws/src) by extensions ['colcon_meta']
[2.661s] Level 1:colcon.colcon_core.package_identification:_identify(src/RobotControl_ws/src) by extension 'colcon_meta'
[2.661s] Level 1:colcon.colcon_core.package_identification:_identify(src/RobotControl_ws/src) by extensions ['ros']
[2.662s] Level 1:colcon.colcon_core.package_identification:_identify(src/RobotControl_ws/src) by extension 'ros'
[2.662s] Level 1:colcon.colcon_core.package_identification:_identify(src/RobotControl_ws/src) by extensions ['cmake', 'python']
[2.662s] Level 1:colcon.colcon_core.package_identification:_identify(src/RobotControl_ws/src) by extension 'cmake'
[2.662s] Level 1:colcon.colcon_core.package_identification:_identify(src/RobotControl_ws/src) by extension 'python'
[2.663s] Level 1:colcon.colcon_core.package_identification:_identify(src/RobotControl_ws/src) by extensions ['python_setup_py']
[2.663s] Level 1:colcon.colcon_core.package_identification:_identify(src/RobotControl_ws/src) by extension 'python_setup_py'
[2.663s] Level 1:colcon.colcon_core.package_identification:_identify(src/RobotControl_ws/src/build) by extensions ['ignore', 'ignore_ament_install']
[2.664s] Level 1:colcon.colcon_core.package_identification:_identify(src/RobotControl_ws/src/build) by extension 'ignore'
[2.664s] Level 1:colcon.colcon_core.package_identification:_identify(src/RobotControl_ws/src/build) ignored
[2.664s] Level 1:colcon.colcon_core.package_identification:_identify(src/RobotControl_ws/src/install) by extensions ['ignore', 'ignore_ament_install']
[2.665s] Level 1:colcon.colcon_core.package_identification:_identify(src/RobotControl_ws/src/install) by extension 'ignore'
[2.665s] Level 1:colcon.colcon_core.package_identification:_identify(src/RobotControl_ws/src/install) ignored
[2.665s] Level 1:colcon.colcon_core.package_identification:_identify(src/RobotControl_ws/src/log) by extensions ['ignore', 'ignore_ament_install']
[2.666s] Level 1:colcon.colcon_core.package_identification:_identify(src/RobotControl_ws/src/log) by extension 'ignore'
[2.666s] Level 1:colcon.colcon_core.package_identification:_identify(src/RobotControl_ws/src/log) ignored
[2.667s] Level 1:colcon.colcon_core.package_identification:_identify(src/RobotControl_ws/src/robots_nav_contr) by extensions ['ignore', 'ignore_ament_install']
[2.667s] Level 1:colcon.colcon_core.package_identification:_identify(src/RobotControl_ws/src/robots_nav_contr) by extension 'ignore'
[2.667s] Level 1:colcon.colcon_core.package_identification:_identify(src/RobotControl_ws/src/robots_nav_contr) by extension 'ignore_ament_install'
[2.667s] Level 1:colcon.colcon_core.package_identification:_identify(src/RobotControl_ws/src/robots_nav_contr) by extensions ['colcon_pkg']
[2.667s] Level 1:colcon.colcon_core.package_identification:_identify(src/RobotControl_ws/src/robots_nav_contr) by extension 'colcon_pkg'
[2.668s] Level 1:colcon.colcon_core.package_identification:_identify(src/RobotControl_ws/src/robots_nav_contr) by extensions ['colcon_meta']
[2.668s] Level 1:colcon.colcon_core.package_identification:_identify(src/RobotControl_ws/src/robots_nav_contr) by extension 'colcon_meta'
[2.668s] Level 1:colcon.colcon_core.package_identification:_identify(src/RobotControl_ws/src/robots_nav_contr) by extensions ['ros']
[2.668s] Level 1:colcon.colcon_core.package_identification:_identify(src/RobotControl_ws/src/robots_nav_contr) by extension 'ros'
[2.683s] DEBUG:colcon.colcon_core.package_identification:Package 'src/RobotControl_ws/src/robots_nav_contr' with type 'ros.ament_python' and name 'robots_nav_contr'
[2.684s] Level 1:colcon.colcon_core.package_identification:_identify(src/__pycache__) by extensions ['ignore', 'ignore_ament_install']
[2.684s] Level 1:colcon.colcon_core.package_identification:_identify(src/__pycache__) by extension 'ignore'
[2.684s] Level 1:colcon.colcon_core.package_identification:_identify(src/__pycache__) by extension 'ignore_ament_install'
[2.685s] Level 1:colcon.colcon_core.package_identification:_identify(src/__pycache__) by extensions ['colcon_pkg']
[2.685s] Level 1:colcon.colcon_core.package_identification:_identify(src/__pycache__) by extension 'colcon_pkg'
[2.685s] Level 1:colcon.colcon_core.package_identification:_identify(src/__pycache__) by extensions ['colcon_meta']
[2.685s] Level 1:colcon.colcon_core.package_identification:_identify(src/__pycache__) by extension 'colcon_meta'
[2.686s] Level 1:colcon.colcon_core.package_identification:_identify(src/__pycache__) by extensions ['ros']
[2.686s] Level 1:colcon.colcon_core.package_identification:_identify(src/__pycache__) by extension 'ros'
[2.686s] Level 1:colcon.colcon_core.package_identification:_identify(src/__pycache__) by extensions ['cmake', 'python']
[2.687s] Level 1:colcon.colcon_core.package_identification:_identify(src/__pycache__) by extension 'cmake'
[2.687s] Level 1:colcon.colcon_core.package_identification:_identify(src/__pycache__) by extension 'python'
[2.687s] Level 1:colcon.colcon_core.package_identification:_identify(src/__pycache__) by extensions ['python_setup_py']
[2.687s] Level 1:colcon.colcon_core.package_identification:_identify(src/__pycache__) by extension 'python_setup_py'
[2.688s] Level 1:colcon.colcon_core.package_identification:_identify(src/archive) by extensions ['ignore', 'ignore_ament_install']
[2.688s] Level 1:colcon.colcon_core.package_identification:_identify(src/archive) by extension 'ignore'
[2.689s] Level 1:colcon.colcon_core.package_identification:_identify(src/archive) by extension 'ignore_ament_install'
[2.689s] Level 1:colcon.colcon_core.package_identification:_identify(src/archive) by extensions ['colcon_pkg']
[2.689s] Level 1:colcon.colcon_core.package_identification:_identify(src/archive) by extension 'colcon_pkg'
[2.689s] Level 1:colcon.colcon_core.package_identification:_identify(src/archive) by extensions ['colcon_meta']
[2.689s] Level 1:colcon.colcon_core.package_identification:_identify(src/archive) by extension 'colcon_meta'
[2.690s] Level 1:colcon.colcon_core.package_identification:_identify(src/archive) by extensions ['ros']
[2.690s] Level 1:colcon.colcon_core.package_identification:_identify(src/archive) by extension 'ros'
[2.690s] Level 1:colcon.colcon_core.package_identification:_identify(src/archive) by extensions ['cmake', 'python']
[2.690s] Level 1:colcon.colcon_core.package_identification:_identify(src/archive) by extension 'cmake'
[2.691s] Level 1:colcon.colcon_core.package_identification:_identify(src/archive) by extension 'python'
[2.691s] Level 1:colcon.colcon_core.package_identification:_identify(src/archive) by extensions ['python_setup_py']
[2.691s] Level 1:colcon.colcon_core.package_identification:_identify(src/archive) by extension 'python_setup_py'
[2.691s] Level 1:colcon.colcon_core.package_identification:_identify(src/archive/__pycache__) by extensions ['ignore', 'ignore_ament_install']
[2.692s] Level 1:colcon.colcon_core.package_identification:_identify(src/archive/__pycache__) by extension 'ignore'
[2.692s] Level 1:colcon.colcon_core.package_identification:_identify(src/archive/__pycache__) by extension 'ignore_ament_install'
[2.692s] Level 1:colcon.colcon_core.package_identification:_identify(src/archive/__pycache__) by extensions ['colcon_pkg']
[2.693s] Level 1:colcon.colcon_core.package_identification:_identify(src/archive/__pycache__) by extension 'colcon_pkg'
[2.693s] Level 1:colcon.colcon_core.package_identification:_identify(src/archive/__pycache__) by extensions ['colcon_meta']
[2.693s] Level 1:colcon.colcon_core.package_identification:_identify(src/archive/__pycache__) by extension 'colcon_meta'
[2.693s] Level 1:colcon.colcon_core.package_identification:_identify(src/archive/__pycache__) by extensions ['ros']
[2.693s] Level 1:colcon.colcon_core.package_identification:_identify(src/archive/__pycache__) by extension 'ros'
[2.694s] Level 1:colcon.colcon_core.package_identification:_identify(src/archive/__pycache__) by extensions ['cmake', 'python']
[2.694s] Level 1:colcon.colcon_core.package_identification:_identify(src/archive/__pycache__) by extension 'cmake'
[2.694s] Level 1:colcon.colcon_core.package_identification:_identify(src/archive/__pycache__) by extension 'python'
[2.694s] Level 1:colcon.colcon_core.package_identification:_identify(src/archive/__pycache__) by extensions ['python_setup_py']
[2.694s] Level 1:colcon.colcon_core.package_identification:_identify(src/archive/__pycache__) by extension 'python_setup_py'
[2.695s] Level 1:colcon.colcon_core.package_identification:_identify(src/build) by extensions ['ignore', 'ignore_ament_install']
[2.695s] Level 1:colcon.colcon_core.package_identification:_identify(src/build) by extension 'ignore'
[2.695s] Level 1:colcon.colcon_core.package_identification:_identify(src/build) ignored
[2.696s] Level 1:colcon.colcon_core.package_identification:_identify(src/install) by extensions ['ignore', 'ignore_ament_install']
[2.696s] Level 1:colcon.colcon_core.package_identification:_identify(src/install) by extension 'ignore'
[2.696s] Level 1:colcon.colcon_core.package_identification:_identify(src/install) ignored
[2.697s] Level 1:colcon.colcon_core.package_identification:_identify(src/log) by extensions ['ignore', 'ignore_ament_install']
[2.697s] Level 1:colcon.colcon_core.package_identification:_identify(src/log) by extension 'ignore'
[2.697s] Level 1:colcon.colcon_core.package_identification:_identify(src/log) ignored
[2.698s] Level 1:colcon.colcon_core.package_identification:_identify(src/my_bot) by extensions ['ignore', 'ignore_ament_install']
[2.698s] Level 1:colcon.colcon_core.package_identification:_identify(src/my_bot) by extension 'ignore'
[2.699s] Level 1:colcon.colcon_core.package_identification:_identify(src/my_bot) by extension 'ignore_ament_install'
[2.699s] Level 1:colcon.colcon_core.package_identification:_identify(src/my_bot) by extensions ['colcon_pkg']
[2.699s] Level 1:colcon.colcon_core.package_identification:_identify(src/my_bot) by extension 'colcon_pkg'
[2.699s] Level 1:colcon.colcon_core.package_identification:_identify(src/my_bot) by extensions ['colcon_meta']
[2.699s] Level 1:colcon.colcon_core.package_identification:_identify(src/my_bot) by extension 'colcon_meta'
[2.700s] Level 1:colcon.colcon_core.package_identification:_identify(src/my_bot) by extensions ['ros']
[2.700s] Level 1:colcon.colcon_core.package_identification:_identify(src/my_bot) by extension 'ros'
[2.703s] DEBUG:colcon.colcon_core.package_identification:Package 'src/my_bot' with type 'ros.ament_cmake' and name 'my_bot'
[2.703s] Level 1:colcon.colcon_core.package_discovery:discover_packages(recursive) using defaults
[2.703s] Level 1:colcon.colcon_core.package_discovery:discover_packages(ignore) discover
[2.703s] Level 1:colcon.colcon_core.package_discovery:discover_packages(ignore) using defaults
[2.704s] Level 1:colcon.colcon_core.package_discovery:discover_packages(path) discover
[2.704s] Level 1:colcon.colcon_core.package_discovery:discover_packages(path) using defaults
[2.847s] Level 1:colcon.colcon_core.package_discovery:discover_packages(prefix_path) check parameters
[2.847s] Level 1:colcon.colcon_core.package_discovery:discover_packages(prefix_path) discover
[2.862s] DEBUG:colcon.colcon_installed_package_information.package_discovery:Found 2 installed packages in /home/winicon/redEye/install
[2.873s] DEBUG:colcon.colcon_installed_package_information.package_discovery:Found 270 installed packages in /opt/ros/humble
[2.920s] Level 1:colcon.colcon_core.package_discovery:discover_packages(prefix_path) using defaults
[3.087s] Level 5:colcon.colcon_core.verb:set package 'my_bot' build argument 'cmake_args' from command line to 'None'
[3.087s] Level 5:colcon.colcon_core.verb:set package 'my_bot' build argument 'cmake_target' from command line to 'None'
[3.087s] Level 5:colcon.colcon_core.verb:set package 'my_bot' build argument 'cmake_target_skip_unavailable' from command line to 'False'
[3.087s] Level 5:colcon.colcon_core.verb:set package 'my_bot' build argument 'cmake_clean_cache' from command line to 'False'
[3.087s] Level 5:colcon.colcon_core.verb:set package 'my_bot' build argument 'cmake_clean_first' from command line to 'False'
[3.087s] Level 5:colcon.colcon_core.verb:set package 'my_bot' build argument 'cmake_force_configure' from command line to 'False'
[3.088s] Level 5:colcon.colcon_core.verb:set package 'my_bot' build argument 'ament_cmake_args' from command line to 'None'
[3.088s] Level 5:colcon.colcon_core.verb:set package 'my_bot' build argument 'catkin_cmake_args' from command line to 'None'
[3.088s] Level 5:colcon.colcon_core.verb:set package 'my_bot' build argument 'catkin_skip_building_tests' from command line to 'False'
[3.088s] DEBUG:colcon.colcon_core.verb:Building package 'my_bot' with the following arguments: {'ament_cmake_args': None, 'build_base': '/home/winicon/redEye/build/my_bot', 'catkin_cmake_args': None, 'catkin_skip_building_tests': False, 'cmake_args': None, 'cmake_clean_cache': False, 'cmake_clean_first': False, 'cmake_force_configure': False, 'cmake_target': None, 'cmake_target_skip_unavailable': False, 'install_base': '/home/winicon/redEye/install/my_bot', 'merge_install': False, 'path': '/home/winicon/redEye/src/my_bot', 'symlink_install': True, 'test_result_base': None}
[3.089s] Level 5:colcon.colcon_core.verb:set package 'robots_nav_contr' build argument 'cmake_args' from command line to 'None'
[3.090s] Level 5:colcon.colcon_core.verb:set package 'robots_nav_contr' build argument 'cmake_target' from command line to 'None'
[3.090s] Level 5:colcon.colcon_core.verb:set package 'robots_nav_contr' build argument 'cmake_target_skip_unavailable' from command line to 'False'
[3.090s] Level 5:colcon.colcon_core.verb:set package 'robots_nav_contr' build argument 'cmake_clean_cache' from command line to 'False'
[3.090s] Level 5:colcon.colcon_core.verb:set package 'robots_nav_contr' build argument 'cmake_clean_first' from command line to 'False'
[3.090s] Level 5:colcon.colcon_core.verb:set package 'robots_nav_contr' build argument 'cmake_force_configure' from command line to 'False'
[3.090s] Level 5:colcon.colcon_core.verb:set package 'robots_nav_contr' build argument 'ament_cmake_args' from command line to 'None'
[3.090s] Level 5:colcon.colcon_core.verb:set package 'robots_nav_contr' build argument 'catkin_cmake_args' from command line to 'None'
[3.090s] Level 5:colcon.colcon_core.verb:set package 'robots_nav_contr' build argument 'catkin_skip_building_tests' from command line to 'False'
[3.091s] DEBUG:colcon.colcon_core.verb:Building package 'robots_nav_contr' with the following arguments: {'ament_cmake_args': None, 'build_base': '/home/winicon/redEye/build/robots_nav_contr', 'catkin_cmake_args': None, 'catkin_skip_building_tests': False, 'cmake_args': None, 'cmake_clean_cache': False, 'cmake_clean_first': False, 'cmake_force_configure': False, 'cmake_target': None, 'cmake_target_skip_unavailable': False, 'install_base': '/home/winicon/redEye/install/robots_nav_contr', 'merge_install': False, 'path': '/home/winicon/redEye/src/RobotControl_ws/src/robots_nav_contr', 'symlink_install': True, 'test_result_base': None}
[3.091s] INFO:colcon.colcon_core.executor:Executing jobs using 'parallel' executor
[3.094s] DEBUG:colcon.colcon_parallel_executor.executor.parallel:run_until_complete
[3.095s] INFO:colcon.colcon_ros.task.ament_cmake.build:Building ROS package in '/home/winicon/redEye/src/my_bot' with build type 'ament_cmake'
[3.096s] INFO:colcon.colcon_cmake.task.cmake.build:Building CMake package in '/home/winicon/redEye/src/my_bot'
[3.115s] INFO:colcon.colcon_core.plugin_system:Skipping extension 'colcon_core.shell.bat': Not used on non-Windows systems
[3.116s] INFO:colcon.colcon_core.shell:Skip shell extension 'powershell' for command environment: Not usable outside of PowerShell
[3.116s] DEBUG:colcon.colcon_core.shell:Skip shell extension 'dsv' for command environment
[3.137s] INFO:colcon.colcon_ros.task.ament_python.build:Building ROS package in '/home/winicon/redEye/src/RobotControl_ws/src/robots_nav_contr' with build type 'ament_python'
[3.137s] Level 1:colcon.colcon_core.shell:create_environment_hook('robots_nav_contr', 'ament_prefix_path')
[3.139s] INFO:colcon.colcon_core.shell:Creating environment hook '/home/winicon/redEye/install/robots_nav_contr/share/robots_nav_contr/hook/ament_prefix_path.ps1'
[3.143s] INFO:colcon.colcon_core.shell:Creating environment descriptor '/home/winicon/redEye/install/robots_nav_contr/share/robots_nav_contr/hook/ament_prefix_path.dsv'
[3.148s] INFO:colcon.colcon_core.shell:Creating environment hook '/home/winicon/redEye/install/robots_nav_contr/share/robots_nav_contr/hook/ament_prefix_path.sh'
[3.153s] INFO:colcon.colcon_core.shell:Skip shell extension 'powershell' for command environment: Not usable outside of PowerShell
[3.153s] DEBUG:colcon.colcon_core.shell:Skip shell extension 'dsv' for command environment
[3.188s] DEBUG:colcon.colcon_core.event_handler.log_command:Invoking command in '/home/winicon/redEye/build/my_bot': CMAKE_PREFIX_PATH=${CMAKE_PREFIX_PATH}:/home/winicon/redEye/install/robots_nav_contr:/opt/ros/humble /usr/bin/cmake --build /home/winicon/redEye/build/my_bot -- -j4 -l4
[4.469s] INFO:colcon.colcon_core.task.python.build:Building Python package in '/home/winicon/redEye/src/RobotControl_ws/src/robots_nav_contr'
[4.470s] INFO:colcon.colcon_core.shell:Skip shell extension 'powershell' for command environment: Not usable outside of PowerShell
[4.470s] DEBUG:colcon.colcon_core.shell:Skip shell extension 'dsv' for command environment
[4.492s] DEBUG:colcon.colcon_core.event_handler.log_command:Invoked command in '/home/winicon/redEye/build/my_bot' returned '0': CMAKE_PREFIX_PATH=${CMAKE_PREFIX_PATH}:/home/winicon/redEye/install/robots_nav_contr:/opt/ros/humble /usr/bin/cmake --build /home/winicon/redEye/build/my_bot -- -j4 -l4
[4.638s] DEBUG:colcon.colcon_core.event_handler.log_command:Invoking command in '/home/winicon/redEye/build/my_bot': CMAKE_PREFIX_PATH=${CMAKE_PREFIX_PATH}:/home/winicon/redEye/install/robots_nav_contr:/opt/ros/humble /usr/bin/cmake --install /home/winicon/redEye/build/my_bot
[4.771s] Level 1:colcon.colcon_core.environment:create_environment_scripts_only(my_bot)
[4.772s] DEBUG:colcon.colcon_core.event_handler.log_command:Invoked command in '/home/winicon/redEye/build/my_bot' returned '0': CMAKE_PREFIX_PATH=${CMAKE_PREFIX_PATH}:/home/winicon/redEye/install/robots_nav_contr:/opt/ros/humble /usr/bin/cmake --install /home/winicon/redEye/build/my_bot
[4.798s] Level 1:colcon.colcon_core.environment:checking '/home/winicon/redEye/install/my_bot' for CMake module files
[4.801s] Level 1:colcon.colcon_core.environment:checking '/home/winicon/redEye/install/my_bot' for CMake config files
[4.804s] Level 1:colcon.colcon_core.shell:create_environment_hook('my_bot', 'cmake_prefix_path')
[4.805s] INFO:colcon.colcon_core.shell:Creating environment hook '/home/winicon/redEye/install/my_bot/share/my_bot/hook/cmake_prefix_path.ps1'
[4.809s] INFO:colcon.colcon_core.shell:Creating environment descriptor '/home/winicon/redEye/install/my_bot/share/my_bot/hook/cmake_prefix_path.dsv'
[4.812s] INFO:colcon.colcon_core.shell:Creating environment hook '/home/winicon/redEye/install/my_bot/share/my_bot/hook/cmake_prefix_path.sh'
[4.815s] Level 1:colcon.colcon_core.environment:checking '/home/winicon/redEye/install/my_bot/bin'
[4.815s] Level 1:colcon.colcon_core.environment:checking '/home/winicon/redEye/install/my_bot/lib/pkgconfig/my_bot.pc'
[4.817s] Level 1:colcon.colcon_core.environment:checking '/home/winicon/redEye/install/my_bot/lib/python3.10/site-packages'
[4.818s] Level 1:colcon.colcon_core.environment:checking '/home/winicon/redEye/install/my_bot/bin'
[4.819s] INFO:colcon.colcon_core.shell:Creating package script '/home/winicon/redEye/install/my_bot/share/my_bot/package.ps1'
[4.827s] INFO:colcon.colcon_core.shell:Creating package descriptor '/home/winicon/redEye/install/my_bot/share/my_bot/package.dsv'
[4.832s] INFO:colcon.colcon_core.shell:Creating package script '/home/winicon/redEye/install/my_bot/share/my_bot/package.sh'
[4.842s] INFO:colcon.colcon_core.shell:Creating package script '/home/winicon/redEye/install/my_bot/share/my_bot/package.bash'
[4.865s] INFO:colcon.colcon_core.shell:Creating package script '/home/winicon/redEye/install/my_bot/share/my_bot/package.zsh'
[4.887s] Level 1:colcon.colcon_core.environment:create_file_with_runtime_dependencies(/home/winicon/redEye/install/my_bot/share/colcon-core/packages/my_bot)
[4.992s] Level 1:colcon.colcon_core.environment:create_environment_scripts_only(my_bot)
[4.993s] Level 1:colcon.colcon_core.environment:checking '/home/winicon/redEye/install/my_bot' for CMake module files
[4.996s] Level 1:colcon.colcon_core.environment:checking '/home/winicon/redEye/install/my_bot' for CMake config files
[4.998s] Level 1:colcon.colcon_core.shell:create_environment_hook('my_bot', 'cmake_prefix_path')
[4.999s] INFO:colcon.colcon_core.shell:Creating environment hook '/home/winicon/redEye/install/my_bot/share/my_bot/hook/cmake_prefix_path.ps1'
[5.001s] INFO:colcon.colcon_core.shell:Creating environment descriptor '/home/winicon/redEye/install/my_bot/share/my_bot/hook/cmake_prefix_path.dsv'
[5.003s] INFO:colcon.colcon_core.shell:Creating environment hook '/home/winicon/redEye/install/my_bot/share/my_bot/hook/cmake_prefix_path.sh'
[5.006s] Level 1:colcon.colcon_core.environment:checking '/home/winicon/redEye/install/my_bot/bin'
[5.007s] Level 1:colcon.colcon_core.environment:checking '/home/winicon/redEye/install/my_bot/lib/pkgconfig/my_bot.pc'
[5.008s] Level 1:colcon.colcon_core.environment:checking '/home/winicon/redEye/install/my_bot/lib/python3.10/site-packages'
[5.009s] Level 1:colcon.colcon_core.environment:checking '/home/winicon/redEye/install/my_bot/bin'
[5.010s] INFO:colcon.colcon_core.shell:Creating package script '/home/winicon/redEye/install/my_bot/share/my_bot/package.ps1'
[5.013s] INFO:colcon.colcon_core.shell:Creating package descriptor '/home/winicon/redEye/install/my_bot/share/my_bot/package.dsv'
[5.016s] INFO:colcon.colcon_core.shell:Creating package script '/home/winicon/redEye/install/my_bot/share/my_bot/package.sh'
[5.018s] INFO:colcon.colcon_core.shell:Creating package script '/home/winicon/redEye/install/my_bot/share/my_bot/package.bash'
[5.021s] INFO:colcon.colcon_core.shell:Creating package script '/home/winicon/redEye/install/my_bot/share/my_bot/package.zsh'
[5.023s] Level 1:colcon.colcon_core.environment:create_file_with_runtime_dependencies(/home/winicon/redEye/install/my_bot/share/colcon-core/packages/my_bot)
[6.349s] DEBUG:colcon.colcon_core.event_handler.log_command:Invoking command in '/home/winicon/redEye/build/robots_nav_contr': PYTHONPATH=/home/winicon/redEye/build/robots_nav_contr/prefix_override:/usr/lib/python3/dist-packages/colcon_core/task/python/colcon_distutils_commands:/home/winicon/redEye/install/robots_nav_contr/lib/python3.10/site-packages:${PYTHONPATH} /usr/bin/python3 -W ignore:setup.py install is deprecated -W ignore:easy_install command is deprecated setup.py develop --editable --build-directory /home/winicon/redEye/build/robots_nav_contr/build --no-deps symlink_data
[8.539s] Level 1:colcon.colcon_core.shell:create_environment_hook('robots_nav_contr', 'pythonpath_develop')
[8.540s] INFO:colcon.colcon_core.shell:Creating environment hook '/home/winicon/redEye/build/robots_nav_contr/share/robots_nav_contr/hook/pythonpath_develop.ps1'
[8.542s] DEBUG:colcon.colcon_core.event_handler.log_command:Invoked command in '/home/winicon/redEye/build/robots_nav_contr' returned '0': PYTHONPATH=/home/winicon/redEye/build/robots_nav_contr/prefix_override:/usr/lib/python3/dist-packages/colcon_core/task/python/colcon_distutils_commands:/home/winicon/redEye/install/robots_nav_contr/lib/python3.10/site-packages:${PYTHONPATH} /usr/bin/python3 -W ignore:setup.py install is deprecated -W ignore:easy_install command is deprecated setup.py develop --editable --build-directory /home/winicon/redEye/build/robots_nav_contr/build --no-deps symlink_data
[8.544s] INFO:colcon.colcon_core.shell:Creating environment descriptor '/home/winicon/redEye/build/robots_nav_contr/share/robots_nav_contr/hook/pythonpath_develop.dsv'
[8.546s] INFO:colcon.colcon_core.shell:Creating environment hook '/home/winicon/redEye/build/robots_nav_contr/share/robots_nav_contr/hook/pythonpath_develop.sh'
[8.549s] Level 1:colcon.colcon_core.environment:checking '/home/winicon/redEye/install/robots_nav_contr' for CMake module files
[8.552s] Level 1:colcon.colcon_core.environment:checking '/home/winicon/redEye/install/robots_nav_contr' for CMake config files
[8.555s] Level 1:colcon.colcon_core.environment:checking '/home/winicon/redEye/install/robots_nav_contr/lib'
[8.556s] Level 1:colcon.colcon_core.environment:checking '/home/winicon/redEye/install/robots_nav_contr/bin'
[8.556s] Level 1:colcon.colcon_core.environment:checking '/home/winicon/redEye/install/robots_nav_contr/lib/pkgconfig/robots_nav_contr.pc'
[8.557s] Level 1:colcon.colcon_core.environment:checking '/home/winicon/redEye/install/robots_nav_contr/lib/python3.10/site-packages'
[8.558s] Level 1:colcon.colcon_core.shell:create_environment_hook('robots_nav_contr', 'pythonpath')
[8.558s] INFO:colcon.colcon_core.shell:Creating environment hook '/home/winicon/redEye/install/robots_nav_contr/share/robots_nav_contr/hook/pythonpath.ps1'
[8.561s] INFO:colcon.colcon_core.shell:Creating environment descriptor '/home/winicon/redEye/install/robots_nav_contr/share/robots_nav_contr/hook/pythonpath.dsv'
[8.562s] INFO:colcon.colcon_core.shell:Creating environment hook '/home/winicon/redEye/install/robots_nav_contr/share/robots_nav_contr/hook/pythonpath.sh'
[8.566s] Level 1:colcon.colcon_core.environment:checking '/home/winicon/redEye/install/robots_nav_contr/bin'
[8.566s] Level 1:colcon.colcon_core.environment:create_environment_scripts_only(robots_nav_contr)
[8.568s] INFO:colcon.colcon_core.shell:Creating package script '/home/winicon/redEye/install/robots_nav_contr/share/robots_nav_contr/package.ps1'
[8.571s] INFO:colcon.colcon_core.shell:Creating package descriptor '/home/winicon/redEye/install/robots_nav_contr/share/robots_nav_contr/package.dsv'
[8.573s] INFO:colcon.colcon_core.shell:Creating package script '/home/winicon/redEye/install/robots_nav_contr/share/robots_nav_contr/package.sh'
[8.576s] INFO:colcon.colcon_core.shell:Creating package script '/home/winicon/redEye/install/robots_nav_contr/share/robots_nav_contr/package.bash'
[8.579s] INFO:colcon.colcon_core.shell:Creating package script '/home/winicon/redEye/install/robots_nav_contr/share/robots_nav_contr/package.zsh'
[8.582s] Level 1:colcon.colcon_core.environment:create_file_with_runtime_dependencies(/home/winicon/redEye/install/robots_nav_contr/share/colcon-core/packages/robots_nav_contr)
[8.583s] DEBUG:colcon.colcon_parallel_executor.executor.parallel:closing loop
[8.584s] DEBUG:colcon.colcon_parallel_executor.executor.parallel:loop closed
[8.585s] DEBUG:colcon.colcon_parallel_executor.executor.parallel:run_until_complete finished with '0'
[8.585s] DEBUG:colcon.colcon_core.event_reactor:joining thread
[8.613s] INFO:colcon.colcon_core.plugin_system:Skipping extension 'colcon_notification.desktop_notification.terminal_notifier': Not used on non-Darwin systems
[8.614s] INFO:colcon.colcon_core.plugin_system:Skipping extension 'colcon_notification.desktop_notification.win32': Not used on non-Windows systems
[8.614s] INFO:colcon.colcon_notification.desktop_notification:Sending desktop notification using 'notify2'
[8.657s] DEBUG:colcon.colcon_notification.desktop_notification.notify2:Failed to initialize notify2: org.freedesktop.DBus.Error.Spawn.ChildExited: Process org.freedesktop.Notifications exited with status 1
[8.657s] DEBUG:colcon.colcon_core.event_reactor:joined thread
[8.658s] INFO:colcon.colcon_core.shell:Creating prefix script '/home/winicon/redEye/install/local_setup.ps1'
[8.664s] INFO:colcon.colcon_core.shell:Creating prefix util module '/home/winicon/redEye/install/_local_setup_util_ps1.py'
[8.672s] INFO:colcon.colcon_core.shell:Creating prefix chain script '/home/winicon/redEye/install/setup.ps1'
[8.678s] INFO:colcon.colcon_core.shell:Creating prefix script '/home/winicon/redEye/install/local_setup.sh'
[8.683s] INFO:colcon.colcon_core.shell:Creating prefix util module '/home/winicon/redEye/install/_local_setup_util_sh.py'
[8.686s] INFO:colcon.colcon_core.shell:Creating prefix chain script '/home/winicon/redEye/install/setup.sh'
[8.692s] INFO:colcon.colcon_core.shell:Creating prefix script '/home/winicon/redEye/install/local_setup.bash'
[8.696s] INFO:colcon.colcon_core.shell:Creating prefix chain script '/home/winicon/redEye/install/setup.bash'
[8.701s] INFO:colcon.colcon_core.shell:Creating prefix script '/home/winicon/redEye/install/local_setup.zsh'
[8.705s] INFO:colcon.colcon_core.shell:Creating prefix chain script '/home/winicon/redEye/install/setup.zsh'
