[0.820s] DEBUG:colcon:Command line arguments: ['/usr/bin/colcon', 'build', '--symlink-install']
[0.821s] DEBUG:colcon:Parsed command line arguments: Namespace(log_base=None, log_level=None, verb_name='build', build_base='build', install_base='install', merge_install=False, symlink_install=True, test_result_base=None, continue_on_error=False, executor='parallel', parallel_workers=4, event_handlers=None, ignore_user_meta=False, metas=['./colcon.meta'], base_paths=['.'], packages_ignore=None, packages_ignore_regex=None, paths=None, packages_up_to=None, packages_up_to_regex=None, packages_above=None, packages_above_and_dependencies=None, packages_above_depth=None, packages_select_by_dep=None, packages_skip_by_dep=None, packages_skip_up_to=None, packages_select_build_failed=False, packages_skip_build_finished=False, packages_select_test_failures=False, packages_skip_test_passed=False, packages_select=None, packages_skip=None, packages_select_regex=None, packages_skip_regex=None, packages_start=None, packages_end=None, allow_overriding=[], cmake_args=None, cmake_target=None, cmake_target_skip_unavailable=False, cmake_clean_cache=False, cmake_clean_first=False, cmake_force_configure=False, ament_cmake_args=None, catkin_cmake_args=None, catkin_skip_building_tests=False, verb_parser=<colcon_defaults.argument_parser.defaults.DefaultArgumentsDecorator object at 0xffffb45d4b20>, verb_extension=<colcon_core.verb.build.BuildVerb object at 0xffffb4785f30>, main=<bound method BuildVerb.main of <colcon_core.verb.build.BuildVerb object at 0xffffb4785f30>>)
[2.405s] Level 1:colcon.colcon_core.package_discovery:discover_packages(colcon_meta) check parameters
[2.406s] Level 1:colcon.colcon_core.package_discovery:discover_packages(recursive) check parameters
[2.406s] Level 1:colcon.colcon_core.package_discovery:discover_packages(ignore) check parameters
[2.406s] Level 1:colcon.colcon_core.package_discovery:discover_packages(path) check parameters
[2.407s] Level 1:colcon.colcon_core.package_discovery:discover_packages(colcon_meta) discover
[2.407s] Level 1:colcon.colcon_core.package_discovery:discover_packages(recursive) discover
[2.407s] INFO:colcon.colcon_core.package_discovery:Crawling recursively for packages in '/home/winicon/redEye'
[2.408s] Level 1:colcon.colcon_core.package_identification:_identify(.) by extensions ['ignore', 'ignore_ament_install']
[2.408s] Level 1:colcon.colcon_core.package_identification:_identify(.) by extension 'ignore'
[2.409s] Level 1:colcon.colcon_core.package_identification:_identify(.) by extension 'ignore_ament_install'
[2.409s] Level 1:colcon.colcon_core.package_identification:_identify(.) by extensions ['colcon_pkg']
[2.409s] Level 1:colcon.colcon_core.package_identification:_identify(.) by extension 'colcon_pkg'
[2.409s] Level 1:colcon.colcon_core.package_identification:_identify(.) by extensions ['colcon_meta']
[2.409s] Level 1:colcon.colcon_core.package_identification:_identify(.) by extension 'colcon_meta'
[2.410s] Level 1:colcon.colcon_core.package_identification:_identify(.) by extensions ['ros']
[2.410s] Level 1:colcon.colcon_core.package_identification:_identify(.) by extension 'ros'
[2.571s] Level 1:colcon.colcon_core.package_identification:_identify(.) by extensions ['cmake', 'python']
[2.571s] Level 1:colcon.colcon_core.package_identification:_identify(.) by extension 'cmake'
[2.571s] Level 1:colcon.colcon_core.package_identification:_identify(.) by extension 'python'
[2.572s] Level 1:colcon.colcon_core.package_identification:_identify(.) by extensions ['python_setup_py']
[2.572s] Level 1:colcon.colcon_core.package_identification:_identify(.) by extension 'python_setup_py'
[2.572s] Level 1:colcon.colcon_core.package_identification:_identify(build) by extensions ['ignore', 'ignore_ament_install']
[2.573s] Level 1:colcon.colcon_core.package_identification:_identify(build) by extension 'ignore'
[2.573s] Level 1:colcon.colcon_core.package_identification:_identify(build) ignored
[2.573s] Level 1:colcon.colcon_core.package_identification:_identify(install) by extensions ['ignore', 'ignore_ament_install']
[2.574s] Level 1:colcon.colcon_core.package_identification:_identify(install) by extension 'ignore'
[2.574s] Level 1:colcon.colcon_core.package_identification:_identify(install) ignored
[2.575s] Level 1:colcon.colcon_core.package_identification:_identify(log) by extensions ['ignore', 'ignore_ament_install']
[2.575s] Level 1:colcon.colcon_core.package_identification:_identify(log) by extension 'ignore'
[2.575s] Level 1:colcon.colcon_core.package_identification:_identify(log) ignored
[2.576s] Level 1:colcon.colcon_core.package_identification:_identify(sketch_sep01a) by extensions ['ignore', 'ignore_ament_install']
[2.576s] Level 1:colcon.colcon_core.package_identification:_identify(sketch_sep01a) by extension 'ignore'
[2.576s] Level 1:colcon.colcon_core.package_identification:_identify(sketch_sep01a) by extension 'ignore_ament_install'
[2.576s] Level 1:colcon.colcon_core.package_identification:_identify(sketch_sep01a) by extensions ['colcon_pkg']
[2.577s] Level 1:colcon.colcon_core.package_identification:_identify(sketch_sep01a) by extension 'colcon_pkg'
[2.577s] Level 1:colcon.colcon_core.package_identification:_identify(sketch_sep01a) by extensions ['colcon_meta']
[2.577s] Level 1:colcon.colcon_core.package_identification:_identify(sketch_sep01a) by extension 'colcon_meta'
[2.577s] Level 1:colcon.colcon_core.package_identification:_identify(sketch_sep01a) by extensions ['ros']
[2.577s] Level 1:colcon.colcon_core.package_identification:_identify(sketch_sep01a) by extension 'ros'
[2.578s] Level 1:colcon.colcon_core.package_identification:_identify(sketch_sep01a) by extensions ['cmake', 'python']
[2.578s] Level 1:colcon.colcon_core.package_identification:_identify(sketch_sep01a) by extension 'cmake'
[2.578s] Level 1:colcon.colcon_core.package_identification:_identify(sketch_sep01a) by extension 'python'
[2.578s] Level 1:colcon.colcon_core.package_identification:_identify(sketch_sep01a) by extensions ['python_setup_py']
[2.578s] Level 1:colcon.colcon_core.package_identification:_identify(sketch_sep01a) by extension 'python_setup_py'
[2.579s] Level 1:colcon.colcon_core.package_identification:_identify(src) by extensions ['ignore', 'ignore_ament_install']
[2.579s] Level 1:colcon.colcon_core.package_identification:_identify(src) by extension 'ignore'
[2.580s] Level 1:colcon.colcon_core.package_identification:_identify(src) by extension 'ignore_ament_install'
[2.580s] Level 1:colcon.colcon_core.package_identification:_identify(src) by extensions ['colcon_pkg']
[2.580s] Level 1:colcon.colcon_core.package_identification:_identify(src) by extension 'colcon_pkg'
[2.580s] Level 1:colcon.colcon_core.package_identification:_identify(src) by extensions ['colcon_meta']
[2.580s] Level 1:colcon.colcon_core.package_identification:_identify(src) by extension 'colcon_meta'
[2.580s] Level 1:colcon.colcon_core.package_identification:_identify(src) by extensions ['ros']
[2.581s] Level 1:colcon.colcon_core.package_identification:_identify(src) by extension 'ros'
[2.581s] Level 1:colcon.colcon_core.package_identification:_identify(src) by extensions ['cmake', 'python']
[2.581s] Level 1:colcon.colcon_core.package_identification:_identify(src) by extension 'cmake'
[2.581s] Level 1:colcon.colcon_core.package_identification:_identify(src) by extension 'python'
[2.581s] Level 1:colcon.colcon_core.package_identification:_identify(src) by extensions ['python_setup_py']
[2.582s] Level 1:colcon.colcon_core.package_identification:_identify(src) by extension 'python_setup_py'
[2.582s] Level 1:colcon.colcon_core.package_identification:_identify(src/RobotControl_ws) by extensions ['ignore', 'ignore_ament_install']
[2.583s] Level 1:colcon.colcon_core.package_identification:_identify(src/RobotControl_ws) by extension 'ignore'
[2.583s] Level 1:colcon.colcon_core.package_identification:_identify(src/RobotControl_ws) by extension 'ignore_ament_install'
[2.583s] Level 1:colcon.colcon_core.package_identification:_identify(src/RobotControl_ws) by extensions ['colcon_pkg']
[2.583s] Level 1:colcon.colcon_core.package_identification:_identify(src/RobotControl_ws) by extension 'colcon_pkg'
[2.583s] Level 1:colcon.colcon_core.package_identification:_identify(src/RobotControl_ws) by extensions ['colcon_meta']
[2.584s] Level 1:colcon.colcon_core.package_identification:_identify(src/RobotControl_ws) by extension 'colcon_meta'
[2.584s] Level 1:colcon.colcon_core.package_identification:_identify(src/RobotControl_ws) by extensions ['ros']
[2.584s] Level 1:colcon.colcon_core.package_identification:_identify(src/RobotControl_ws) by extension 'ros'
[2.584s] Level 1:colcon.colcon_core.package_identification:_identify(src/RobotControl_ws) by extensions ['cmake', 'python']
[2.584s] Level 1:colcon.colcon_core.package_identification:_identify(src/RobotControl_ws) by extension 'cmake'
[2.585s] Level 1:colcon.colcon_core.package_identification:_identify(src/RobotControl_ws) by extension 'python'
[2.585s] Level 1:colcon.colcon_core.package_identification:_identify(src/RobotControl_ws) by extensions ['python_setup_py']
[2.585s] Level 1:colcon.colcon_core.package_identification:_identify(src/RobotControl_ws) by extension 'python_setup_py'
[2.585s] Level 1:colcon.colcon_core.package_identification:_identify(src/RobotControl_ws/build) by extensions ['ignore', 'ignore_ament_install']
[2.586s] Level 1:colcon.colcon_core.package_identification:_identify(src/RobotControl_ws/build) by extension 'ignore'
[2.586s] Level 1:colcon.colcon_core.package_identification:_identify(src/RobotControl_ws/build) ignored
[2.587s] Level 1:colcon.colcon_core.package_identification:_identify(src/RobotControl_ws/install) by extensions ['ignore', 'ignore_ament_install']
[2.587s] Level 1:colcon.colcon_core.package_identification:_identify(src/RobotControl_ws/install) by extension 'ignore'
[2.587s] Level 1:colcon.colcon_core.package_identification:_identify(src/RobotControl_ws/install) ignored
[2.588s] Level 1:colcon.colcon_core.package_identification:_identify(src/RobotControl_ws/log) by extensions ['ignore', 'ignore_ament_install']
[2.588s] Level 1:colcon.colcon_core.package_identification:_identify(src/RobotControl_ws/log) by extension 'ignore'
[2.588s] Level 1:colcon.colcon_core.package_identification:_identify(src/RobotControl_ws/log) ignored
[2.589s] Level 1:colcon.colcon_core.package_identification:_identify(src/RobotControl_ws/src) by extensions ['ignore', 'ignore_ament_install']
[2.589s] Level 1:colcon.colcon_core.package_identification:_identify(src/RobotControl_ws/src) by extension 'ignore'
[2.589s] Level 1:colcon.colcon_core.package_identification:_identify(src/RobotControl_ws/src) by extension 'ignore_ament_install'
[2.590s] Level 1:colcon.colcon_core.package_identification:_identify(src/RobotControl_ws/src) by extensions ['colcon_pkg']
[2.590s] Level 1:colcon.colcon_core.package_identification:_identify(src/RobotControl_ws/src) by extension 'colcon_pkg'
[2.590s] Level 1:colcon.colcon_core.package_identification:_identify(src/RobotControl_ws/src) by extensions ['colcon_meta']
[2.590s] Level 1:colcon.colcon_core.package_identification:_identify(src/RobotControl_ws/src) by extension 'colcon_meta'
[2.590s] Level 1:colcon.colcon_core.package_identification:_identify(src/RobotControl_ws/src) by extensions ['ros']
[2.590s] Level 1:colcon.colcon_core.package_identification:_identify(src/RobotControl_ws/src) by extension 'ros'
[2.591s] Level 1:colcon.colcon_core.package_identification:_identify(src/RobotControl_ws/src) by extensions ['cmake', 'python']
[2.591s] Level 1:colcon.colcon_core.package_identification:_identify(src/RobotControl_ws/src) by extension 'cmake'
[2.591s] Level 1:colcon.colcon_core.package_identification:_identify(src/RobotControl_ws/src) by extension 'python'
[2.591s] Level 1:colcon.colcon_core.package_identification:_identify(src/RobotControl_ws/src) by extensions ['python_setup_py']
[2.592s] Level 1:colcon.colcon_core.package_identification:_identify(src/RobotControl_ws/src) by extension 'python_setup_py'
[2.592s] Level 1:colcon.colcon_core.package_identification:_identify(src/RobotControl_ws/src/build) by extensions ['ignore', 'ignore_ament_install']
[2.592s] Level 1:colcon.colcon_core.package_identification:_identify(src/RobotControl_ws/src/build) by extension 'ignore'
[2.593s] Level 1:colcon.colcon_core.package_identification:_identify(src/RobotControl_ws/src/build) ignored
[2.593s] Level 1:colcon.colcon_core.package_identification:_identify(src/RobotControl_ws/src/install) by extensions ['ignore', 'ignore_ament_install']
[2.594s] Level 1:colcon.colcon_core.package_identification:_identify(src/RobotControl_ws/src/install) by extension 'ignore'
[2.594s] Level 1:colcon.colcon_core.package_identification:_identify(src/RobotControl_ws/src/install) ignored
[2.594s] Level 1:colcon.colcon_core.package_identification:_identify(src/RobotControl_ws/src/log) by extensions ['ignore', 'ignore_ament_install']
[2.595s] Level 1:colcon.colcon_core.package_identification:_identify(src/RobotControl_ws/src/log) by extension 'ignore'
[2.595s] Level 1:colcon.colcon_core.package_identification:_identify(src/RobotControl_ws/src/log) ignored
[2.595s] Level 1:colcon.colcon_core.package_identification:_identify(src/RobotControl_ws/src/robots_nav_contr) by extensions ['ignore', 'ignore_ament_install']
[2.596s] Level 1:colcon.colcon_core.package_identification:_identify(src/RobotControl_ws/src/robots_nav_contr) by extension 'ignore'
[2.596s] Level 1:colcon.colcon_core.package_identification:_identify(src/RobotControl_ws/src/robots_nav_contr) by extension 'ignore_ament_install'
[2.596s] Level 1:colcon.colcon_core.package_identification:_identify(src/RobotControl_ws/src/robots_nav_contr) by extensions ['colcon_pkg']
[2.596s] Level 1:colcon.colcon_core.package_identification:_identify(src/RobotControl_ws/src/robots_nav_contr) by extension 'colcon_pkg'
[2.596s] Level 1:colcon.colcon_core.package_identification:_identify(src/RobotControl_ws/src/robots_nav_contr) by extensions ['colcon_meta']
[2.597s] Level 1:colcon.colcon_core.package_identification:_identify(src/RobotControl_ws/src/robots_nav_contr) by extension 'colcon_meta'
[2.597s] Level 1:colcon.colcon_core.package_identification:_identify(src/RobotControl_ws/src/robots_nav_contr) by extensions ['ros']
[2.597s] Level 1:colcon.colcon_core.package_identification:_identify(src/RobotControl_ws/src/robots_nav_contr) by extension 'ros'
[2.634s] DEBUG:colcon.colcon_core.package_identification:Package 'src/RobotControl_ws/src/robots_nav_contr' with type 'ros.ament_python' and name 'robots_nav_contr'
[2.635s] Level 1:colcon.colcon_core.package_identification:_identify(src/__pycache__) by extensions ['ignore', 'ignore_ament_install']
[2.635s] Level 1:colcon.colcon_core.package_identification:_identify(src/__pycache__) by extension 'ignore'
[2.636s] Level 1:colcon.colcon_core.package_identification:_identify(src/__pycache__) by extension 'ignore_ament_install'
[2.636s] Level 1:colcon.colcon_core.package_identification:_identify(src/__pycache__) by extensions ['colcon_pkg']
[2.636s] Level 1:colcon.colcon_core.package_identification:_identify(src/__pycache__) by extension 'colcon_pkg'
[2.636s] Level 1:colcon.colcon_core.package_identification:_identify(src/__pycache__) by extensions ['colcon_meta']
[2.636s] Level 1:colcon.colcon_core.package_identification:_identify(src/__pycache__) by extension 'colcon_meta'
[2.637s] Level 1:colcon.colcon_core.package_identification:_identify(src/__pycache__) by extensions ['ros']
[2.637s] Level 1:colcon.colcon_core.package_identification:_identify(src/__pycache__) by extension 'ros'
[2.637s] Level 1:colcon.colcon_core.package_identification:_identify(src/__pycache__) by extensions ['cmake', 'python']
[2.637s] Level 1:colcon.colcon_core.package_identification:_identify(src/__pycache__) by extension 'cmake'
[2.638s] Level 1:colcon.colcon_core.package_identification:_identify(src/__pycache__) by extension 'python'
[2.638s] Level 1:colcon.colcon_core.package_identification:_identify(src/__pycache__) by extensions ['python_setup_py']
[2.638s] Level 1:colcon.colcon_core.package_identification:_identify(src/__pycache__) by extension 'python_setup_py'
[2.639s] Level 1:colcon.colcon_core.package_identification:_identify(src/archive) by extensions ['ignore', 'ignore_ament_install']
[2.639s] Level 1:colcon.colcon_core.package_identification:_identify(src/archive) by extension 'ignore'
[2.639s] Level 1:colcon.colcon_core.package_identification:_identify(src/archive) by extension 'ignore_ament_install'
[2.640s] Level 1:colcon.colcon_core.package_identification:_identify(src/archive) by extensions ['colcon_pkg']
[2.640s] Level 1:colcon.colcon_core.package_identification:_identify(src/archive) by extension 'colcon_pkg'
[2.640s] Level 1:colcon.colcon_core.package_identification:_identify(src/archive) by extensions ['colcon_meta']
[2.640s] Level 1:colcon.colcon_core.package_identification:_identify(src/archive) by extension 'colcon_meta'
[2.641s] Level 1:colcon.colcon_core.package_identification:_identify(src/archive) by extensions ['ros']
[2.641s] Level 1:colcon.colcon_core.package_identification:_identify(src/archive) by extension 'ros'
[2.641s] Level 1:colcon.colcon_core.package_identification:_identify(src/archive) by extensions ['cmake', 'python']
[2.641s] Level 1:colcon.colcon_core.package_identification:_identify(src/archive) by extension 'cmake'
[2.641s] Level 1:colcon.colcon_core.package_identification:_identify(src/archive) by extension 'python'
[2.642s] Level 1:colcon.colcon_core.package_identification:_identify(src/archive) by extensions ['python_setup_py']
[2.642s] Level 1:colcon.colcon_core.package_identification:_identify(src/archive) by extension 'python_setup_py'
[2.643s] Level 1:colcon.colcon_core.package_identification:_identify(src/archive/__pycache__) by extensions ['ignore', 'ignore_ament_install']
[2.643s] Level 1:colcon.colcon_core.package_identification:_identify(src/archive/__pycache__) by extension 'ignore'
[2.643s] Level 1:colcon.colcon_core.package_identification:_identify(src/archive/__pycache__) by extension 'ignore_ament_install'
[2.644s] Level 1:colcon.colcon_core.package_identification:_identify(src/archive/__pycache__) by extensions ['colcon_pkg']
[2.644s] Level 1:colcon.colcon_core.package_identification:_identify(src/archive/__pycache__) by extension 'colcon_pkg'
[2.644s] Level 1:colcon.colcon_core.package_identification:_identify(src/archive/__pycache__) by extensions ['colcon_meta']
[2.644s] Level 1:colcon.colcon_core.package_identification:_identify(src/archive/__pycache__) by extension 'colcon_meta'
[2.644s] Level 1:colcon.colcon_core.package_identification:_identify(src/archive/__pycache__) by extensions ['ros']
[2.644s] Level 1:colcon.colcon_core.package_identification:_identify(src/archive/__pycache__) by extension 'ros'
[2.645s] Level 1:colcon.colcon_core.package_identification:_identify(src/archive/__pycache__) by extensions ['cmake', 'python']
[2.645s] Level 1:colcon.colcon_core.package_identification:_identify(src/archive/__pycache__) by extension 'cmake'
[2.645s] Level 1:colcon.colcon_core.package_identification:_identify(src/archive/__pycache__) by extension 'python'
[2.645s] Level 1:colcon.colcon_core.package_identification:_identify(src/archive/__pycache__) by extensions ['python_setup_py']
[2.646s] Level 1:colcon.colcon_core.package_identification:_identify(src/archive/__pycache__) by extension 'python_setup_py'
[2.646s] Level 1:colcon.colcon_core.package_identification:_identify(src/build) by extensions ['ignore', 'ignore_ament_install']
[2.647s] Level 1:colcon.colcon_core.package_identification:_identify(src/build) by extension 'ignore'
[2.647s] Level 1:colcon.colcon_core.package_identification:_identify(src/build) ignored
[2.647s] Level 1:colcon.colcon_core.package_identification:_identify(src/install) by extensions ['ignore', 'ignore_ament_install']
[2.648s] Level 1:colcon.colcon_core.package_identification:_identify(src/install) by extension 'ignore'
[2.648s] Level 1:colcon.colcon_core.package_identification:_identify(src/install) ignored
[2.649s] Level 1:colcon.colcon_core.package_identification:_identify(src/log) by extensions ['ignore', 'ignore_ament_install']
[2.649s] Level 1:colcon.colcon_core.package_identification:_identify(src/log) by extension 'ignore'
[2.649s] Level 1:colcon.colcon_core.package_identification:_identify(src/log) ignored
[2.650s] Level 1:colcon.colcon_core.package_identification:_identify(src/my_bot) by extensions ['ignore', 'ignore_ament_install']
[2.650s] Level 1:colcon.colcon_core.package_identification:_identify(src/my_bot) by extension 'ignore'
[2.650s] Level 1:colcon.colcon_core.package_identification:_identify(src/my_bot) by extension 'ignore_ament_install'
[2.651s] Level 1:colcon.colcon_core.package_identification:_identify(src/my_bot) by extensions ['colcon_pkg']
[2.651s] Level 1:colcon.colcon_core.package_identification:_identify(src/my_bot) by extension 'colcon_pkg'
[2.651s] Level 1:colcon.colcon_core.package_identification:_identify(src/my_bot) by extensions ['colcon_meta']
[2.651s] Level 1:colcon.colcon_core.package_identification:_identify(src/my_bot) by extension 'colcon_meta'
[2.651s] Level 1:colcon.colcon_core.package_identification:_identify(src/my_bot) by extensions ['ros']
[2.651s] Level 1:colcon.colcon_core.package_identification:_identify(src/my_bot) by extension 'ros'
[2.655s] DEBUG:colcon.colcon_core.package_identification:Package 'src/my_bot' with type 'ros.ament_cmake' and name 'my_bot'
[2.655s] Level 1:colcon.colcon_core.package_identification:_identify(src/robot_launch) by extensions ['ignore', 'ignore_ament_install']
[2.656s] Level 1:colcon.colcon_core.package_identification:_identify(src/robot_launch) by extension 'ignore'
[2.656s] Level 1:colcon.colcon_core.package_identification:_identify(src/robot_launch) by extension 'ignore_ament_install'
[2.656s] Level 1:colcon.colcon_core.package_identification:_identify(src/robot_launch) by extensions ['colcon_pkg']
[2.656s] Level 1:colcon.colcon_core.package_identification:_identify(src/robot_launch) by extension 'colcon_pkg'
[2.656s] Level 1:colcon.colcon_core.package_identification:_identify(src/robot_launch) by extensions ['colcon_meta']
[2.657s] Level 1:colcon.colcon_core.package_identification:_identify(src/robot_launch) by extension 'colcon_meta'
[2.657s] Level 1:colcon.colcon_core.package_identification:_identify(src/robot_launch) by extensions ['ros']
[2.657s] Level 1:colcon.colcon_core.package_identification:_identify(src/robot_launch) by extension 'ros'
[2.659s] DEBUG:colcon.colcon_core.package_identification:Package 'src/robot_launch' with type 'ros.ament_cmake' and name 'robot_launch'
[2.659s] Level 1:colcon.colcon_core.package_discovery:discover_packages(recursive) using defaults
[2.660s] Level 1:colcon.colcon_core.package_discovery:discover_packages(ignore) discover
[2.660s] Level 1:colcon.colcon_core.package_discovery:discover_packages(ignore) using defaults
[2.660s] Level 1:colcon.colcon_core.package_discovery:discover_packages(path) discover
[2.660s] Level 1:colcon.colcon_core.package_discovery:discover_packages(path) using defaults
[2.806s] Level 1:colcon.colcon_core.package_discovery:discover_packages(prefix_path) check parameters
[2.806s] Level 1:colcon.colcon_core.package_discovery:discover_packages(prefix_path) discover
[2.858s] DEBUG:colcon.colcon_installed_package_information.package_discovery:Found 2 installed packages in /home/winicon/redEye/install
[2.860s] DEBUG:colcon.colcon_installed_package_information.package_discovery:Found 2 installed packages in /home/winicon/redEye/src/RobotControl_ws/install
[2.870s] DEBUG:colcon.colcon_installed_package_information.package_discovery:Found 271 installed packages in /opt/ros/humble
[2.876s] Level 1:colcon.colcon_core.package_discovery:discover_packages(prefix_path) using defaults
[3.050s] Level 5:colcon.colcon_core.verb:set package 'my_bot' build argument 'cmake_args' from command line to 'None'
[3.051s] Level 5:colcon.colcon_core.verb:set package 'my_bot' build argument 'cmake_target' from command line to 'None'
[3.051s] Level 5:colcon.colcon_core.verb:set package 'my_bot' build argument 'cmake_target_skip_unavailable' from command line to 'False'
[3.051s] Level 5:colcon.colcon_core.verb:set package 'my_bot' build argument 'cmake_clean_cache' from command line to 'False'
[3.051s] Level 5:colcon.colcon_core.verb:set package 'my_bot' build argument 'cmake_clean_first' from command line to 'False'
[3.051s] Level 5:colcon.colcon_core.verb:set package 'my_bot' build argument 'cmake_force_configure' from command line to 'False'
[3.051s] Level 5:colcon.colcon_core.verb:set package 'my_bot' build argument 'ament_cmake_args' from command line to 'None'
[3.051s] Level 5:colcon.colcon_core.verb:set package 'my_bot' build argument 'catkin_cmake_args' from command line to 'None'
[3.051s] Level 5:colcon.colcon_core.verb:set package 'my_bot' build argument 'catkin_skip_building_tests' from command line to 'False'
[3.052s] DEBUG:colcon.colcon_core.verb:Building package 'my_bot' with the following arguments: {'ament_cmake_args': None, 'build_base': '/home/winicon/redEye/build/my_bot', 'catkin_cmake_args': None, 'catkin_skip_building_tests': False, 'cmake_args': None, 'cmake_clean_cache': False, 'cmake_clean_first': False, 'cmake_force_configure': False, 'cmake_target': None, 'cmake_target_skip_unavailable': False, 'install_base': '/home/winicon/redEye/install/my_bot', 'merge_install': False, 'path': '/home/winicon/redEye/src/my_bot', 'symlink_install': True, 'test_result_base': None}
[3.053s] Level 5:colcon.colcon_core.verb:set package 'robots_nav_contr' build argument 'cmake_args' from command line to 'None'
[3.053s] Level 5:colcon.colcon_core.verb:set package 'robots_nav_contr' build argument 'cmake_target' from command line to 'None'
[3.053s] Level 5:colcon.colcon_core.verb:set package 'robots_nav_contr' build argument 'cmake_target_skip_unavailable' from command line to 'False'
[3.053s] Level 5:colcon.colcon_core.verb:set package 'robots_nav_contr' build argument 'cmake_clean_cache' from command line to 'False'
[3.054s] Level 5:colcon.colcon_core.verb:set package 'robots_nav_contr' build argument 'cmake_clean_first' from command line to 'False'
[3.054s] Level 5:colcon.colcon_core.verb:set package 'robots_nav_contr' build argument 'cmake_force_configure' from command line to 'False'
[3.054s] Level 5:colcon.colcon_core.verb:set package 'robots_nav_contr' build argument 'ament_cmake_args' from command line to 'None'
[3.054s] Level 5:colcon.colcon_core.verb:set package 'robots_nav_contr' build argument 'catkin_cmake_args' from command line to 'None'
[3.054s] Level 5:colcon.colcon_core.verb:set package 'robots_nav_contr' build argument 'catkin_skip_building_tests' from command line to 'False'
[3.054s] DEBUG:colcon.colcon_core.verb:Building package 'robots_nav_contr' with the following arguments: {'ament_cmake_args': None, 'build_base': '/home/winicon/redEye/build/robots_nav_contr', 'catkin_cmake_args': None, 'catkin_skip_building_tests': False, 'cmake_args': None, 'cmake_clean_cache': False, 'cmake_clean_first': False, 'cmake_force_configure': False, 'cmake_target': None, 'cmake_target_skip_unavailable': False, 'install_base': '/home/winicon/redEye/install/robots_nav_contr', 'merge_install': False, 'path': '/home/winicon/redEye/src/RobotControl_ws/src/robots_nav_contr', 'symlink_install': True, 'test_result_base': None}
[3.056s] Level 5:colcon.colcon_core.verb:set package 'robot_launch' build argument 'cmake_args' from command line to 'None'
[3.056s] Level 5:colcon.colcon_core.verb:set package 'robot_launch' build argument 'cmake_target' from command line to 'None'
[3.056s] Level 5:colcon.colcon_core.verb:set package 'robot_launch' build argument 'cmake_target_skip_unavailable' from command line to 'False'
[3.056s] Level 5:colcon.colcon_core.verb:set package 'robot_launch' build argument 'cmake_clean_cache' from command line to 'False'
[3.056s] Level 5:colcon.colcon_core.verb:set package 'robot_launch' build argument 'cmake_clean_first' from command line to 'False'
[3.056s] Level 5:colcon.colcon_core.verb:set package 'robot_launch' build argument 'cmake_force_configure' from command line to 'False'
[3.056s] Level 5:colcon.colcon_core.verb:set package 'robot_launch' build argument 'ament_cmake_args' from command line to 'None'
[3.056s] Level 5:colcon.colcon_core.verb:set package 'robot_launch' build argument 'catkin_cmake_args' from command line to 'None'
[3.057s] Level 5:colcon.colcon_core.verb:set package 'robot_launch' build argument 'catkin_skip_building_tests' from command line to 'False'
[3.057s] DEBUG:colcon.colcon_core.verb:Building package 'robot_launch' with the following arguments: {'ament_cmake_args': None, 'build_base': '/home/winicon/redEye/build/robot_launch', 'catkin_cmake_args': None, 'catkin_skip_building_tests': False, 'cmake_args': None, 'cmake_clean_cache': False, 'cmake_clean_first': False, 'cmake_force_configure': False, 'cmake_target': None, 'cmake_target_skip_unavailable': False, 'install_base': '/home/winicon/redEye/install/robot_launch', 'merge_install': False, 'path': '/home/winicon/redEye/src/robot_launch', 'symlink_install': True, 'test_result_base': None}
[3.057s] INFO:colcon.colcon_core.executor:Executing jobs using 'parallel' executor
[3.061s] DEBUG:colcon.colcon_parallel_executor.executor.parallel:run_until_complete
[3.062s] INFO:colcon.colcon_ros.task.ament_python.build:Building ROS package in '/home/winicon/redEye/src/RobotControl_ws/src/robots_nav_contr' with build type 'ament_python'
[3.062s] Level 1:colcon.colcon_core.shell:create_environment_hook('robots_nav_contr', 'ament_prefix_path')
[3.078s] INFO:colcon.colcon_core.plugin_system:Skipping extension 'colcon_core.shell.bat': Not used on non-Windows systems
[3.079s] INFO:colcon.colcon_core.shell:Creating environment hook '/home/winicon/redEye/install/robots_nav_contr/share/robots_nav_contr/hook/ament_prefix_path.ps1'
[3.083s] INFO:colcon.colcon_core.shell:Creating environment descriptor '/home/winicon/redEye/install/robots_nav_contr/share/robots_nav_contr/hook/ament_prefix_path.dsv'
[3.087s] INFO:colcon.colcon_core.shell:Creating environment hook '/home/winicon/redEye/install/robots_nav_contr/share/robots_nav_contr/hook/ament_prefix_path.sh'
[3.092s] INFO:colcon.colcon_core.shell:Skip shell extension 'powershell' for command environment: Not usable outside of PowerShell
[3.092s] DEBUG:colcon.colcon_core.shell:Skip shell extension 'dsv' for command environment
[3.115s] INFO:colcon.colcon_ros.task.ament_cmake.build:Building ROS package in '/home/winicon/redEye/src/my_bot' with build type 'ament_cmake'
[3.116s] INFO:colcon.colcon_cmake.task.cmake.build:Building CMake package in '/home/winicon/redEye/src/my_bot'
[3.117s] INFO:colcon.colcon_core.shell:Skip shell extension 'powershell' for command environment: Not usable outside of PowerShell
[3.117s] DEBUG:colcon.colcon_core.shell:Skip shell extension 'dsv' for command environment
[4.405s] INFO:colcon.colcon_core.task.python.build:Building Python package in '/home/winicon/redEye/src/RobotControl_ws/src/robots_nav_contr'
[4.406s] INFO:colcon.colcon_core.shell:Skip shell extension 'powershell' for command environment: Not usable outside of PowerShell
[4.407s] DEBUG:colcon.colcon_core.shell:Skip shell extension 'dsv' for command environment
[4.443s] DEBUG:colcon.colcon_core.event_handler.log_command:Invoking command in '/home/winicon/redEye/build/my_bot': CMAKE_PREFIX_PATH=${CMAKE_PREFIX_PATH}:/home/winicon/redEye/install/robots_nav_contr:/home/winicon/redEye/src/RobotControl_ws/install/robots_navigationController:/home/winicon/redEye/src/RobotControl_ws/install/robots_nav_contr:/opt/ros/humble /usr/bin/cmake --build /home/winicon/redEye/build/my_bot -- -j4 -l4
[5.651s] DEBUG:colcon.colcon_core.event_handler.log_command:Invoked command in '/home/winicon/redEye/build/my_bot' returned '0': CMAKE_PREFIX_PATH=${CMAKE_PREFIX_PATH}:/home/winicon/redEye/install/robots_nav_contr:/home/winicon/redEye/src/RobotControl_ws/install/robots_navigationController:/home/winicon/redEye/src/RobotControl_ws/install/robots_nav_contr:/opt/ros/humble /usr/bin/cmake --build /home/winicon/redEye/build/my_bot -- -j4 -l4
[5.695s] DEBUG:colcon.colcon_core.event_handler.log_command:Invoking command in '/home/winicon/redEye/build/my_bot': CMAKE_PREFIX_PATH=${CMAKE_PREFIX_PATH}:/home/winicon/redEye/install/robots_nav_contr:/home/winicon/redEye/src/RobotControl_ws/install/robots_navigationController:/home/winicon/redEye/src/RobotControl_ws/install/robots_nav_contr:/opt/ros/humble /usr/bin/cmake --install /home/winicon/redEye/build/my_bot
[5.851s] Level 1:colcon.colcon_core.environment:create_environment_scripts_only(my_bot)
[5.853s] DEBUG:colcon.colcon_core.event_handler.log_command:Invoked command in '/home/winicon/redEye/build/my_bot' returned '0': CMAKE_PREFIX_PATH=${CMAKE_PREFIX_PATH}:/home/winicon/redEye/install/robots_nav_contr:/home/winicon/redEye/src/RobotControl_ws/install/robots_navigationController:/home/winicon/redEye/src/RobotControl_ws/install/robots_nav_contr:/opt/ros/humble /usr/bin/cmake --install /home/winicon/redEye/build/my_bot
[5.884s] Level 1:colcon.colcon_core.environment:checking '/home/winicon/redEye/install/my_bot' for CMake module files
[5.887s] Level 1:colcon.colcon_core.environment:checking '/home/winicon/redEye/install/my_bot' for CMake config files
[5.890s] Level 1:colcon.colcon_core.shell:create_environment_hook('my_bot', 'cmake_prefix_path')
[5.891s] INFO:colcon.colcon_core.shell:Creating environment hook '/home/winicon/redEye/install/my_bot/share/my_bot/hook/cmake_prefix_path.ps1'
[5.894s] INFO:colcon.colcon_core.shell:Creating environment descriptor '/home/winicon/redEye/install/my_bot/share/my_bot/hook/cmake_prefix_path.dsv'
[5.897s] INFO:colcon.colcon_core.shell:Creating environment hook '/home/winicon/redEye/install/my_bot/share/my_bot/hook/cmake_prefix_path.sh'
[5.900s] Level 1:colcon.colcon_core.environment:checking '/home/winicon/redEye/install/my_bot/bin'
[5.901s] Level 1:colcon.colcon_core.environment:checking '/home/winicon/redEye/install/my_bot/lib/pkgconfig/my_bot.pc'
[5.902s] Level 1:colcon.colcon_core.environment:checking '/home/winicon/redEye/install/my_bot/lib/python3.10/site-packages'
[5.903s] Level 1:colcon.colcon_core.environment:checking '/home/winicon/redEye/install/my_bot/bin'
[5.905s] INFO:colcon.colcon_core.shell:Creating package script '/home/winicon/redEye/install/my_bot/share/my_bot/package.ps1'
[5.909s] INFO:colcon.colcon_core.shell:Creating package descriptor '/home/winicon/redEye/install/my_bot/share/my_bot/package.dsv'
[5.913s] INFO:colcon.colcon_core.shell:Creating package script '/home/winicon/redEye/install/my_bot/share/my_bot/package.sh'
[5.917s] INFO:colcon.colcon_core.shell:Creating package script '/home/winicon/redEye/install/my_bot/share/my_bot/package.bash'
[5.923s] INFO:colcon.colcon_core.shell:Creating package script '/home/winicon/redEye/install/my_bot/share/my_bot/package.zsh'
[5.931s] Level 1:colcon.colcon_core.environment:create_file_with_runtime_dependencies(/home/winicon/redEye/install/my_bot/share/colcon-core/packages/my_bot)
[5.934s] Level 1:colcon.colcon_core.environment:create_environment_scripts_only(my_bot)
[5.935s] Level 1:colcon.colcon_core.environment:checking '/home/winicon/redEye/install/my_bot' for CMake module files
[5.939s] Level 1:colcon.colcon_core.environment:checking '/home/winicon/redEye/install/my_bot' for CMake config files
[5.942s] Level 1:colcon.colcon_core.shell:create_environment_hook('my_bot', 'cmake_prefix_path')
[5.944s] INFO:colcon.colcon_core.shell:Creating environment hook '/home/winicon/redEye/install/my_bot/share/my_bot/hook/cmake_prefix_path.ps1'
[5.947s] INFO:colcon.colcon_core.shell:Creating environment descriptor '/home/winicon/redEye/install/my_bot/share/my_bot/hook/cmake_prefix_path.dsv'
[5.949s] INFO:colcon.colcon_core.shell:Creating environment hook '/home/winicon/redEye/install/my_bot/share/my_bot/hook/cmake_prefix_path.sh'
[5.952s] Level 1:colcon.colcon_core.environment:checking '/home/winicon/redEye/install/my_bot/bin'
[5.953s] Level 1:colcon.colcon_core.environment:checking '/home/winicon/redEye/install/my_bot/lib/pkgconfig/my_bot.pc'
[5.954s] Level 1:colcon.colcon_core.environment:checking '/home/winicon/redEye/install/my_bot/lib/python3.10/site-packages'
[5.955s] Level 1:colcon.colcon_core.environment:checking '/home/winicon/redEye/install/my_bot/bin'
[5.956s] INFO:colcon.colcon_core.shell:Creating package script '/home/winicon/redEye/install/my_bot/share/my_bot/package.ps1'
[5.959s] INFO:colcon.colcon_core.shell:Creating package descriptor '/home/winicon/redEye/install/my_bot/share/my_bot/package.dsv'
[5.961s] INFO:colcon.colcon_core.shell:Creating package script '/home/winicon/redEye/install/my_bot/share/my_bot/package.sh'
[5.964s] INFO:colcon.colcon_core.shell:Creating package script '/home/winicon/redEye/install/my_bot/share/my_bot/package.bash'
[5.966s] INFO:colcon.colcon_core.shell:Creating package script '/home/winicon/redEye/install/my_bot/share/my_bot/package.zsh'
[5.968s] Level 1:colcon.colcon_core.environment:create_file_with_runtime_dependencies(/home/winicon/redEye/install/my_bot/share/colcon-core/packages/my_bot)
[6.491s] DEBUG:colcon.colcon_core.event_handler.log_command:Invoking command in '/home/winicon/redEye/build/robots_nav_contr': PYTHONPATH=/home/winicon/redEye/build/robots_nav_contr/prefix_override:/usr/lib/python3/dist-packages/colcon_core/task/python/colcon_distutils_commands:/home/winicon/redEye/install/robots_nav_contr/lib/python3.10/site-packages:${PYTHONPATH} /usr/bin/python3 -W ignore:setup.py install is deprecated -W ignore:easy_install command is deprecated setup.py develop --editable --build-directory /home/winicon/redEye/build/robots_nav_contr/build --no-deps symlink_data
[8.723s] Level 1:colcon.colcon_core.shell:create_environment_hook('robots_nav_contr', 'pythonpath_develop')
[8.724s] INFO:colcon.colcon_core.shell:Creating environment hook '/home/winicon/redEye/build/robots_nav_contr/share/robots_nav_contr/hook/pythonpath_develop.ps1'
[8.726s] DEBUG:colcon.colcon_core.event_handler.log_command:Invoked command in '/home/winicon/redEye/build/robots_nav_contr' returned '0': PYTHONPATH=/home/winicon/redEye/build/robots_nav_contr/prefix_override:/usr/lib/python3/dist-packages/colcon_core/task/python/colcon_distutils_commands:/home/winicon/redEye/install/robots_nav_contr/lib/python3.10/site-packages:${PYTHONPATH} /usr/bin/python3 -W ignore:setup.py install is deprecated -W ignore:easy_install command is deprecated setup.py develop --editable --build-directory /home/winicon/redEye/build/robots_nav_contr/build --no-deps symlink_data
[8.728s] INFO:colcon.colcon_core.shell:Creating environment descriptor '/home/winicon/redEye/build/robots_nav_contr/share/robots_nav_contr/hook/pythonpath_develop.dsv'
[8.730s] INFO:colcon.colcon_core.shell:Creating environment hook '/home/winicon/redEye/build/robots_nav_contr/share/robots_nav_contr/hook/pythonpath_develop.sh'
[8.733s] Level 1:colcon.colcon_core.environment:checking '/home/winicon/redEye/install/robots_nav_contr' for CMake module files
[8.736s] Level 1:colcon.colcon_core.environment:checking '/home/winicon/redEye/install/robots_nav_contr' for CMake config files
[8.740s] Level 1:colcon.colcon_core.environment:checking '/home/winicon/redEye/install/robots_nav_contr/lib'
[8.741s] Level 1:colcon.colcon_core.environment:checking '/home/winicon/redEye/install/robots_nav_contr/bin'
[8.741s] Level 1:colcon.colcon_core.environment:checking '/home/winicon/redEye/install/robots_nav_contr/lib/pkgconfig/robots_nav_contr.pc'
[8.742s] Level 1:colcon.colcon_core.environment:checking '/home/winicon/redEye/install/robots_nav_contr/lib/python3.10/site-packages'
[8.742s] Level 1:colcon.colcon_core.shell:create_environment_hook('robots_nav_contr', 'pythonpath')
[8.743s] INFO:colcon.colcon_core.shell:Creating environment hook '/home/winicon/redEye/install/robots_nav_contr/share/robots_nav_contr/hook/pythonpath.ps1'
[8.745s] INFO:colcon.colcon_core.shell:Creating environment descriptor '/home/winicon/redEye/install/robots_nav_contr/share/robots_nav_contr/hook/pythonpath.dsv'
[8.747s] INFO:colcon.colcon_core.shell:Creating environment hook '/home/winicon/redEye/install/robots_nav_contr/share/robots_nav_contr/hook/pythonpath.sh'
[8.750s] Level 1:colcon.colcon_core.environment:checking '/home/winicon/redEye/install/robots_nav_contr/bin'
[8.750s] Level 1:colcon.colcon_core.environment:create_environment_scripts_only(robots_nav_contr)
[8.752s] INFO:colcon.colcon_core.shell:Creating package script '/home/winicon/redEye/install/robots_nav_contr/share/robots_nav_contr/package.ps1'
[8.754s] INFO:colcon.colcon_core.shell:Creating package descriptor '/home/winicon/redEye/install/robots_nav_contr/share/robots_nav_contr/package.dsv'
[8.757s] INFO:colcon.colcon_core.shell:Creating package script '/home/winicon/redEye/install/robots_nav_contr/share/robots_nav_contr/package.sh'
[8.759s] INFO:colcon.colcon_core.shell:Creating package script '/home/winicon/redEye/install/robots_nav_contr/share/robots_nav_contr/package.bash'
[8.761s] INFO:colcon.colcon_core.shell:Creating package script '/home/winicon/redEye/install/robots_nav_contr/share/robots_nav_contr/package.zsh'
[8.764s] Level 1:colcon.colcon_core.environment:create_file_with_runtime_dependencies(/home/winicon/redEye/install/robots_nav_contr/share/colcon-core/packages/robots_nav_contr)
[8.766s] INFO:colcon.colcon_ros.task.ament_cmake.build:Building ROS package in '/home/winicon/redEye/src/robot_launch' with build type 'ament_cmake'
[8.766s] INFO:colcon.colcon_cmake.task.cmake.build:Building CMake package in '/home/winicon/redEye/src/robot_launch'
[8.768s] INFO:colcon.colcon_core.shell:Skip shell extension 'powershell' for command environment: Not usable outside of PowerShell
[8.768s] DEBUG:colcon.colcon_core.shell:Skip shell extension 'dsv' for command environment
[8.822s] DEBUG:colcon.colcon_core.event_handler.log_command:Invoking command in '/home/winicon/redEye/build/robot_launch': CMAKE_PREFIX_PATH=${CMAKE_PREFIX_PATH}:/home/winicon/redEye/install/robots_nav_contr:/home/winicon/redEye/src/RobotControl_ws/install/robots_navigationController:/home/winicon/redEye/src/RobotControl_ws/install/robots_nav_contr:/opt/ros/humble /usr/bin/cmake /home/winicon/redEye/src/robot_launch -DAMENT_CMAKE_SYMLINK_INSTALL=1 -DCMAKE_INSTALL_PREFIX=/home/winicon/redEye/install/robot_launch
[17.904s] DEBUG:colcon.colcon_core.event_handler.log_command:Invoked command in '/home/winicon/redEye/build/robot_launch' returned '0': CMAKE_PREFIX_PATH=${CMAKE_PREFIX_PATH}:/home/winicon/redEye/install/robots_nav_contr:/home/winicon/redEye/src/RobotControl_ws/install/robots_navigationController:/home/winicon/redEye/src/RobotControl_ws/install/robots_nav_contr:/opt/ros/humble /usr/bin/cmake /home/winicon/redEye/src/robot_launch -DAMENT_CMAKE_SYMLINK_INSTALL=1 -DCMAKE_INSTALL_PREFIX=/home/winicon/redEye/install/robot_launch
[17.916s] DEBUG:colcon.colcon_core.event_handler.log_command:Invoking command in '/home/winicon/redEye/build/robot_launch': CMAKE_PREFIX_PATH=${CMAKE_PREFIX_PATH}:/home/winicon/redEye/install/robots_nav_contr:/home/winicon/redEye/src/RobotControl_ws/install/robots_navigationController:/home/winicon/redEye/src/RobotControl_ws/install/robots_nav_contr:/opt/ros/humble /usr/bin/cmake --build /home/winicon/redEye/build/robot_launch -- -j4 -l4
[18.060s] DEBUG:colcon.colcon_core.event_handler.log_command:Invoked command in '/home/winicon/redEye/build/robot_launch' returned '0': CMAKE_PREFIX_PATH=${CMAKE_PREFIX_PATH}:/home/winicon/redEye/install/robots_nav_contr:/home/winicon/redEye/src/RobotControl_ws/install/robots_navigationController:/home/winicon/redEye/src/RobotControl_ws/install/robots_nav_contr:/opt/ros/humble /usr/bin/cmake --build /home/winicon/redEye/build/robot_launch -- -j4 -l4
[18.071s] DEBUG:colcon.colcon_core.event_handler.log_command:Invoking command in '/home/winicon/redEye/build/robot_launch': CMAKE_PREFIX_PATH=${CMAKE_PREFIX_PATH}:/home/winicon/redEye/install/robots_nav_contr:/home/winicon/redEye/src/RobotControl_ws/install/robots_navigationController:/home/winicon/redEye/src/RobotControl_ws/install/robots_nav_contr:/opt/ros/humble /usr/bin/cmake --install /home/winicon/redEye/build/robot_launch
[18.656s] Level 1:colcon.colcon_core.environment:create_environment_scripts_only(robot_launch)
[18.657s] Level 1:colcon.colcon_core.environment:checking '/home/winicon/redEye/install/robot_launch' for CMake module files
[18.659s] DEBUG:colcon.colcon_core.event_handler.log_command:Invoked command in '/home/winicon/redEye/build/robot_launch' returned '0': CMAKE_PREFIX_PATH=${CMAKE_PREFIX_PATH}:/home/winicon/redEye/install/robots_nav_contr:/home/winicon/redEye/src/RobotControl_ws/install/robots_navigationController:/home/winicon/redEye/src/RobotControl_ws/install/robots_nav_contr:/opt/ros/humble /usr/bin/cmake --install /home/winicon/redEye/build/robot_launch
[18.661s] Level 1:colcon.colcon_core.environment:checking '/home/winicon/redEye/install/robot_launch' for CMake config files
[18.663s] Level 1:colcon.colcon_core.shell:create_environment_hook('robot_launch', 'cmake_prefix_path')
[18.664s] INFO:colcon.colcon_core.shell:Creating environment hook '/home/winicon/redEye/install/robot_launch/share/robot_launch/hook/cmake_prefix_path.ps1'
[18.668s] INFO:colcon.colcon_core.shell:Creating environment descriptor '/home/winicon/redEye/install/robot_launch/share/robot_launch/hook/cmake_prefix_path.dsv'
[18.671s] INFO:colcon.colcon_core.shell:Creating environment hook '/home/winicon/redEye/install/robot_launch/share/robot_launch/hook/cmake_prefix_path.sh'
[18.674s] Level 1:colcon.colcon_core.environment:checking '/home/winicon/redEye/install/robot_launch/bin'
[18.675s] Level 1:colcon.colcon_core.environment:checking '/home/winicon/redEye/install/robot_launch/lib/pkgconfig/robot_launch.pc'
[18.676s] Level 1:colcon.colcon_core.environment:checking '/home/winicon/redEye/install/robot_launch/lib/python3.10/site-packages'
[18.677s] Level 1:colcon.colcon_core.environment:checking '/home/winicon/redEye/install/robot_launch/bin'
[18.679s] INFO:colcon.colcon_core.shell:Creating package script '/home/winicon/redEye/install/robot_launch/share/robot_launch/package.ps1'
[18.681s] INFO:colcon.colcon_core.shell:Creating package descriptor '/home/winicon/redEye/install/robot_launch/share/robot_launch/package.dsv'
[18.684s] INFO:colcon.colcon_core.shell:Creating package script '/home/winicon/redEye/install/robot_launch/share/robot_launch/package.sh'
[18.687s] INFO:colcon.colcon_core.shell:Creating package script '/home/winicon/redEye/install/robot_launch/share/robot_launch/package.bash'
[18.690s] INFO:colcon.colcon_core.shell:Creating package script '/home/winicon/redEye/install/robot_launch/share/robot_launch/package.zsh'
[18.692s] Level 1:colcon.colcon_core.environment:create_file_with_runtime_dependencies(/home/winicon/redEye/install/robot_launch/share/colcon-core/packages/robot_launch)
[18.696s] Level 1:colcon.colcon_core.environment:create_environment_scripts_only(robot_launch)
[18.697s] Level 1:colcon.colcon_core.environment:checking '/home/winicon/redEye/install/robot_launch' for CMake module files
[18.701s] Level 1:colcon.colcon_core.environment:checking '/home/winicon/redEye/install/robot_launch' for CMake config files
[18.703s] Level 1:colcon.colcon_core.shell:create_environment_hook('robot_launch', 'cmake_prefix_path')
[18.704s] INFO:colcon.colcon_core.shell:Creating environment hook '/home/winicon/redEye/install/robot_launch/share/robot_launch/hook/cmake_prefix_path.ps1'
[18.707s] INFO:colcon.colcon_core.shell:Creating environment descriptor '/home/winicon/redEye/install/robot_launch/share/robot_launch/hook/cmake_prefix_path.dsv'
[18.710s] INFO:colcon.colcon_core.shell:Creating environment hook '/home/winicon/redEye/install/robot_launch/share/robot_launch/hook/cmake_prefix_path.sh'
[18.713s] Level 1:colcon.colcon_core.environment:checking '/home/winicon/redEye/install/robot_launch/bin'
[18.713s] Level 1:colcon.colcon_core.environment:checking '/home/winicon/redEye/install/robot_launch/lib/pkgconfig/robot_launch.pc'
[18.714s] Level 1:colcon.colcon_core.environment:checking '/home/winicon/redEye/install/robot_launch/lib/python3.10/site-packages'
[18.715s] Level 1:colcon.colcon_core.environment:checking '/home/winicon/redEye/install/robot_launch/bin'
[18.717s] INFO:colcon.colcon_core.shell:Creating package script '/home/winicon/redEye/install/robot_launch/share/robot_launch/package.ps1'
[18.719s] INFO:colcon.colcon_core.shell:Creating package descriptor '/home/winicon/redEye/install/robot_launch/share/robot_launch/package.dsv'
[18.721s] INFO:colcon.colcon_core.shell:Creating package script '/home/winicon/redEye/install/robot_launch/share/robot_launch/package.sh'
[18.724s] INFO:colcon.colcon_core.shell:Creating package script '/home/winicon/redEye/install/robot_launch/share/robot_launch/package.bash'
[18.726s] INFO:colcon.colcon_core.shell:Creating package script '/home/winicon/redEye/install/robot_launch/share/robot_launch/package.zsh'
[18.728s] Level 1:colcon.colcon_core.environment:create_file_with_runtime_dependencies(/home/winicon/redEye/install/robot_launch/share/colcon-core/packages/robot_launch)
[18.729s] DEBUG:colcon.colcon_parallel_executor.executor.parallel:closing loop
[18.731s] DEBUG:colcon.colcon_parallel_executor.executor.parallel:loop closed
[18.731s] DEBUG:colcon.colcon_parallel_executor.executor.parallel:run_until_complete finished with '0'
[18.732s] DEBUG:colcon.colcon_core.event_reactor:joining thread
[18.758s] INFO:colcon.colcon_core.plugin_system:Skipping extension 'colcon_notification.desktop_notification.terminal_notifier': Not used on non-Darwin systems
[18.759s] INFO:colcon.colcon_core.plugin_system:Skipping extension 'colcon_notification.desktop_notification.win32': Not used on non-Windows systems
[18.759s] INFO:colcon.colcon_notification.desktop_notification:Sending desktop notification using 'notify2'
[18.999s] DEBUG:colcon.colcon_notification.desktop_notification.notify2:Failed to initialize notify2: org.freedesktop.DBus.Error.Spawn.ChildExited: Process org.freedesktop.Notifications exited with status 1
[18.999s] DEBUG:colcon.colcon_core.event_reactor:joined thread
[19.001s] INFO:colcon.colcon_core.shell:Creating prefix script '/home/winicon/redEye/install/local_setup.ps1'
[19.006s] INFO:colcon.colcon_core.shell:Creating prefix util module '/home/winicon/redEye/install/_local_setup_util_ps1.py'
[19.016s] INFO:colcon.colcon_core.shell:Creating prefix chain script '/home/winicon/redEye/install/setup.ps1'
[19.022s] INFO:colcon.colcon_core.shell:Creating prefix script '/home/winicon/redEye/install/local_setup.sh'
[19.026s] INFO:colcon.colcon_core.shell:Creating prefix util module '/home/winicon/redEye/install/_local_setup_util_sh.py'
[19.029s] INFO:colcon.colcon_core.shell:Creating prefix chain script '/home/winicon/redEye/install/setup.sh'
[19.036s] INFO:colcon.colcon_core.shell:Creating prefix script '/home/winicon/redEye/install/local_setup.bash'
[19.040s] INFO:colcon.colcon_core.shell:Creating prefix chain script '/home/winicon/redEye/install/setup.bash'
[19.046s] INFO:colcon.colcon_core.shell:Creating prefix script '/home/winicon/redEye/install/local_setup.zsh'
[19.051s] INFO:colcon.colcon_core.shell:Creating prefix chain script '/home/winicon/redEye/install/setup.zsh'
