[0.431s] DEBUG:colcon:Command line arguments: ['/usr/bin/colcon', 'build', '--symlink-install']
[0.432s] DEBUG:colcon:Parsed command line arguments: Namespace(log_base=None, log_level=None, verb_name='build', build_base='build', install_base='install', merge_install=False, symlink_install=True, test_result_base=None, continue_on_error=False, executor='parallel', parallel_workers=4, event_handlers=None, ignore_user_meta=False, metas=['./colcon.meta'], base_paths=['.'], packages_ignore=None, packages_ignore_regex=None, paths=None, packages_up_to=None, packages_up_to_regex=None, packages_above=None, packages_above_and_dependencies=None, packages_above_depth=None, packages_select_by_dep=None, packages_skip_by_dep=None, packages_skip_up_to=None, packages_select_build_failed=False, packages_skip_build_finished=False, packages_select_test_failures=False, packages_skip_test_passed=False, packages_select=None, packages_skip=None, packages_select_regex=None, packages_skip_regex=None, packages_start=None, packages_end=None, allow_overriding=[], cmake_args=None, cmake_target=None, cmake_target_skip_unavailable=False, cmake_clean_cache=False, cmake_clean_first=False, cmake_force_configure=False, ament_cmake_args=None, catkin_cmake_args=None, catkin_skip_building_tests=False, verb_parser=<colcon_defaults.argument_parser.defaults.DefaultArgumentsDecorator object at 0xffff89c2fbb0>, verb_extension=<colcon_core.verb.build.BuildVerb object at 0xffff89e30370>, main=<bound method BuildVerb.main of <colcon_core.verb.build.BuildVerb object at 0xffff89e30370>>)
[1.260s] Level 1:colcon.colcon_core.package_discovery:discover_packages(colcon_meta) check parameters
[1.261s] Level 1:colcon.colcon_core.package_discovery:discover_packages(recursive) check parameters
[1.261s] Level 1:colcon.colcon_core.package_discovery:discover_packages(ignore) check parameters
[1.261s] Level 1:colcon.colcon_core.package_discovery:discover_packages(path) check parameters
[1.261s] Level 1:colcon.colcon_core.package_discovery:discover_packages(colcon_meta) discover
[1.261s] Level 1:colcon.colcon_core.package_discovery:discover_packages(recursive) discover
[1.261s] INFO:colcon.colcon_core.package_discovery:Crawling recursively for packages in '/home/winicon/redEye/src'
[1.262s] Level 1:colcon.colcon_core.package_identification:_identify(.) by extensions ['ignore', 'ignore_ament_install']
[1.262s] Level 1:colcon.colcon_core.package_identification:_identify(.) by extension 'ignore'
[1.262s] Level 1:colcon.colcon_core.package_identification:_identify(.) by extension 'ignore_ament_install'
[1.263s] Level 1:colcon.colcon_core.package_identification:_identify(.) by extensions ['colcon_pkg']
[1.263s] Level 1:colcon.colcon_core.package_identification:_identify(.) by extension 'colcon_pkg'
[1.263s] Level 1:colcon.colcon_core.package_identification:_identify(.) by extensions ['colcon_meta']
[1.263s] Level 1:colcon.colcon_core.package_identification:_identify(.) by extension 'colcon_meta'
[1.263s] Level 1:colcon.colcon_core.package_identification:_identify(.) by extensions ['ros']
[1.263s] Level 1:colcon.colcon_core.package_identification:_identify(.) by extension 'ros'
[1.310s] Level 1:colcon.colcon_core.package_identification:_identify(.) by extensions ['cmake', 'python']
[1.310s] Level 1:colcon.colcon_core.package_identification:_identify(.) by extension 'cmake'
[1.310s] Level 1:colcon.colcon_core.package_identification:_identify(.) by extension 'python'
[1.311s] Level 1:colcon.colcon_core.package_identification:_identify(.) by extensions ['python_setup_py']
[1.311s] Level 1:colcon.colcon_core.package_identification:_identify(.) by extension 'python_setup_py'
[1.311s] Level 1:colcon.colcon_core.package_identification:_identify(RobotControl_ws) by extensions ['ignore', 'ignore_ament_install']
[1.312s] Level 1:colcon.colcon_core.package_identification:_identify(RobotControl_ws) by extension 'ignore'
[1.312s] Level 1:colcon.colcon_core.package_identification:_identify(RobotControl_ws) by extension 'ignore_ament_install'
[1.312s] Level 1:colcon.colcon_core.package_identification:_identify(RobotControl_ws) by extensions ['colcon_pkg']
[1.312s] Level 1:colcon.colcon_core.package_identification:_identify(RobotControl_ws) by extension 'colcon_pkg'
[1.313s] Level 1:colcon.colcon_core.package_identification:_identify(RobotControl_ws) by extensions ['colcon_meta']
[1.313s] Level 1:colcon.colcon_core.package_identification:_identify(RobotControl_ws) by extension 'colcon_meta'
[1.313s] Level 1:colcon.colcon_core.package_identification:_identify(RobotControl_ws) by extensions ['ros']
[1.313s] Level 1:colcon.colcon_core.package_identification:_identify(RobotControl_ws) by extension 'ros'
[1.313s] Level 1:colcon.colcon_core.package_identification:_identify(RobotControl_ws) by extensions ['cmake', 'python']
[1.314s] Level 1:colcon.colcon_core.package_identification:_identify(RobotControl_ws) by extension 'cmake'
[1.314s] Level 1:colcon.colcon_core.package_identification:_identify(RobotControl_ws) by extension 'python'
[1.314s] Level 1:colcon.colcon_core.package_identification:_identify(RobotControl_ws) by extensions ['python_setup_py']
[1.314s] Level 1:colcon.colcon_core.package_identification:_identify(RobotControl_ws) by extension 'python_setup_py'
[1.314s] Level 1:colcon.colcon_core.package_identification:_identify(RobotControl_ws/build) by extensions ['ignore', 'ignore_ament_install']
[1.315s] Level 1:colcon.colcon_core.package_identification:_identify(RobotControl_ws/build) by extension 'ignore'
[1.315s] Level 1:colcon.colcon_core.package_identification:_identify(RobotControl_ws/build) ignored
[1.316s] Level 1:colcon.colcon_core.package_identification:_identify(RobotControl_ws/install) by extensions ['ignore', 'ignore_ament_install']
[1.316s] Level 1:colcon.colcon_core.package_identification:_identify(RobotControl_ws/install) by extension 'ignore'
[1.316s] Level 1:colcon.colcon_core.package_identification:_identify(RobotControl_ws/install) ignored
[1.317s] Level 1:colcon.colcon_core.package_identification:_identify(RobotControl_ws/log) by extensions ['ignore', 'ignore_ament_install']
[1.317s] Level 1:colcon.colcon_core.package_identification:_identify(RobotControl_ws/log) by extension 'ignore'
[1.317s] Level 1:colcon.colcon_core.package_identification:_identify(RobotControl_ws/log) ignored
[1.318s] Level 1:colcon.colcon_core.package_identification:_identify(RobotControl_ws/src) by extensions ['ignore', 'ignore_ament_install']
[1.318s] Level 1:colcon.colcon_core.package_identification:_identify(RobotControl_ws/src) by extension 'ignore'
[1.318s] Level 1:colcon.colcon_core.package_identification:_identify(RobotControl_ws/src) by extension 'ignore_ament_install'
[1.318s] Level 1:colcon.colcon_core.package_identification:_identify(RobotControl_ws/src) by extensions ['colcon_pkg']
[1.318s] Level 1:colcon.colcon_core.package_identification:_identify(RobotControl_ws/src) by extension 'colcon_pkg'
[1.318s] Level 1:colcon.colcon_core.package_identification:_identify(RobotControl_ws/src) by extensions ['colcon_meta']
[1.319s] Level 1:colcon.colcon_core.package_identification:_identify(RobotControl_ws/src) by extension 'colcon_meta'
[1.319s] Level 1:colcon.colcon_core.package_identification:_identify(RobotControl_ws/src) by extensions ['ros']
[1.319s] Level 1:colcon.colcon_core.package_identification:_identify(RobotControl_ws/src) by extension 'ros'
[1.319s] Level 1:colcon.colcon_core.package_identification:_identify(RobotControl_ws/src) by extensions ['cmake', 'python']
[1.319s] Level 1:colcon.colcon_core.package_identification:_identify(RobotControl_ws/src) by extension 'cmake'
[1.319s] Level 1:colcon.colcon_core.package_identification:_identify(RobotControl_ws/src) by extension 'python'
[1.320s] Level 1:colcon.colcon_core.package_identification:_identify(RobotControl_ws/src) by extensions ['python_setup_py']
[1.320s] Level 1:colcon.colcon_core.package_identification:_identify(RobotControl_ws/src) by extension 'python_setup_py'
[1.320s] Level 1:colcon.colcon_core.package_identification:_identify(RobotControl_ws/src/build) by extensions ['ignore', 'ignore_ament_install']
[1.321s] Level 1:colcon.colcon_core.package_identification:_identify(RobotControl_ws/src/build) by extension 'ignore'
[1.321s] Level 1:colcon.colcon_core.package_identification:_identify(RobotControl_ws/src/build) ignored
[1.321s] Level 1:colcon.colcon_core.package_identification:_identify(RobotControl_ws/src/install) by extensions ['ignore', 'ignore_ament_install']
[1.322s] Level 1:colcon.colcon_core.package_identification:_identify(RobotControl_ws/src/install) by extension 'ignore'
[1.322s] Level 1:colcon.colcon_core.package_identification:_identify(RobotControl_ws/src/install) ignored
[1.322s] Level 1:colcon.colcon_core.package_identification:_identify(RobotControl_ws/src/log) by extensions ['ignore', 'ignore_ament_install']
[1.322s] Level 1:colcon.colcon_core.package_identification:_identify(RobotControl_ws/src/log) by extension 'ignore'
[1.323s] Level 1:colcon.colcon_core.package_identification:_identify(RobotControl_ws/src/log) ignored
[1.323s] Level 1:colcon.colcon_core.package_identification:_identify(RobotControl_ws/src/robots_nav_contr) by extensions ['ignore', 'ignore_ament_install']
[1.323s] Level 1:colcon.colcon_core.package_identification:_identify(RobotControl_ws/src/robots_nav_contr) by extension 'ignore'
[1.323s] Level 1:colcon.colcon_core.package_identification:_identify(RobotControl_ws/src/robots_nav_contr) by extension 'ignore_ament_install'
[1.324s] Level 1:colcon.colcon_core.package_identification:_identify(RobotControl_ws/src/robots_nav_contr) by extensions ['colcon_pkg']
[1.324s] Level 1:colcon.colcon_core.package_identification:_identify(RobotControl_ws/src/robots_nav_contr) by extension 'colcon_pkg'
[1.324s] Level 1:colcon.colcon_core.package_identification:_identify(RobotControl_ws/src/robots_nav_contr) by extensions ['colcon_meta']
[1.324s] Level 1:colcon.colcon_core.package_identification:_identify(RobotControl_ws/src/robots_nav_contr) by extension 'colcon_meta'
[1.324s] Level 1:colcon.colcon_core.package_identification:_identify(RobotControl_ws/src/robots_nav_contr) by extensions ['ros']
[1.325s] Level 1:colcon.colcon_core.package_identification:_identify(RobotControl_ws/src/robots_nav_contr) by extension 'ros'
[1.333s] DEBUG:colcon.colcon_core.package_identification:Package 'RobotControl_ws/src/robots_nav_contr' with type 'ros.ament_python' and name 'robots_nav_contr'
[1.334s] Level 1:colcon.colcon_core.package_identification:_identify(__pycache__) by extensions ['ignore', 'ignore_ament_install']
[1.334s] Level 1:colcon.colcon_core.package_identification:_identify(__pycache__) by extension 'ignore'
[1.335s] Level 1:colcon.colcon_core.package_identification:_identify(__pycache__) by extension 'ignore_ament_install'
[1.335s] Level 1:colcon.colcon_core.package_identification:_identify(__pycache__) by extensions ['colcon_pkg']
[1.335s] Level 1:colcon.colcon_core.package_identification:_identify(__pycache__) by extension 'colcon_pkg'
[1.335s] Level 1:colcon.colcon_core.package_identification:_identify(__pycache__) by extensions ['colcon_meta']
[1.335s] Level 1:colcon.colcon_core.package_identification:_identify(__pycache__) by extension 'colcon_meta'
[1.336s] Level 1:colcon.colcon_core.package_identification:_identify(__pycache__) by extensions ['ros']
[1.336s] Level 1:colcon.colcon_core.package_identification:_identify(__pycache__) by extension 'ros'
[1.336s] Level 1:colcon.colcon_core.package_identification:_identify(__pycache__) by extensions ['cmake', 'python']
[1.336s] Level 1:colcon.colcon_core.package_identification:_identify(__pycache__) by extension 'cmake'
[1.336s] Level 1:colcon.colcon_core.package_identification:_identify(__pycache__) by extension 'python'
[1.337s] Level 1:colcon.colcon_core.package_identification:_identify(__pycache__) by extensions ['python_setup_py']
[1.337s] Level 1:colcon.colcon_core.package_identification:_identify(__pycache__) by extension 'python_setup_py'
[1.337s] Level 1:colcon.colcon_core.package_identification:_identify(archive) by extensions ['ignore', 'ignore_ament_install']
[1.338s] Level 1:colcon.colcon_core.package_identification:_identify(archive) by extension 'ignore'
[1.338s] Level 1:colcon.colcon_core.package_identification:_identify(archive) by extension 'ignore_ament_install'
[1.338s] Level 1:colcon.colcon_core.package_identification:_identify(archive) by extensions ['colcon_pkg']
[1.338s] Level 1:colcon.colcon_core.package_identification:_identify(archive) by extension 'colcon_pkg'
[1.338s] Level 1:colcon.colcon_core.package_identification:_identify(archive) by extensions ['colcon_meta']
[1.338s] Level 1:colcon.colcon_core.package_identification:_identify(archive) by extension 'colcon_meta'
[1.339s] Level 1:colcon.colcon_core.package_identification:_identify(archive) by extensions ['ros']
[1.339s] Level 1:colcon.colcon_core.package_identification:_identify(archive) by extension 'ros'
[1.339s] Level 1:colcon.colcon_core.package_identification:_identify(archive) by extensions ['cmake', 'python']
[1.339s] Level 1:colcon.colcon_core.package_identification:_identify(archive) by extension 'cmake'
[1.339s] Level 1:colcon.colcon_core.package_identification:_identify(archive) by extension 'python'
[1.339s] Level 1:colcon.colcon_core.package_identification:_identify(archive) by extensions ['python_setup_py']
[1.340s] Level 1:colcon.colcon_core.package_identification:_identify(archive) by extension 'python_setup_py'
[1.340s] Level 1:colcon.colcon_core.package_identification:_identify(build) by extensions ['ignore', 'ignore_ament_install']
[1.340s] Level 1:colcon.colcon_core.package_identification:_identify(build) by extension 'ignore'
[1.341s] Level 1:colcon.colcon_core.package_identification:_identify(build) ignored
[1.341s] Level 1:colcon.colcon_core.package_identification:_identify(install) by extensions ['ignore', 'ignore_ament_install']
[1.341s] Level 1:colcon.colcon_core.package_identification:_identify(install) by extension 'ignore'
[1.341s] Level 1:colcon.colcon_core.package_identification:_identify(install) ignored
[1.342s] Level 1:colcon.colcon_core.package_identification:_identify(log) by extensions ['ignore', 'ignore_ament_install']
[1.342s] Level 1:colcon.colcon_core.package_identification:_identify(log) by extension 'ignore'
[1.342s] Level 1:colcon.colcon_core.package_identification:_identify(log) ignored
[1.343s] Level 1:colcon.colcon_core.package_identification:_identify(my_bot) by extensions ['ignore', 'ignore_ament_install']
[1.343s] Level 1:colcon.colcon_core.package_identification:_identify(my_bot) by extension 'ignore'
[1.343s] Level 1:colcon.colcon_core.package_identification:_identify(my_bot) by extension 'ignore_ament_install'
[1.343s] Level 1:colcon.colcon_core.package_identification:_identify(my_bot) by extensions ['colcon_pkg']
[1.344s] Level 1:colcon.colcon_core.package_identification:_identify(my_bot) by extension 'colcon_pkg'
[1.344s] Level 1:colcon.colcon_core.package_identification:_identify(my_bot) by extensions ['colcon_meta']
[1.344s] Level 1:colcon.colcon_core.package_identification:_identify(my_bot) by extension 'colcon_meta'
[1.344s] Level 1:colcon.colcon_core.package_identification:_identify(my_bot) by extensions ['ros']
[1.344s] Level 1:colcon.colcon_core.package_identification:_identify(my_bot) by extension 'ros'
[1.348s] DEBUG:colcon.colcon_core.package_identification:Package 'my_bot' with type 'ros.ament_cmake' and name 'my_bot'
[1.348s] Level 1:colcon.colcon_core.package_discovery:discover_packages(recursive) using defaults
[1.348s] Level 1:colcon.colcon_core.package_discovery:discover_packages(ignore) discover
[1.348s] Level 1:colcon.colcon_core.package_discovery:discover_packages(ignore) using defaults
[1.348s] Level 1:colcon.colcon_core.package_discovery:discover_packages(path) discover
[1.348s] Level 1:colcon.colcon_core.package_discovery:discover_packages(path) using defaults
[1.422s] Level 1:colcon.colcon_core.package_discovery:discover_packages(prefix_path) check parameters
[1.422s] Level 1:colcon.colcon_core.package_discovery:discover_packages(prefix_path) discover
[1.436s] DEBUG:colcon.colcon_installed_package_information.package_discovery:Found 270 installed packages in /opt/ros/humble
[1.483s] Level 1:colcon.colcon_core.package_discovery:discover_packages(prefix_path) using defaults
[1.676s] Level 5:colcon.colcon_core.verb:set package 'my_bot' build argument 'cmake_args' from command line to 'None'
[1.677s] Level 5:colcon.colcon_core.verb:set package 'my_bot' build argument 'cmake_target' from command line to 'None'
[1.677s] Level 5:colcon.colcon_core.verb:set package 'my_bot' build argument 'cmake_target_skip_unavailable' from command line to 'False'
[1.677s] Level 5:colcon.colcon_core.verb:set package 'my_bot' build argument 'cmake_clean_cache' from command line to 'False'
[1.677s] Level 5:colcon.colcon_core.verb:set package 'my_bot' build argument 'cmake_clean_first' from command line to 'False'
[1.677s] Level 5:colcon.colcon_core.verb:set package 'my_bot' build argument 'cmake_force_configure' from command line to 'False'
[1.677s] Level 5:colcon.colcon_core.verb:set package 'my_bot' build argument 'ament_cmake_args' from command line to 'None'
[1.677s] Level 5:colcon.colcon_core.verb:set package 'my_bot' build argument 'catkin_cmake_args' from command line to 'None'
[1.677s] Level 5:colcon.colcon_core.verb:set package 'my_bot' build argument 'catkin_skip_building_tests' from command line to 'False'
[1.677s] DEBUG:colcon.colcon_core.verb:Building package 'my_bot' with the following arguments: {'ament_cmake_args': None, 'build_base': '/home/winicon/redEye/src/build/my_bot', 'catkin_cmake_args': None, 'catkin_skip_building_tests': False, 'cmake_args': None, 'cmake_clean_cache': False, 'cmake_clean_first': False, 'cmake_force_configure': False, 'cmake_target': None, 'cmake_target_skip_unavailable': False, 'install_base': '/home/winicon/redEye/src/install/my_bot', 'merge_install': False, 'path': '/home/winicon/redEye/src/my_bot', 'symlink_install': True, 'test_result_base': None}
[1.679s] Level 5:colcon.colcon_core.verb:set package 'robots_nav_contr' build argument 'cmake_args' from command line to 'None'
[1.679s] Level 5:colcon.colcon_core.verb:set package 'robots_nav_contr' build argument 'cmake_target' from command line to 'None'
[1.679s] Level 5:colcon.colcon_core.verb:set package 'robots_nav_contr' build argument 'cmake_target_skip_unavailable' from command line to 'False'
[1.679s] Level 5:colcon.colcon_core.verb:set package 'robots_nav_contr' build argument 'cmake_clean_cache' from command line to 'False'
[1.679s] Level 5:colcon.colcon_core.verb:set package 'robots_nav_contr' build argument 'cmake_clean_first' from command line to 'False'
[1.680s] Level 5:colcon.colcon_core.verb:set package 'robots_nav_contr' build argument 'cmake_force_configure' from command line to 'False'
[1.680s] Level 5:colcon.colcon_core.verb:set package 'robots_nav_contr' build argument 'ament_cmake_args' from command line to 'None'
[1.680s] Level 5:colcon.colcon_core.verb:set package 'robots_nav_contr' build argument 'catkin_cmake_args' from command line to 'None'
[1.680s] Level 5:colcon.colcon_core.verb:set package 'robots_nav_contr' build argument 'catkin_skip_building_tests' from command line to 'False'
[1.680s] DEBUG:colcon.colcon_core.verb:Building package 'robots_nav_contr' with the following arguments: {'ament_cmake_args': None, 'build_base': '/home/winicon/redEye/src/build/robots_nav_contr', 'catkin_cmake_args': None, 'catkin_skip_building_tests': False, 'cmake_args': None, 'cmake_clean_cache': False, 'cmake_clean_first': False, 'cmake_force_configure': False, 'cmake_target': None, 'cmake_target_skip_unavailable': False, 'install_base': '/home/winicon/redEye/src/install/robots_nav_contr', 'merge_install': False, 'path': '/home/winicon/redEye/src/RobotControl_ws/src/robots_nav_contr', 'symlink_install': True, 'test_result_base': None}
[1.680s] INFO:colcon.colcon_core.executor:Executing jobs using 'parallel' executor
[1.683s] DEBUG:colcon.colcon_parallel_executor.executor.parallel:run_until_complete
[1.684s] INFO:colcon.colcon_ros.task.ament_cmake.build:Building ROS package in '/home/winicon/redEye/src/my_bot' with build type 'ament_cmake'
[1.685s] INFO:colcon.colcon_cmake.task.cmake.build:Building CMake package in '/home/winicon/redEye/src/my_bot'
[1.694s] INFO:colcon.colcon_core.plugin_system:Skipping extension 'colcon_core.shell.bat': Not used on non-Windows systems
[1.695s] INFO:colcon.colcon_core.shell:Skip shell extension 'powershell' for command environment: Not usable outside of PowerShell
[1.695s] DEBUG:colcon.colcon_core.shell:Skip shell extension 'dsv' for command environment
[1.711s] INFO:colcon.colcon_ros.task.ament_python.build:Building ROS package in '/home/winicon/redEye/src/RobotControl_ws/src/robots_nav_contr' with build type 'ament_python'
[1.712s] Level 1:colcon.colcon_core.shell:create_environment_hook('robots_nav_contr', 'ament_prefix_path')
[1.713s] INFO:colcon.colcon_core.shell:Creating environment hook '/home/winicon/redEye/src/install/robots_nav_contr/share/robots_nav_contr/hook/ament_prefix_path.ps1'
[1.717s] INFO:colcon.colcon_core.shell:Creating environment descriptor '/home/winicon/redEye/src/install/robots_nav_contr/share/robots_nav_contr/hook/ament_prefix_path.dsv'
[1.719s] INFO:colcon.colcon_core.shell:Creating environment hook '/home/winicon/redEye/src/install/robots_nav_contr/share/robots_nav_contr/hook/ament_prefix_path.sh'
[1.723s] INFO:colcon.colcon_core.shell:Skip shell extension 'powershell' for command environment: Not usable outside of PowerShell
[1.723s] DEBUG:colcon.colcon_core.shell:Skip shell extension 'dsv' for command environment
[1.748s] DEBUG:colcon.colcon_core.event_handler.log_command:Invoking command in '/home/winicon/redEye/src/build/my_bot': CMAKE_PREFIX_PATH=/opt/ros/humble /usr/bin/cmake /home/winicon/redEye/src/my_bot -DAMENT_CMAKE_SYMLINK_INSTALL=1 -DCMAKE_INSTALL_PREFIX=/home/winicon/redEye/src/install/my_bot
[2.988s] INFO:colcon.colcon_core.task.python.build:Building Python package in '/home/winicon/redEye/src/RobotControl_ws/src/robots_nav_contr'
[2.989s] INFO:colcon.colcon_core.shell:Skip shell extension 'powershell' for command environment: Not usable outside of PowerShell
[2.990s] DEBUG:colcon.colcon_core.shell:Skip shell extension 'dsv' for command environment
[4.542s] DEBUG:colcon.colcon_core.event_handler.log_command:Invoking command in '/home/winicon/redEye/src/build/robots_nav_contr': PYTHONPATH=/home/winicon/redEye/src/build/robots_nav_contr/prefix_override:/usr/lib/python3/dist-packages/colcon_core/task/python/colcon_distutils_commands:/home/winicon/redEye/src/install/robots_nav_contr/lib/python3.10/site-packages:${PYTHONPATH} /usr/bin/python3 -W ignore:setup.py install is deprecated -W ignore:easy_install command is deprecated setup.py develop --editable --build-directory /home/winicon/redEye/src/build/robots_nav_contr/build --no-deps symlink_data
[6.767s] Level 1:colcon.colcon_core.shell:create_environment_hook('robots_nav_contr', 'pythonpath_develop')
[6.768s] INFO:colcon.colcon_core.shell:Creating environment hook '/home/winicon/redEye/src/build/robots_nav_contr/share/robots_nav_contr/hook/pythonpath_develop.ps1'
[6.772s] INFO:colcon.colcon_core.shell:Creating environment descriptor '/home/winicon/redEye/src/build/robots_nav_contr/share/robots_nav_contr/hook/pythonpath_develop.dsv'
[6.774s] INFO:colcon.colcon_core.shell:Creating environment hook '/home/winicon/redEye/src/build/robots_nav_contr/share/robots_nav_contr/hook/pythonpath_develop.sh'
[6.782s] DEBUG:colcon.colcon_core.event_handler.log_command:Invoked command in '/home/winicon/redEye/src/build/robots_nav_contr' returned '0': PYTHONPATH=/home/winicon/redEye/src/build/robots_nav_contr/prefix_override:/usr/lib/python3/dist-packages/colcon_core/task/python/colcon_distutils_commands:/home/winicon/redEye/src/install/robots_nav_contr/lib/python3.10/site-packages:${PYTHONPATH} /usr/bin/python3 -W ignore:setup.py install is deprecated -W ignore:easy_install command is deprecated setup.py develop --editable --build-directory /home/winicon/redEye/src/build/robots_nav_contr/build --no-deps symlink_data
[6.794s] Level 1:colcon.colcon_core.environment:checking '/home/winicon/redEye/src/install/robots_nav_contr' for CMake module files
[6.797s] Level 1:colcon.colcon_core.environment:checking '/home/winicon/redEye/src/install/robots_nav_contr' for CMake config files
[6.801s] Level 1:colcon.colcon_core.environment:checking '/home/winicon/redEye/src/install/robots_nav_contr/lib'
[6.802s] Level 1:colcon.colcon_core.environment:checking '/home/winicon/redEye/src/install/robots_nav_contr/bin'
[6.803s] Level 1:colcon.colcon_core.environment:checking '/home/winicon/redEye/src/install/robots_nav_contr/lib/pkgconfig/robots_nav_contr.pc'
[6.804s] Level 1:colcon.colcon_core.environment:checking '/home/winicon/redEye/src/install/robots_nav_contr/lib/python3.10/site-packages'
[6.805s] Level 1:colcon.colcon_core.shell:create_environment_hook('robots_nav_contr', 'pythonpath')
[6.807s] INFO:colcon.colcon_core.shell:Creating environment hook '/home/winicon/redEye/src/install/robots_nav_contr/share/robots_nav_contr/hook/pythonpath.ps1'
[6.810s] INFO:colcon.colcon_core.shell:Creating environment descriptor '/home/winicon/redEye/src/install/robots_nav_contr/share/robots_nav_contr/hook/pythonpath.dsv'
[6.813s] INFO:colcon.colcon_core.shell:Creating environment hook '/home/winicon/redEye/src/install/robots_nav_contr/share/robots_nav_contr/hook/pythonpath.sh'
[6.819s] Level 1:colcon.colcon_core.environment:checking '/home/winicon/redEye/src/install/robots_nav_contr/bin'
[6.819s] Level 1:colcon.colcon_core.environment:create_environment_scripts_only(robots_nav_contr)
[6.822s] INFO:colcon.colcon_core.shell:Creating package script '/home/winicon/redEye/src/install/robots_nav_contr/share/robots_nav_contr/package.ps1'
[6.827s] INFO:colcon.colcon_core.shell:Creating package descriptor '/home/winicon/redEye/src/install/robots_nav_contr/share/robots_nav_contr/package.dsv'
[6.832s] INFO:colcon.colcon_core.shell:Creating package script '/home/winicon/redEye/src/install/robots_nav_contr/share/robots_nav_contr/package.sh'
[6.836s] INFO:colcon.colcon_core.shell:Creating package script '/home/winicon/redEye/src/install/robots_nav_contr/share/robots_nav_contr/package.bash'
[6.841s] INFO:colcon.colcon_core.shell:Creating package script '/home/winicon/redEye/src/install/robots_nav_contr/share/robots_nav_contr/package.zsh'
[6.846s] Level 1:colcon.colcon_core.environment:create_file_with_runtime_dependencies(/home/winicon/redEye/src/install/robots_nav_contr/share/colcon-core/packages/robots_nav_contr)
[9.486s] DEBUG:colcon.colcon_core.event_handler.log_command:Invoked command in '/home/winicon/redEye/src/build/my_bot' returned '0': CMAKE_PREFIX_PATH=/opt/ros/humble /usr/bin/cmake /home/winicon/redEye/src/my_bot -DAMENT_CMAKE_SYMLINK_INSTALL=1 -DCMAKE_INSTALL_PREFIX=/home/winicon/redEye/src/install/my_bot
[9.496s] DEBUG:colcon.colcon_core.event_handler.log_command:Invoking command in '/home/winicon/redEye/src/build/my_bot': CMAKE_PREFIX_PATH=/opt/ros/humble /usr/bin/cmake --build /home/winicon/redEye/src/build/my_bot -- -j4 -l4
[9.638s] DEBUG:colcon.colcon_core.event_handler.log_command:Invoked command in '/home/winicon/redEye/src/build/my_bot' returned '0': CMAKE_PREFIX_PATH=/opt/ros/humble /usr/bin/cmake --build /home/winicon/redEye/src/build/my_bot -- -j4 -l4
[9.681s] DEBUG:colcon.colcon_core.event_handler.log_command:Invoking command in '/home/winicon/redEye/src/build/my_bot': CMAKE_PREFIX_PATH=/opt/ros/humble /usr/bin/cmake --install /home/winicon/redEye/src/build/my_bot
[10.726s] Level 1:colcon.colcon_core.environment:create_environment_scripts_only(my_bot)
[10.727s] Level 1:colcon.colcon_core.environment:checking '/home/winicon/redEye/src/install/my_bot' for CMake module files
[10.729s] DEBUG:colcon.colcon_core.event_handler.log_command:Invoked command in '/home/winicon/redEye/src/build/my_bot' returned '0': CMAKE_PREFIX_PATH=/opt/ros/humble /usr/bin/cmake --install /home/winicon/redEye/src/build/my_bot
[10.731s] Level 1:colcon.colcon_core.environment:checking '/home/winicon/redEye/src/install/my_bot' for CMake config files
[10.734s] Level 1:colcon.colcon_core.shell:create_environment_hook('my_bot', 'cmake_prefix_path')
[10.735s] INFO:colcon.colcon_core.shell:Creating environment hook '/home/winicon/redEye/src/install/my_bot/share/my_bot/hook/cmake_prefix_path.ps1'
[10.737s] INFO:colcon.colcon_core.shell:Creating environment descriptor '/home/winicon/redEye/src/install/my_bot/share/my_bot/hook/cmake_prefix_path.dsv'
[10.739s] INFO:colcon.colcon_core.shell:Creating environment hook '/home/winicon/redEye/src/install/my_bot/share/my_bot/hook/cmake_prefix_path.sh'
[10.742s] Level 1:colcon.colcon_core.environment:checking '/home/winicon/redEye/src/install/my_bot/bin'
[10.743s] Level 1:colcon.colcon_core.environment:checking '/home/winicon/redEye/src/install/my_bot/lib/pkgconfig/my_bot.pc'
[10.744s] Level 1:colcon.colcon_core.environment:checking '/home/winicon/redEye/src/install/my_bot/lib/python3.10/site-packages'
[10.745s] Level 1:colcon.colcon_core.environment:checking '/home/winicon/redEye/src/install/my_bot/bin'
[10.746s] INFO:colcon.colcon_core.shell:Creating package script '/home/winicon/redEye/src/install/my_bot/share/my_bot/package.ps1'
[10.749s] INFO:colcon.colcon_core.shell:Creating package descriptor '/home/winicon/redEye/src/install/my_bot/share/my_bot/package.dsv'
[10.751s] INFO:colcon.colcon_core.shell:Creating package script '/home/winicon/redEye/src/install/my_bot/share/my_bot/package.sh'
[10.753s] INFO:colcon.colcon_core.shell:Creating package script '/home/winicon/redEye/src/install/my_bot/share/my_bot/package.bash'
[10.755s] INFO:colcon.colcon_core.shell:Creating package script '/home/winicon/redEye/src/install/my_bot/share/my_bot/package.zsh'
[10.756s] Level 1:colcon.colcon_core.environment:create_file_with_runtime_dependencies(/home/winicon/redEye/src/install/my_bot/share/colcon-core/packages/my_bot)
[10.759s] Level 1:colcon.colcon_core.environment:create_environment_scripts_only(my_bot)
[10.760s] Level 1:colcon.colcon_core.environment:checking '/home/winicon/redEye/src/install/my_bot' for CMake module files
[10.763s] Level 1:colcon.colcon_core.environment:checking '/home/winicon/redEye/src/install/my_bot' for CMake config files
[10.766s] Level 1:colcon.colcon_core.shell:create_environment_hook('my_bot', 'cmake_prefix_path')
[10.766s] INFO:colcon.colcon_core.shell:Creating environment hook '/home/winicon/redEye/src/install/my_bot/share/my_bot/hook/cmake_prefix_path.ps1'
[10.768s] INFO:colcon.colcon_core.shell:Creating environment descriptor '/home/winicon/redEye/src/install/my_bot/share/my_bot/hook/cmake_prefix_path.dsv'
[10.770s] INFO:colcon.colcon_core.shell:Creating environment hook '/home/winicon/redEye/src/install/my_bot/share/my_bot/hook/cmake_prefix_path.sh'
[10.773s] Level 1:colcon.colcon_core.environment:checking '/home/winicon/redEye/src/install/my_bot/bin'
[10.773s] Level 1:colcon.colcon_core.environment:checking '/home/winicon/redEye/src/install/my_bot/lib/pkgconfig/my_bot.pc'
[10.774s] Level 1:colcon.colcon_core.environment:checking '/home/winicon/redEye/src/install/my_bot/lib/python3.10/site-packages'
[10.775s] Level 1:colcon.colcon_core.environment:checking '/home/winicon/redEye/src/install/my_bot/bin'
[10.776s] INFO:colcon.colcon_core.shell:Creating package script '/home/winicon/redEye/src/install/my_bot/share/my_bot/package.ps1'
[10.778s] INFO:colcon.colcon_core.shell:Creating package descriptor '/home/winicon/redEye/src/install/my_bot/share/my_bot/package.dsv'
[10.781s] INFO:colcon.colcon_core.shell:Creating package script '/home/winicon/redEye/src/install/my_bot/share/my_bot/package.sh'
[10.783s] INFO:colcon.colcon_core.shell:Creating package script '/home/winicon/redEye/src/install/my_bot/share/my_bot/package.bash'
[10.786s] INFO:colcon.colcon_core.shell:Creating package script '/home/winicon/redEye/src/install/my_bot/share/my_bot/package.zsh'
[10.788s] Level 1:colcon.colcon_core.environment:create_file_with_runtime_dependencies(/home/winicon/redEye/src/install/my_bot/share/colcon-core/packages/my_bot)
[10.789s] DEBUG:colcon.colcon_parallel_executor.executor.parallel:closing loop
[10.790s] DEBUG:colcon.colcon_parallel_executor.executor.parallel:loop closed
[10.790s] DEBUG:colcon.colcon_parallel_executor.executor.parallel:run_until_complete finished with '0'
[10.791s] DEBUG:colcon.colcon_core.event_reactor:joining thread
[10.813s] INFO:colcon.colcon_core.plugin_system:Skipping extension 'colcon_notification.desktop_notification.terminal_notifier': Not used on non-Darwin systems
[10.813s] INFO:colcon.colcon_core.plugin_system:Skipping extension 'colcon_notification.desktop_notification.win32': Not used on non-Windows systems
[10.813s] INFO:colcon.colcon_notification.desktop_notification:Sending desktop notification using 'notify2'
[10.856s] DEBUG:colcon.colcon_notification.desktop_notification.notify2:Failed to initialize notify2: org.freedesktop.DBus.Error.Spawn.ChildExited: Process org.freedesktop.Notifications exited with status 1
[10.856s] DEBUG:colcon.colcon_core.event_reactor:joined thread
[10.858s] INFO:colcon.colcon_core.shell:Creating prefix script '/home/winicon/redEye/src/install/local_setup.ps1'
[10.861s] INFO:colcon.colcon_core.shell:Creating prefix util module '/home/winicon/redEye/src/install/_local_setup_util_ps1.py'
[10.869s] INFO:colcon.colcon_core.shell:Creating prefix chain script '/home/winicon/redEye/src/install/setup.ps1'
[10.873s] INFO:colcon.colcon_core.shell:Creating prefix script '/home/winicon/redEye/src/install/local_setup.sh'
[10.876s] INFO:colcon.colcon_core.shell:Creating prefix util module '/home/winicon/redEye/src/install/_local_setup_util_sh.py'
[10.878s] INFO:colcon.colcon_core.shell:Creating prefix chain script '/home/winicon/redEye/src/install/setup.sh'
[10.882s] INFO:colcon.colcon_core.shell:Creating prefix script '/home/winicon/redEye/src/install/local_setup.bash'
[10.884s] INFO:colcon.colcon_core.shell:Creating prefix chain script '/home/winicon/redEye/src/install/setup.bash'
[10.888s] INFO:colcon.colcon_core.shell:Creating prefix script '/home/winicon/redEye/src/install/local_setup.zsh'
[10.890s] INFO:colcon.colcon_core.shell:Creating prefix chain script '/home/winicon/redEye/src/install/setup.zsh'
