[0.059s] Invoking command in '/home/winicon/redEye/build/robot_launch': AMENT_PREFIX_PATH=/home/winicon/redEye/install/robots_nav_contr:/home/winicon/redEye/install/robot_launch:/home/winicon/redEye/install/my_bot:/home/winicon/redEye/src/RobotControl_ws/install/robots_navigationController:/home/winicon/redEye/src/RobotControl_ws/install/robots_nav_contr:/opt/ros/humble CMAKE_PREFIX_PATH=${CMAKE_PREFIX_PATH}:/home/winicon/redEye/install/robots_nav_contr:/home/winicon/redEye/src/RobotControl_ws/install/robots_navigationController:/home/winicon/redEye/src/RobotControl_ws/install/robots_nav_contr:/opt/ros/humble /usr/bin/cmake --build /home/winicon/redEye/build/robot_launch -- -j4 -l4
[0.208s] Invoked command in '/home/winicon/redEye/build/robot_launch' returned '0': AMENT_PREFIX_PATH=/home/winicon/redEye/install/robots_nav_contr:/home/winicon/redEye/install/robot_launch:/home/winicon/redEye/install/my_bot:/home/winicon/redEye/src/RobotControl_ws/install/robots_navigationController:/home/winicon/redEye/src/RobotControl_ws/install/robots_nav_contr:/opt/ros/humble CMAKE_PREFIX_PATH=${CMAKE_PREFIX_PATH}:/home/winicon/redEye/install/robots_nav_contr:/home/winicon/redEye/src/RobotControl_ws/install/robots_navigationController:/home/winicon/redEye/src/RobotControl_ws/install/robots_nav_contr:/opt/ros/humble /usr/bin/cmake --build /home/winicon/redEye/build/robot_launch -- -j4 -l4
[0.219s] Invoking command in '/home/winicon/redEye/build/robot_launch': AMENT_PREFIX_PATH=/home/winicon/redEye/install/robots_nav_contr:/home/winicon/redEye/install/robot_launch:/home/winicon/redEye/install/my_bot:/home/winicon/redEye/src/RobotControl_ws/install/robots_navigationController:/home/winicon/redEye/src/RobotControl_ws/install/robots_nav_contr:/opt/ros/humble CMAKE_PREFIX_PATH=${CMAKE_PREFIX_PATH}:/home/winicon/redEye/install/robots_nav_contr:/home/winicon/redEye/src/RobotControl_ws/install/robots_navigationController:/home/winicon/redEye/src/RobotControl_ws/install/robots_nav_contr:/opt/ros/humble /usr/bin/cmake --install /home/winicon/redEye/build/robot_launch
[0.251s] -- Install configuration: ""
[0.251s] -- Execute custom install script
[0.253s] -- Up-to-date symlink: /home/winicon/redEye/install/robot_launch/share/robot_launch/launch/robot.launch.py
[0.254s] -- Up-to-date symlink: /home/winicon/redEye/install/robot_launch/share/ament_index/resource_index/package_run_dependencies/robot_launch
[0.256s] -- Up-to-date symlink: /home/winicon/redEye/install/robot_launch/share/ament_index/resource_index/parent_prefix_path/robot_launch
[0.258s] -- Up-to-date symlink: /home/winicon/redEye/install/robot_launch/share/robot_launch/environment/ament_prefix_path.sh
[0.258s] -- Up-to-date symlink: /home/winicon/redEye/install/robot_launch/share/robot_launch/environment/ament_prefix_path.dsv
[0.260s] -- Up-to-date symlink: /home/winicon/redEye/install/robot_launch/share/robot_launch/environment/path.sh
[0.261s] -- Up-to-date symlink: /home/winicon/redEye/install/robot_launch/share/robot_launch/environment/path.dsv
[0.261s] -- Up-to-date symlink: /home/winicon/redEye/install/robot_launch/share/robot_launch/local_setup.bash
[0.262s] -- Up-to-date symlink: /home/winicon/redEye/install/robot_launch/share/robot_launch/local_setup.sh
[0.264s] -- Up-to-date symlink: /home/winicon/redEye/install/robot_launch/share/robot_launch/local_setup.zsh
[0.265s] -- Up-to-date symlink: /home/winicon/redEye/install/robot_launch/share/robot_launch/local_setup.dsv
[0.265s] -- Symlinking: /home/winicon/redEye/install/robot_launch/share/robot_launch/package.dsv
[0.300s] -- Up-to-date symlink: /home/winicon/redEye/install/robot_launch/share/ament_index/resource_index/packages/robot_launch
[0.301s] -- Up-to-date symlink: /home/winicon/redEye/install/robot_launch/share/robot_launch/cmake/robot_launchConfig.cmake
[0.302s] -- Up-to-date symlink: /home/winicon/redEye/install/robot_launch/share/robot_launch/cmake/robot_launchConfig-version.cmake
[0.303s] -- Up-to-date symlink: /home/winicon/redEye/install/robot_launch/share/robot_launch/package.xml
[0.312s] Invoked command in '/home/winicon/redEye/build/robot_launch' returned '0': AMENT_PREFIX_PATH=/home/winicon/redEye/install/robots_nav_contr:/home/winicon/redEye/install/robot_launch:/home/winicon/redEye/install/my_bot:/home/winicon/redEye/src/RobotControl_ws/install/robots_navigationController:/home/winicon/redEye/src/RobotControl_ws/install/robots_nav_contr:/opt/ros/humble CMAKE_PREFIX_PATH=${CMAKE_PREFIX_PATH}:/home/winicon/redEye/install/robots_nav_contr:/home/winicon/redEye/src/RobotControl_ws/install/robots_navigationController:/home/winicon/redEye/src/RobotControl_ws/install/robots_nav_contr:/opt/ros/humble /usr/bin/cmake --install /home/winicon/redEye/build/robot_launch
