running develop
Removing /home/winicon/redEye/install/robots_nav_contr/lib/python3.10/site-packages/robots-nav-contr.egg-link (link to .)
running egg_info
writing ../../../../build/robots_nav_contr/robots_nav_contr.egg-info/PKG-INFO
writing dependency_links to ../../../../build/robots_nav_contr/robots_nav_contr.egg-info/dependency_links.txt
writing entry points to ../../../../build/robots_nav_contr/robots_nav_contr.egg-info/entry_points.txt
writing requirements to ../../../../build/robots_nav_contr/robots_nav_contr.egg-info/requires.txt
writing top-level names to ../../../../build/robots_nav_contr/robots_nav_contr.egg-info/top_level.txt
reading manifest file '../../../../build/robots_nav_contr/robots_nav_contr.egg-info/SOURCES.txt'
writing manifest file '../../../../build/robots_nav_contr/robots_nav_contr.egg-info/SOURCES.txt'
running build
running build_py
creating /home/winicon/redEye/build/robots_nav_contr/build
creating /home/winicon/redEye/build/robots_nav_contr/build/lib
creating /home/winicon/redEye/build/robots_nav_contr/build/lib/robots_nav_contr
copying robots_nav_contr/arduinosensorsdata.py -> /home/winicon/redEye/build/robots_nav_contr/build/lib/robots_nav_contr
copying robots_nav_contr/redeye_nav_commands_receiver.py -> /home/winicon/redEye/build/robots_nav_contr/build/lib/robots_nav_contr
copying robots_nav_contr/nav_commands_receiver.py -> /home/winicon/redEye/build/robots_nav_contr/build/lib/robots_nav_contr
copying robots_nav_contr/move.py -> /home/winicon/redEye/build/robots_nav_contr/build/lib/robots_nav_contr
copying robots_nav_contr/raspberry_arduinoSerial.py -> /home/winicon/redEye/build/robots_nav_contr/build/lib/robots_nav_contr
copying robots_nav_contr/MainRoutine.py -> /home/winicon/redEye/build/robots_nav_contr/build/lib/robots_nav_contr
copying robots_nav_contr/keyPressModule.py -> /home/winicon/redEye/build/robots_nav_contr/build/lib/robots_nav_contr
copying robots_nav_contr/MainRoutine_bak.py -> /home/winicon/redEye/build/robots_nav_contr/build/lib/robots_nav_contr
copying robots_nav_contr/ultra_2.py -> /home/winicon/redEye/build/robots_nav_contr/build/lib/robots_nav_contr
copying robots_nav_contr/encoders.py -> /home/winicon/redEye/build/robots_nav_contr/build/lib/robots_nav_contr
copying robots_nav_contr/ObjectDetection.py -> /home/winicon/redEye/build/robots_nav_contr/build/lib/robots_nav_contr
copying robots_nav_contr/take_picture.py -> /home/winicon/redEye/build/robots_nav_contr/build/lib/robots_nav_contr
copying robots_nav_contr/blink.py -> /home/winicon/redEye/build/robots_nav_contr/build/lib/robots_nav_contr
copying robots_nav_contr/encoders copy.py -> /home/winicon/redEye/build/robots_nav_contr/build/lib/robots_nav_contr
copying robots_nav_contr/RobotMain.py -> /home/winicon/redEye/build/robots_nav_contr/build/lib/robots_nav_contr
copying robots_nav_contr/pinsValidation.py -> /home/winicon/redEye/build/robots_nav_contr/build/lib/robots_nav_contr
copying robots_nav_contr/gpiochecks.py -> /home/winicon/redEye/build/robots_nav_contr/build/lib/robots_nav_contr
copying robots_nav_contr/__init__.py -> /home/winicon/redEye/build/robots_nav_contr/build/lib/robots_nav_contr
copying robots_nav_contr/ultra.py -> /home/winicon/redEye/build/robots_nav_contr/build/lib/robots_nav_contr
copying robots_nav_contr/findline.py -> /home/winicon/redEye/build/robots_nav_contr/build/lib/robots_nav_contr
copying robots_nav_contr/robotsnavcontroller.py -> /home/winicon/redEye/build/robots_nav_contr/build/lib/robots_nav_contr
running install
running install_lib
creating /home/winicon/redEye/install/robots_nav_contr/lib/python3.10/site-packages/robots_nav_contr
copying /home/winicon/redEye/build/robots_nav_contr/build/lib/robots_nav_contr/arduinosensorsdata.py -> /home/winicon/redEye/install/robots_nav_contr/lib/python3.10/site-packages/robots_nav_contr
copying /home/winicon/redEye/build/robots_nav_contr/build/lib/robots_nav_contr/redeye_nav_commands_receiver.py -> /home/winicon/redEye/install/robots_nav_contr/lib/python3.10/site-packages/robots_nav_contr
copying /home/winicon/redEye/build/robots_nav_contr/build/lib/robots_nav_contr/nav_commands_receiver.py -> /home/winicon/redEye/install/robots_nav_contr/lib/python3.10/site-packages/robots_nav_contr
copying /home/winicon/redEye/build/robots_nav_contr/build/lib/robots_nav_contr/move.py -> /home/winicon/redEye/install/robots_nav_contr/lib/python3.10/site-packages/robots_nav_contr
copying /home/winicon/redEye/build/robots_nav_contr/build/lib/robots_nav_contr/raspberry_arduinoSerial.py -> /home/winicon/redEye/install/robots_nav_contr/lib/python3.10/site-packages/robots_nav_contr
copying /home/winicon/redEye/build/robots_nav_contr/build/lib/robots_nav_contr/MainRoutine.py -> /home/winicon/redEye/install/robots_nav_contr/lib/python3.10/site-packages/robots_nav_contr
copying /home/winicon/redEye/build/robots_nav_contr/build/lib/robots_nav_contr/keyPressModule.py -> /home/winicon/redEye/install/robots_nav_contr/lib/python3.10/site-packages/robots_nav_contr
copying /home/winicon/redEye/build/robots_nav_contr/build/lib/robots_nav_contr/MainRoutine_bak.py -> /home/winicon/redEye/install/robots_nav_contr/lib/python3.10/site-packages/robots_nav_contr
copying /home/winicon/redEye/build/robots_nav_contr/build/lib/robots_nav_contr/ultra_2.py -> /home/winicon/redEye/install/robots_nav_contr/lib/python3.10/site-packages/robots_nav_contr
copying /home/winicon/redEye/build/robots_nav_contr/build/lib/robots_nav_contr/encoders.py -> /home/winicon/redEye/install/robots_nav_contr/lib/python3.10/site-packages/robots_nav_contr
copying /home/winicon/redEye/build/robots_nav_contr/build/lib/robots_nav_contr/ObjectDetection.py -> /home/winicon/redEye/install/robots_nav_contr/lib/python3.10/site-packages/robots_nav_contr
copying /home/winicon/redEye/build/robots_nav_contr/build/lib/robots_nav_contr/take_picture.py -> /home/winicon/redEye/install/robots_nav_contr/lib/python3.10/site-packages/robots_nav_contr
copying /home/winicon/redEye/build/robots_nav_contr/build/lib/robots_nav_contr/blink.py -> /home/winicon/redEye/install/robots_nav_contr/lib/python3.10/site-packages/robots_nav_contr
copying /home/winicon/redEye/build/robots_nav_contr/build/lib/robots_nav_contr/encoders copy.py -> /home/winicon/redEye/install/robots_nav_contr/lib/python3.10/site-packages/robots_nav_contr
copying /home/winicon/redEye/build/robots_nav_contr/build/lib/robots_nav_contr/RobotMain.py -> /home/winicon/redEye/install/robots_nav_contr/lib/python3.10/site-packages/robots_nav_contr
copying /home/winicon/redEye/build/robots_nav_contr/build/lib/robots_nav_contr/pinsValidation.py -> /home/winicon/redEye/install/robots_nav_contr/lib/python3.10/site-packages/robots_nav_contr
copying /home/winicon/redEye/build/robots_nav_contr/build/lib/robots_nav_contr/gpiochecks.py -> /home/winicon/redEye/install/robots_nav_contr/lib/python3.10/site-packages/robots_nav_contr
copying /home/winicon/redEye/build/robots_nav_contr/build/lib/robots_nav_contr/__init__.py -> /home/winicon/redEye/install/robots_nav_contr/lib/python3.10/site-packages/robots_nav_contr
copying /home/winicon/redEye/build/robots_nav_contr/build/lib/robots_nav_contr/ultra.py -> /home/winicon/redEye/install/robots_nav_contr/lib/python3.10/site-packages/robots_nav_contr
copying /home/winicon/redEye/build/robots_nav_contr/build/lib/robots_nav_contr/findline.py -> /home/winicon/redEye/install/robots_nav_contr/lib/python3.10/site-packages/robots_nav_contr
copying /home/winicon/redEye/build/robots_nav_contr/build/lib/robots_nav_contr/robotsnavcontroller.py -> /home/winicon/redEye/install/robots_nav_contr/lib/python3.10/site-packages/robots_nav_contr
byte-compiling /home/winicon/redEye/install/robots_nav_contr/lib/python3.10/site-packages/robots_nav_contr/arduinosensorsdata.py to arduinosensorsdata.cpython-310.pyc
byte-compiling /home/winicon/redEye/install/robots_nav_contr/lib/python3.10/site-packages/robots_nav_contr/redeye_nav_commands_receiver.py to redeye_nav_commands_receiver.cpython-310.pyc
byte-compiling /home/winicon/redEye/install/robots_nav_contr/lib/python3.10/site-packages/robots_nav_contr/nav_commands_receiver.py to nav_commands_receiver.cpython-310.pyc
byte-compiling /home/winicon/redEye/install/robots_nav_contr/lib/python3.10/site-packages/robots_nav_contr/move.py to move.cpython-310.pyc
byte-compiling /home/winicon/redEye/install/robots_nav_contr/lib/python3.10/site-packages/robots_nav_contr/raspberry_arduinoSerial.py to raspberry_arduinoSerial.cpython-310.pyc
byte-compiling /home/winicon/redEye/install/robots_nav_contr/lib/python3.10/site-packages/robots_nav_contr/MainRoutine.py to MainRoutine.cpython-310.pyc
byte-compiling /home/winicon/redEye/install/robots_nav_contr/lib/python3.10/site-packages/robots_nav_contr/keyPressModule.py to keyPressModule.cpython-310.pyc
byte-compiling /home/winicon/redEye/install/robots_nav_contr/lib/python3.10/site-packages/robots_nav_contr/MainRoutine_bak.py to MainRoutine_bak.cpython-310.pyc
byte-compiling /home/winicon/redEye/install/robots_nav_contr/lib/python3.10/site-packages/robots_nav_contr/ultra_2.py to ultra_2.cpython-310.pyc
byte-compiling /home/winicon/redEye/install/robots_nav_contr/lib/python3.10/site-packages/robots_nav_contr/encoders.py to encoders.cpython-310.pyc
byte-compiling /home/winicon/redEye/install/robots_nav_contr/lib/python3.10/site-packages/robots_nav_contr/ObjectDetection.py to ObjectDetection.cpython-310.pyc
byte-compiling /home/winicon/redEye/install/robots_nav_contr/lib/python3.10/site-packages/robots_nav_contr/take_picture.py to take_picture.cpython-310.pyc
byte-compiling /home/winicon/redEye/install/robots_nav_contr/lib/python3.10/site-packages/robots_nav_contr/blink.py to blink.cpython-310.pyc
byte-compiling /home/winicon/redEye/install/robots_nav_contr/lib/python3.10/site-packages/robots_nav_contr/encoders copy.py to encoders copy.cpython-310.pyc
byte-compiling /home/winicon/redEye/install/robots_nav_contr/lib/python3.10/site-packages/robots_nav_contr/RobotMain.py to RobotMain.cpython-310.pyc
byte-compiling /home/winicon/redEye/install/robots_nav_contr/lib/python3.10/site-packages/robots_nav_contr/pinsValidation.py to pinsValidation.cpython-310.pyc
byte-compiling /home/winicon/redEye/install/robots_nav_contr/lib/python3.10/site-packages/robots_nav_contr/gpiochecks.py to gpiochecks.cpython-310.pyc
byte-compiling /home/winicon/redEye/install/robots_nav_contr/lib/python3.10/site-packages/robots_nav_contr/__init__.py to __init__.cpython-310.pyc
byte-compiling /home/winicon/redEye/install/robots_nav_contr/lib/python3.10/site-packages/robots_nav_contr/ultra.py to ultra.cpython-310.pyc
byte-compiling /home/winicon/redEye/install/robots_nav_contr/lib/python3.10/site-packages/robots_nav_contr/findline.py to findline.cpython-310.pyc
byte-compiling /home/winicon/redEye/install/robots_nav_contr/lib/python3.10/site-packages/robots_nav_contr/robotsnavcontroller.py to robotsnavcontroller.cpython-310.pyc
running install_data
copying resource/robots_nav_contr -> /home/winicon/redEye/install/robots_nav_contr/share/ament_index/resource_index/packages
copying package.xml -> /home/winicon/redEye/install/robots_nav_contr/share/robots_nav_contr
running install_egg_info
Copying ../../../../build/robots_nav_contr/robots_nav_contr.egg-info to /home/winicon/redEye/install/robots_nav_contr/lib/python3.10/site-packages/robots_nav_contr-0.0.0-py3.10.egg-info
running install_scripts
Installing redeye_commands script to /home/winicon/redEye/install/robots_nav_contr/lib/robots_nav_contr
Installing robot_command_receiver script to /home/winicon/redEye/install/robots_nav_contr/lib/robots_nav_contr
Installing robots_nav_controller script to /home/winicon/redEye/install/robots_nav_contr/lib/robots_nav_contr
Installing robots_serial_commands script to /home/winicon/redEye/install/robots_nav_contr/lib/robots_nav_contr
writing list of installed files to '/home/winicon/redEye/build/robots_nav_contr/install.log'
